V3 11
FL C:/Users/TOSHIBA/Documents/TT_Xilinx/TTTKVMS_CHIEU_T5_NHOM_2/BAI_303_GIAIMA2_24H_2E_IF_CASE/GIAIMA2_24H_2E_IF_CASE.vhd 2019/09/01.12:02:10 P.20131013
EN work/GIAIMA2_24H_2E_IF_CASE 1567662807 \
      FL C:/Users/TOSHIBA/Documents/TT_Xilinx/TTTKVMS_CHIEU_T5_NHOM_2/BAI_303_GIAIMA2_24H_2E_IF_CASE/GIAIMA2_24H_2E_IF_CASE.vhd \
      PB ieee/std_logic_1164 1381692176 PB ieee/std_logic_arith 1381692177 \
      PB ieee/STD_LOGIC_UNSIGNED 1381692179
AR work/GIAIMA2_24H_2E_IF_CASE/Behavioral 1567662808 \
      FL C:/Users/TOSHIBA/Documents/TT_Xilinx/TTTKVMS_CHIEU_T5_NHOM_2/BAI_303_GIAIMA2_24H_2E_IF_CASE/GIAIMA2_24H_2E_IF_CASE.vhd \
      EN work/GIAIMA2_24H_2E_IF_CASE 1567662807 CP work/GIAIMA_24HE_IF \
      CP work/GIAIMA_24HE_CASE
FL C:/Users/TOSHIBA/Documents/TT_Xilinx/TTTKVMS_CHIEU_T5_NHOM_2/BAI_303_GIAIMA2_24H_2E_IF_CASE/GIAIMA_24HE_CASE.vhd 2019/09/01.12:00:20 P.20131013
EN work/GIAIMA_24HE_CASE 1567662805 \
      FL C:/Users/TOSHIBA/Documents/TT_Xilinx/TTTKVMS_CHIEU_T5_NHOM_2/BAI_303_GIAIMA2_24H_2E_IF_CASE/GIAIMA_24HE_CASE.vhd \
      PB ieee/std_logic_1164 1381692176
AR work/GIAIMA_24HE_CASE/Behavioral 1567662806 \
      FL C:/Users/TOSHIBA/Documents/TT_Xilinx/TTTKVMS_CHIEU_T5_NHOM_2/BAI_303_GIAIMA2_24H_2E_IF_CASE/GIAIMA_24HE_CASE.vhd \
      EN work/GIAIMA_24HE_CASE 1567662805
FL C:/Users/TOSHIBA/Documents/TT_Xilinx/TTTKVMS_CHIEU_T5_NHOM_2/BAI_303_GIAIMA2_24H_2E_IF_CASE/GIAIMA_24HE_IF.vhd 2019/09/01.11:58:18 P.20131013
EN work/GIAIMA_24HE_IF 1567662803 \
      FL C:/Users/TOSHIBA/Documents/TT_Xilinx/TTTKVMS_CHIEU_T5_NHOM_2/BAI_303_GIAIMA2_24H_2E_IF_CASE/GIAIMA_24HE_IF.vhd \
      PB ieee/std_logic_1164 1381692176
AR work/GIAIMA_24HE_IF/Behavioral 1567662804 \
      FL C:/Users/TOSHIBA/Documents/TT_Xilinx/TTTKVMS_CHIEU_T5_NHOM_2/BAI_303_GIAIMA2_24H_2E_IF_CASE/GIAIMA_24HE_IF.vhd \
      EN work/GIAIMA_24HE_IF 1567662803
