AR lcd_20x4_gan_dulieu_6so behavioral D:/TT_VHDL_ST2/BAI_DHT11_HIENTHI_LCD/LCD_20X4_GAN_DULIEU_6SO.vhd sub00/vhpl01 1574640593
EN hextobcd_8bit NULL D:/TT_VHDL_ST2/BAI_DHT11_HIENTHI_LCD/HEXTOBCD_8BIT.vhd sub00/vhpl04 1574640590
AR dht11_hienthi_lcd behavioral D:/TT_VHDL_ST2/BAI_DHT11_HIENTHI_LCD/DHT11_HIENTHI_LCD.vhd sub00/vhpl09 1574640597
EN lcd_20x4_gan_dulieu_6so NULL D:/TT_VHDL_ST2/BAI_DHT11_HIENTHI_LCD/LCD_20X4_GAN_DULIEU_6SO.vhd sub00/vhpl00 1574640592
AR hextobcd_8bit behavioral D:/TT_VHDL_ST2/BAI_DHT11_HIENTHI_LCD/HEXTOBCD_8BIT.vhd sub00/vhpl05 1574640591
EN dht11_hu_temp NULL D:/TT_VHDL_ST2/BAI_DHT11_HIENTHI_LCD/DHT11_HU_TEMP.vhd sub00/vhpl02 1574640588
EN dht11_hienthi_lcd NULL D:/TT_VHDL_ST2/BAI_DHT11_HIENTHI_LCD/DHT11_HIENTHI_LCD.vhd sub00/vhpl08 1574640596
AR lcd_20x4_khoitao_hienthi behavioral D:/TT_VHDL_ST2/BAI_DHT11_HIENTHI_LCD/LCD_20X4_KHOITAO_HIENTHI.vhd sub00/vhpl07 1574640595
AR dht11_hu_temp behavioral D:/TT_VHDL_ST2/BAI_DHT11_HIENTHI_LCD/DHT11_HU_TEMP.vhd sub00/vhpl03 1574640589
EN lcd_20x4_khoitao_hienthi NULL D:/TT_VHDL_ST2/BAI_DHT11_HIENTHI_LCD/LCD_20X4_KHOITAO_HIENTHI.vhd sub00/vhpl06 1574640594
