V3 7
FL C:/Users/Admin/Documents/TT-HDL-N7-S2/BAI_411_CHIA_1XUNG_ENA1HZ/CHIA_1XUNG_ENA1HZ.vhd 2020/05/21.21:50:48 P.20131013
EN work/CHIA_1XUNG_ENA1HZ 1590072817 \
      FL C:/Users/Admin/Documents/TT-HDL-N7-S2/BAI_411_CHIA_1XUNG_ENA1HZ/CHIA_1XUNG_ENA1HZ.vhd \
      PB ieee/std_logic_1164 1381692176
AR work/CHIA_1XUNG_ENA1HZ/Behavioral 1590072818 \
      FL C:/Users/Admin/Documents/TT-HDL-N7-S2/BAI_411_CHIA_1XUNG_ENA1HZ/CHIA_1XUNG_ENA1HZ.vhd \
      EN work/CHIA_1XUNG_ENA1HZ 1590072817 CP work/CHIA_ENA1HZ
FL C:/Users/Admin/Documents/TT-HDL-N7-S2/BAI_411_CHIA_1XUNG_ENA1HZ/CHIA_ENA1HZ.vhd 2020/05/21.21:53:26 P.20131013
EN work/CHIA_ENA1HZ 1590072815 \
      FL C:/Users/Admin/Documents/TT-HDL-N7-S2/BAI_411_CHIA_1XUNG_ENA1HZ/CHIA_ENA1HZ.vhd \
      PB ieee/std_logic_1164 1381692176 PB ieee/std_logic_arith 1381692177
AR work/CHIA_ENA1HZ/Behavioral 1590072816 \
      FL C:/Users/Admin/Documents/TT-HDL-N7-S2/BAI_411_CHIA_1XUNG_ENA1HZ/CHIA_ENA1HZ.vhd \
      EN work/CHIA_ENA1HZ 1590072815
