--------------------------------------------------------------------------------
Release 14.7 Trace  (nt64)
Copyright (c) 1995-2013 Xilinx, Inc.  All rights reserved.

C:\Xilinx\14.7\ISE_DS\ISE\bin\nt64\unwrapped\trce.exe -intstyle ise -v 3 -s 3
-n 3 -fastpaths -xml DE_SO3.twx DE_SO3.ncd -o DE_SO3.twr DE_SO3.pcf

Design file:              DE_SO3.ncd
Physical constraint file: DE_SO3.pcf
Device,package,speed:     xc6slx9,tqg144,C,-3 (PRODUCTION 1.23 2013-10-13)
Report level:             verbose report

Environment Variable      Effect 
--------------------      ------ 
NONE                      No environment variables were set
--------------------------------------------------------------------------------

INFO:Timing:2698 - No timing constraints found, doing default enumeration.
INFO:Timing:3412 - To improve timing, see the Timing Closure User Guide (UG612).
INFO:Timing:2752 - To get complete path coverage, use the unconstrained paths 
   option. All paths that are not constrained will be reported in the 
   unconstrained paths section(s) of the report.
INFO:Timing:3339 - The clock-to-out numbers in this timing report are based on 
   a 50 Ohm transmission line loading model.  For the details of this model, 
   and for more information on accounting for different loading conditions, 
   please see the device datasheet.



Data Sheet report:
-----------------
All values displayed in nanoseconds (ns)

Setup/Hold to clock CKHT
------------+------------+------------+------------+------------+------------------+--------+
            |Max Setup to|  Process   |Max Hold to |  Process   |                  | Clock  |
Source      | clk (edge) |   Corner   | clk (edge) |   Corner   |Internal Clock(s) | Phase  |
------------+------------+------------+------------+------------+------------------+--------+
BTN<0>      |    3.620(F)|      SLOW  |   -0.503(F)|      FAST  |CKHT_BUFGP        |   0.000|
BTN<1>      |    1.745(F)|      SLOW  |    0.084(F)|      SLOW  |CKHT_BUFGP        |   0.000|
BTN<2>      |    3.147(F)|      SLOW  |   -0.185(F)|      SLOW  |CKHT_BUFGP        |   0.000|
------------+------------+------------+------------+------------+------------------+--------+

Clock CKHT to Pad
------------+-----------------+------------+-----------------+------------+------------------+--------+
            |Max (slowest) clk|  Process   |Min (fastest) clk|  Process   |                  | Clock  |
Destination |  (edge) to PAD  |   Corner   |  (edge) to PAD  |   Corner   |Internal Clock(s) | Phase  |
------------+-----------------+------------+-----------------+------------+------------------+--------+
ANODE<0>    |         8.986(F)|      SLOW  |         4.486(F)|      FAST  |CKHT_BUFGP        |   0.000|
ANODE<1>    |         9.186(F)|      SLOW  |         4.631(F)|      FAST  |CKHT_BUFGP        |   0.000|
ANODE<2>    |         9.191(F)|      SLOW  |         4.716(F)|      FAST  |CKHT_BUFGP        |   0.000|
ANODE<3>    |         9.305(F)|      SLOW  |         4.801(F)|      FAST  |CKHT_BUFGP        |   0.000|
ANODE<4>    |         9.926(F)|      SLOW  |         5.083(F)|      FAST  |CKHT_BUFGP        |   0.000|
ANODE<5>    |         9.973(F)|      SLOW  |         5.099(F)|      FAST  |CKHT_BUFGP        |   0.000|
ANODE<6>    |         9.330(F)|      SLOW  |         4.910(F)|      FAST  |CKHT_BUFGP        |   0.000|
ANODE<7>    |         9.551(F)|      SLOW  |         5.088(F)|      FAST  |CKHT_BUFGP        |   0.000|
LED<0>      |        10.960(F)|      SLOW  |         4.138(F)|      FAST  |CKHT_BUFGP        |   0.000|
LED<1>      |        10.386(F)|      SLOW  |         4.072(F)|      FAST  |CKHT_BUFGP        |   0.000|
LED<2>      |        10.480(F)|      SLOW  |         3.974(F)|      FAST  |CKHT_BUFGP        |   0.000|
LED<3>      |        11.157(F)|      SLOW  |         4.254(F)|      FAST  |CKHT_BUFGP        |   0.000|
LED<4>      |        10.796(F)|      SLOW  |         4.075(F)|      FAST  |CKHT_BUFGP        |   0.000|
LED<5>      |        10.860(F)|      SLOW  |         3.980(F)|      FAST  |CKHT_BUFGP        |   0.000|
SSEG<0>     |        11.583(F)|      SLOW  |         4.773(F)|      FAST  |CKHT_BUFGP        |   0.000|
SSEG<1>     |        11.723(F)|      SLOW  |         4.770(F)|      FAST  |CKHT_BUFGP        |   0.000|
SSEG<2>     |        11.736(F)|      SLOW  |         4.833(F)|      FAST  |CKHT_BUFGP        |   0.000|
SSEG<3>     |        11.311(F)|      SLOW  |         4.775(F)|      FAST  |CKHT_BUFGP        |   0.000|
SSEG<4>     |        11.444(F)|      SLOW  |         4.544(F)|      FAST  |CKHT_BUFGP        |   0.000|
SSEG<5>     |        11.859(F)|      SLOW  |         4.925(F)|      FAST  |CKHT_BUFGP        |   0.000|
SSEG<6>     |        11.616(F)|      SLOW  |         4.938(F)|      FAST  |CKHT_BUFGP        |   0.000|
------------+-----------------+------------+-----------------+------------+------------------+--------+

Clock to Setup on destination clock CKHT
---------------+---------+---------+---------+---------+
               | Src:Rise| Src:Fall| Src:Rise| Src:Fall|
Source Clock   |Dest:Rise|Dest:Rise|Dest:Fall|Dest:Fall|
---------------+---------+---------+---------+---------+
CKHT           |         |         |         |    4.320|
---------------+---------+---------+---------+---------+


Analysis completed Sat Jul 11 17:36:34 2020 
--------------------------------------------------------------------------------

Trace Settings:
-------------------------
Trace Settings 

Peak Memory Usage: 4571 MB



