V3 23
FL C:/Users/Admin/Documents/TT-HDL-N7-S2/BAI_436_DEM_2BIT_CACH_3/CD_LAM_HEP_BTN.vhd 2020/06/05.23:02:13 P.20131013
EN work/CD_LAM_HEP_BTN 1591575539 \
      FL C:/Users/Admin/Documents/TT-HDL-N7-S2/BAI_436_DEM_2BIT_CACH_3/CD_LAM_HEP_BTN.vhd \
      PB ieee/std_logic_1164 1381692176
AR work/CD_LAM_HEP_BTN/Behavioral 1591575540 \
      FL C:/Users/Admin/Documents/TT-HDL-N7-S2/BAI_436_DEM_2BIT_CACH_3/CD_LAM_HEP_BTN.vhd \
      EN work/CD_LAM_HEP_BTN 1591575539 CP work/DEBOUNCE_BTN CP work/LAM_HEP_XUNG
FL C:/Users/Admin/Documents/TT-HDL-N7-S2/BAI_436_DEM_2BIT_CACH_3/DEBOUNCE_BTN.vhd 2020/06/05.23:07:28 P.20131013
EN work/DEBOUNCE_BTN 1591575535 \
      FL C:/Users/Admin/Documents/TT-HDL-N7-S2/BAI_436_DEM_2BIT_CACH_3/DEBOUNCE_BTN.vhd \
      PB ieee/std_logic_1164 1381692176 PB ieee/std_logic_arith 1381692177 \
      PB ieee/STD_LOGIC_UNSIGNED 1381692179
AR work/DEBOUNCE_BTN/Behavioral 1591575536 \
      FL C:/Users/Admin/Documents/TT-HDL-N7-S2/BAI_436_DEM_2BIT_CACH_3/DEBOUNCE_BTN.vhd \
      EN work/DEBOUNCE_BTN 1591575535
FL C:/Users/Admin/Documents/TT-HDL-N7-S2/BAI_436_DEM_2BIT_CACH_3/DEM_2BIT.vhd 2020/06/05.23:10:35 P.20131013
EN work/DEM_2BIT 1591575541 \
      FL C:/Users/Admin/Documents/TT-HDL-N7-S2/BAI_436_DEM_2BIT_CACH_3/DEM_2BIT.vhd \
      PB ieee/std_logic_1164 1381692176 PB ieee/std_logic_arith 1381692177 \
      PB ieee/STD_LOGIC_UNSIGNED 1381692179
AR work/DEM_2BIT/Behavioral 1591575542 \
      FL C:/Users/Admin/Documents/TT-HDL-N7-S2/BAI_436_DEM_2BIT_CACH_3/DEM_2BIT.vhd \
      EN work/DEM_2BIT 1591575541
FL C:/Users/Admin/Documents/TT-HDL-N7-S2/BAI_436_DEM_2BIT_CACH_3/DEM_2BIT_BTN.vhd 2020/06/05.23:01:07 P.20131013
EN work/DEM_2BIT_BTN 1591575543 \
      FL C:/Users/Admin/Documents/TT-HDL-N7-S2/BAI_436_DEM_2BIT_CACH_3/DEM_2BIT_BTN.vhd \
      PB ieee/std_logic_1164 1381692176
AR work/DEM_2BIT_BTN/Behavioral 1591575544 \
      FL C:/Users/Admin/Documents/TT-HDL-N7-S2/BAI_436_DEM_2BIT_CACH_3/DEM_2BIT_BTN.vhd \
      EN work/DEM_2BIT_BTN 1591575543 CP work/CD_LAM_HEP_BTN CP work/DEM_2BIT
FL C:/Users/Admin/Documents/TT-HDL-N7-S2/BAI_436_DEM_2BIT_CACH_3/DEM_2BIT_BTN_CACH_3.vhd 2020/06/05.22:58:54 P.20131013
EN work/DEM_2BIT_BTN_CACH_3 1591575545 \
      FL C:/Users/Admin/Documents/TT-HDL-N7-S2/BAI_436_DEM_2BIT_CACH_3/DEM_2BIT_BTN_CACH_3.vhd \
      PB ieee/std_logic_1164 1381692176
AR work/DEM_2BIT_BTN_CACH_3/Behavioral 1591575546 \
      FL C:/Users/Admin/Documents/TT-HDL-N7-S2/BAI_436_DEM_2BIT_CACH_3/DEM_2BIT_BTN_CACH_3.vhd \
      EN work/DEM_2BIT_BTN_CACH_3 1591575545 CP work/DEM_2BIT_BTN
FL C:/Users/Admin/Documents/TT-HDL-N7-S2/BAI_436_DEM_2BIT_CACH_3/LAM_HEP_XUNG.vhd 2020/06/05.23:07:28 P.20131013
EN work/LAM_HEP_XUNG 1591575537 \
      FL C:/Users/Admin/Documents/TT-HDL-N7-S2/BAI_436_DEM_2BIT_CACH_3/LAM_HEP_XUNG.vhd \
      PB ieee/std_logic_1164 1381692176
AR work/LAM_HEP_XUNG/Behavioral 1591575538 \
      FL C:/Users/Admin/Documents/TT-HDL-N7-S2/BAI_436_DEM_2BIT_CACH_3/LAM_HEP_XUNG.vhd \
      EN work/LAM_HEP_XUNG 1591575537
