--------------------------------------------------------------------------------
Release 14.7 Trace  (nt64)
Copyright (c) 1995-2013 Xilinx, Inc.  All rights reserved.

C:\Xilinx\14.7\ISE_DS\ISE\bin\nt64\unwrapped\trce.exe -intstyle ise -v 3 -s 3
-n 3 -fastpaths -xml DE_SO4.twx DE_SO4.ncd -o DE_SO4.twr DE_SO4.pcf

Design file:              DE_SO4.ncd
Physical constraint file: DE_SO4.pcf
Device,package,speed:     xc6slx9,tqg144,C,-3 (PRODUCTION 1.23 2013-10-13)
Report level:             verbose report

Environment Variable      Effect 
--------------------      ------ 
NONE                      No environment variables were set
--------------------------------------------------------------------------------

INFO:Timing:2698 - No timing constraints found, doing default enumeration.
INFO:Timing:3412 - To improve timing, see the Timing Closure User Guide (UG612).
INFO:Timing:2752 - To get complete path coverage, use the unconstrained paths 
   option. All paths that are not constrained will be reported in the 
   unconstrained paths section(s) of the report.
INFO:Timing:3339 - The clock-to-out numbers in this timing report are based on 
   a 50 Ohm transmission line loading model.  For the details of this model, 
   and for more information on accounting for different loading conditions, 
   please see the device datasheet.



Data Sheet report:
-----------------
All values displayed in nanoseconds (ns)

Setup/Hold to clock CKHT
------------+------------+------------+------------+------------+------------------+--------+
            |Max Setup to|  Process   |Max Hold to |  Process   |                  | Clock  |
Source      | clk (edge) |   Corner   | clk (edge) |   Corner   |Internal Clock(s) | Phase  |
------------+------------+------------+------------+------------+------------------+--------+
BTN<0>      |    5.017(F)|      SLOW  |   -0.979(F)|      FAST  |CKHT_BUFGP        |   0.000|
BTN<1>      |    2.692(F)|      SLOW  |   -0.068(F)|      SLOW  |CKHT_BUFGP        |   0.000|
BTN<2>      |    3.292(F)|      SLOW  |   -0.310(F)|      SLOW  |CKHT_BUFGP        |   0.000|
BTN<3>      |    2.583(F)|      SLOW  |   -0.285(F)|      SLOW  |CKHT_BUFGP        |   0.000|
BTN<4>      |    2.704(F)|      SLOW  |   -0.493(F)|      SLOW  |CKHT_BUFGP        |   0.000|
SW<0>       |    4.399(F)|      SLOW  |   -0.644(F)|      SLOW  |CKHT_BUFGP        |   0.000|
SW<1>       |    4.518(F)|      SLOW  |   -0.670(F)|      FAST  |CKHT_BUFGP        |   0.000|
------------+------------+------------+------------+------------+------------------+--------+

Clock CKHT to Pad
------------+-----------------+------------+-----------------+------------+------------------+--------+
            |Max (slowest) clk|  Process   |Min (fastest) clk|  Process   |                  | Clock  |
Destination |  (edge) to PAD  |   Corner   |  (edge) to PAD  |   Corner   |Internal Clock(s) | Phase  |
------------+-----------------+------------+-----------------+------------+------------------+--------+
ANODE<0>    |         8.363(F)|      SLOW  |         4.241(F)|      FAST  |CKHT_BUFGP        |   0.000|
ANODE<1>    |         8.454(F)|      SLOW  |         4.300(F)|      FAST  |CKHT_BUFGP        |   0.000|
ANODE<2>    |         8.543(F)|      SLOW  |         4.412(F)|      FAST  |CKHT_BUFGP        |   0.000|
ANODE<3>    |         8.414(F)|      SLOW  |         4.307(F)|      FAST  |CKHT_BUFGP        |   0.000|
ANODE<4>    |         9.650(F)|      SLOW  |         4.607(F)|      FAST  |CKHT_BUFGP        |   0.000|
ANODE<5>    |         9.728(F)|      SLOW  |         4.672(F)|      FAST  |CKHT_BUFGP        |   0.000|
ANODE<6>    |         9.472(F)|      SLOW  |         4.541(F)|      FAST  |CKHT_BUFGP        |   0.000|
ANODE<7>    |         9.569(F)|      SLOW  |         4.650(F)|      FAST  |CKHT_BUFGP        |   0.000|
LED<0>      |         8.144(F)|      SLOW  |         4.117(F)|      FAST  |CKHT_BUFGP        |   0.000|
LED<1>      |         8.125(F)|      SLOW  |         4.139(F)|      FAST  |CKHT_BUFGP        |   0.000|
LED<2>      |         8.335(F)|      SLOW  |         4.067(F)|      FAST  |CKHT_BUFGP        |   0.000|
LED<3>      |         9.911(F)|      SLOW  |         5.014(F)|      FAST  |CKHT_BUFGP        |   0.000|
LED<4>      |         8.938(F)|      SLOW  |         4.670(F)|      FAST  |CKHT_BUFGP        |   0.000|
LED<5>      |         8.715(F)|      SLOW  |         4.367(F)|      FAST  |CKHT_BUFGP        |   0.000|
LED<6>      |         8.855(F)|      SLOW  |         4.431(F)|      FAST  |CKHT_BUFGP        |   0.000|
LED<7>      |         8.850(F)|      SLOW  |         4.252(F)|      FAST  |CKHT_BUFGP        |   0.000|
SSEG<0>     |        12.182(F)|      SLOW  |         4.899(F)|      FAST  |CKHT_BUFGP        |   0.000|
SSEG<1>     |        12.063(F)|      SLOW  |         4.727(F)|      FAST  |CKHT_BUFGP        |   0.000|
SSEG<2>     |        11.878(F)|      SLOW  |         4.388(F)|      FAST  |CKHT_BUFGP        |   0.000|
SSEG<3>     |        11.623(F)|      SLOW  |         4.389(F)|      FAST  |CKHT_BUFGP        |   0.000|
SSEG<4>     |        11.842(F)|      SLOW  |         4.331(F)|      FAST  |CKHT_BUFGP        |   0.000|
SSEG<5>     |        11.873(F)|      SLOW  |         4.424(F)|      FAST  |CKHT_BUFGP        |   0.000|
SSEG<6>     |        12.359(F)|      SLOW  |         4.731(F)|      FAST  |CKHT_BUFGP        |   0.000|
------------+-----------------+------------+-----------------+------------+------------------+--------+

Clock to Setup on destination clock CKHT
---------------+---------+---------+---------+---------+
               | Src:Rise| Src:Fall| Src:Rise| Src:Fall|
Source Clock   |Dest:Rise|Dest:Rise|Dest:Fall|Dest:Fall|
---------------+---------+---------+---------+---------+
CKHT           |         |         |         |    3.921|
---------------+---------+---------+---------+---------+

Pad to Pad
---------------+---------------+---------+
Source Pad     |Destination Pad|  Delay  |
---------------+---------------+---------+
SW<0>          |SSEG<0>        |   11.772|
SW<0>          |SSEG<1>        |   11.602|
SW<0>          |SSEG<2>        |   11.417|
SW<0>          |SSEG<3>        |   11.162|
SW<0>          |SSEG<4>        |   11.432|
SW<0>          |SSEG<5>        |   11.412|
SW<0>          |SSEG<6>        |   11.898|
SW<1>          |SSEG<0>        |   11.808|
SW<1>          |SSEG<1>        |   11.337|
SW<1>          |SSEG<2>        |   11.294|
SW<1>          |SSEG<3>        |   11.076|
SW<1>          |SSEG<4>        |   11.468|
SW<1>          |SSEG<5>        |   11.268|
SW<1>          |SSEG<6>        |   11.759|
---------------+---------------+---------+


Analysis completed Sun Jul 12 15:49:20 2020 
--------------------------------------------------------------------------------

Trace Settings:
-------------------------
Trace Settings 

Peak Memory Usage: 4571 MB



