AR dem_2so_ud_au behavioral C:/Users/TOSHIBA/Documents/TT_Xilinx/TTTKVMS_CHIEU_T5_NHOM_2/BAI_518_DEM_UD_AU_00_99_HT_7DOAN/DEM_2SO_UD_AU.vhd sub00/vhpl11 1571901408
AR chia_10ena behavioral C:/Users/TOSHIBA/Documents/TT_Xilinx/TTTKVMS_CHIEU_T5_NHOM_2/BAI_518_DEM_UD_AU_00_99_HT_7DOAN/CHIA_10ENA.vhd sub00/vhpl09 1571901406
EN dem_2so_ud_au NULL C:/Users/TOSHIBA/Documents/TT_Xilinx/TTTKVMS_CHIEU_T5_NHOM_2/BAI_518_DEM_UD_AU_00_99_HT_7DOAN/DEM_2SO_UD_AU.vhd sub00/vhpl10 1571901407
EN quet_anode_8led_7doan NULL C:/Users/TOSHIBA/Documents/TT_Xilinx/TTTKVMS_CHIEU_T5_NHOM_2/BAI_518_DEM_UD_AU_00_99_HT_7DOAN/QUET_ANODE_8LED_7DOAN.vhd sub00/vhpl02 1571901399
EN giaima_hienthi_8led_7doan NULL C:/Users/TOSHIBA/Documents/TT_Xilinx/TTTKVMS_CHIEU_T5_NHOM_2/BAI_518_DEM_UD_AU_00_99_HT_7DOAN/GIAIMA_HIENTHI_8LED_7DOAN.vhd sub00/vhpl12 1571901409
AR giaima_7doan_ena behavioral C:/Users/TOSHIBA/Documents/TT_Xilinx/TTTKVMS_CHIEU_T5_NHOM_2/BAI_518_DEM_UD_AU_00_99_HT_7DOAN/GIAIMA_7DOAN_ENA.vhd sub00/vhpl07 1571901404
EN dem_3bit_chon_8kenh NULL C:/Users/TOSHIBA/Documents/TT_Xilinx/TTTKVMS_CHIEU_T5_NHOM_2/BAI_518_DEM_UD_AU_00_99_HT_7DOAN/DEM_3BIT_CHON_8KENH.vhd sub00/vhpl00 1571901397
EN dem_ud_au_00_99_ht_7doan NULL C:/Users/TOSHIBA/Documents/TT_Xilinx/TTTKVMS_CHIEU_T5_NHOM_2/BAI_518_DEM_UD_AU_00_99_HT_7DOAN/DEM_UD_AU_00_99_HT_7DOAN.vhd sub00/vhpl14 1571901411
AR dem_ud_au_00_99_ht_7doan behavioral C:/Users/TOSHIBA/Documents/TT_Xilinx/TTTKVMS_CHIEU_T5_NHOM_2/BAI_518_DEM_UD_AU_00_99_HT_7DOAN/DEM_UD_AU_00_99_HT_7DOAN.vhd sub00/vhpl15 1571901412
AR giaima_hienthi_8led_7doan behavioral C:/Users/TOSHIBA/Documents/TT_Xilinx/TTTKVMS_CHIEU_T5_NHOM_2/BAI_518_DEM_UD_AU_00_99_HT_7DOAN/GIAIMA_HIENTHI_8LED_7DOAN.vhd sub00/vhpl13 1571901410
EN dahop_8kenh NULL C:/Users/TOSHIBA/Documents/TT_Xilinx/TTTKVMS_CHIEU_T5_NHOM_2/BAI_518_DEM_UD_AU_00_99_HT_7DOAN/DAHOP_8KENH.vhd sub00/vhpl04 1571901401
EN giaima_7doan_ena NULL C:/Users/TOSHIBA/Documents/TT_Xilinx/TTTKVMS_CHIEU_T5_NHOM_2/BAI_518_DEM_UD_AU_00_99_HT_7DOAN/GIAIMA_7DOAN_ENA.vhd sub00/vhpl06 1571901403
AR dem_3bit_chon_8kenh behavioral C:/Users/TOSHIBA/Documents/TT_Xilinx/TTTKVMS_CHIEU_T5_NHOM_2/BAI_518_DEM_UD_AU_00_99_HT_7DOAN/DEM_3BIT_CHON_8KENH.vhd sub00/vhpl01 1571901398
AR quet_anode_8led_7doan behavioral C:/Users/TOSHIBA/Documents/TT_Xilinx/TTTKVMS_CHIEU_T5_NHOM_2/BAI_518_DEM_UD_AU_00_99_HT_7DOAN/QUET_ANODE_8LED_7DOAN.vhd sub00/vhpl03 1571901400
AR dahop_8kenh behavioral C:/Users/TOSHIBA/Documents/TT_Xilinx/TTTKVMS_CHIEU_T5_NHOM_2/BAI_518_DEM_UD_AU_00_99_HT_7DOAN/DAHOP_8KENH.vhd sub00/vhpl05 1571901402
EN chia_10ena NULL C:/Users/TOSHIBA/Documents/TT_Xilinx/TTTKVMS_CHIEU_T5_NHOM_2/BAI_518_DEM_UD_AU_00_99_HT_7DOAN/CHIA_10ENA.vhd sub00/vhpl08 1571901405
