V3 47
FL D:/TT_VHDL_ST2/BAITAP_LCD_LEDDON_LED7DOAN_1/BAITAP.vhd 2019/11/18.09:16:13 P.20131013
EN work/BAITAP 1574045210 \
      FL D:/TT_VHDL_ST2/BAITAP_LCD_LEDDON_LED7DOAN_1/BAITAP.vhd \
      PB ieee/std_logic_1164 1381692176
AR work/BAITAP/Behavioral 1574045211 \
      FL D:/TT_VHDL_ST2/BAITAP_LCD_LEDDON_LED7DOAN_1/BAITAP.vhd EN work/BAITAP 1574045210 \
      CP work/CHIA_10ENA CP work/DEM_1SO CP work/HEXTOBCD_4BIT CP work/DEM_1BIT_BTN \
      CP work/LCD_GIAI_MA_SO_TO CP work/LCD_20X4_GAN_DULIEU_1SO_TO \
      CP work/LCD_20X4_KHOITAO_HIENTHI_SO_TO
FL D:/TT_VHDL_ST2/BAITAP_LCD_LEDDON_LED7DOAN_1/CD_LAM_HEP_XUNG.vhd 2019/09/16.11:10:17 P.20131013
EN work/CD_LAM_HEP_XUNG 1574045192 \
      FL D:/TT_VHDL_ST2/BAITAP_LCD_LEDDON_LED7DOAN_1/CD_LAM_HEP_XUNG.vhd \
      PB ieee/std_logic_1164 1381692176
AR work/CD_LAM_HEP_XUNG/Behavioral 1574045193 \
      FL D:/TT_VHDL_ST2/BAITAP_LCD_LEDDON_LED7DOAN_1/CD_LAM_HEP_XUNG.vhd \
      EN work/CD_LAM_HEP_XUNG 1574045192 CP work/DEBOUNCE_BTN CP work/LAM_HEP_XUNG
FL D:/TT_VHDL_ST2/BAITAP_LCD_LEDDON_LED7DOAN_1/CHIA_10ENA.vhd 2019/09/15.11:21:37 P.20131013
EN work/CHIA_10ENA 1574045196 \
      FL D:/TT_VHDL_ST2/BAITAP_LCD_LEDDON_LED7DOAN_1/CHIA_10ENA.vhd \
      PB ieee/std_logic_1164 1381692176
AR work/CHIA_10ENA/Behavioral 1574045197 \
      FL D:/TT_VHDL_ST2/BAITAP_LCD_LEDDON_LED7DOAN_1/CHIA_10ENA.vhd \
      EN work/CHIA_10ENA 1574045196
FL D:/TT_VHDL_ST2/BAITAP_LCD_LEDDON_LED7DOAN_1/DEBOUNCE_BTN.vhd 2019/09/16.10:30:36 P.20131013
EN work/DEBOUNCE_BTN 1574045188 \
      FL D:/TT_VHDL_ST2/BAITAP_LCD_LEDDON_LED7DOAN_1/DEBOUNCE_BTN.vhd \
      PB ieee/std_logic_1164 1381692176 PB ieee/STD_LOGIC_UNSIGNED 1381692179 \
      PB ieee/std_logic_arith 1381692177
AR work/DEBOUNCE_BTN/Behavioral 1574045189 \
      FL D:/TT_VHDL_ST2/BAITAP_LCD_LEDDON_LED7DOAN_1/DEBOUNCE_BTN.vhd \
      EN work/DEBOUNCE_BTN 1574045188
FL D:/TT_VHDL_ST2/BAITAP_LCD_LEDDON_LED7DOAN_1/DEM_1BIT.vhd 2019/09/22.09:57:44 P.20131013
EN work/DEM_1BIT 1574045194 \
      FL D:/TT_VHDL_ST2/BAITAP_LCD_LEDDON_LED7DOAN_1/DEM_1BIT.vhd \
      PB ieee/std_logic_1164 1381692176
AR work/DEM_1BIT/Behavioral 1574045195 \
      FL D:/TT_VHDL_ST2/BAITAP_LCD_LEDDON_LED7DOAN_1/DEM_1BIT.vhd \
      EN work/DEM_1BIT 1574045194
FL D:/TT_VHDL_ST2/BAITAP_LCD_LEDDON_LED7DOAN_1/DEM_1BIT_BTN.vhd 2019/09/22.09:49:19 P.20131013
EN work/DEM_1BIT_BTN 1574045202 \
      FL D:/TT_VHDL_ST2/BAITAP_LCD_LEDDON_LED7DOAN_1/DEM_1BIT_BTN.vhd \
      PB ieee/std_logic_1164 1381692176
AR work/DEM_1BIT_BTN/Behavioral 1574045203 \
      FL D:/TT_VHDL_ST2/BAITAP_LCD_LEDDON_LED7DOAN_1/DEM_1BIT_BTN.vhd \
      EN work/DEM_1BIT_BTN 1574045202 CP work/CD_LAM_HEP_XUNG CP work/DEM_1BIT
FL D:/TT_VHDL_ST2/BAITAP_LCD_LEDDON_LED7DOAN_1/DEM_1SO.vhd 2019/11/18.08:07:21 P.20131013
EN work/DEM_1SO 1574045198 \
      FL D:/TT_VHDL_ST2/BAITAP_LCD_LEDDON_LED7DOAN_1/DEM_1SO.vhd \
      PB ieee/std_logic_1164 1381692176 PB ieee/std_logic_arith 1381692177 \
      PB ieee/STD_LOGIC_UNSIGNED 1381692179
AR work/DEM_1SO/Behavioral 1574045199 \
      FL D:/TT_VHDL_ST2/BAITAP_LCD_LEDDON_LED7DOAN_1/DEM_1SO.vhd EN work/DEM_1SO 1574045198
FL D:/TT_VHDL_ST2/BAITAP_LCD_LEDDON_LED7DOAN_1/HEXTOBCD_4BIT.vhd 2019/09/09.10:19:46 P.20131013
EN work/HEXTOBCD_4BIT 1574045200 \
      FL D:/TT_VHDL_ST2/BAITAP_LCD_LEDDON_LED7DOAN_1/HEXTOBCD_4BIT.vhd \
      PB ieee/std_logic_1164 1381692176 PB ieee/std_logic_arith 1381692177 \
      PB ieee/STD_LOGIC_UNSIGNED 1381692179
AR work/HEXTOBCD_4BIT/Behavioral 1574045201 \
      FL D:/TT_VHDL_ST2/BAITAP_LCD_LEDDON_LED7DOAN_1/HEXTOBCD_4BIT.vhd \
      EN work/HEXTOBCD_4BIT 1574045200
FL D:/TT_VHDL_ST2/BAITAP_LCD_LEDDON_LED7DOAN_1/LAM_HEP_XUNG.vhd 2019/09/16.10:27:44 P.20131013
EN work/LAM_HEP_XUNG 1574045190 \
      FL D:/TT_VHDL_ST2/BAITAP_LCD_LEDDON_LED7DOAN_1/LAM_HEP_XUNG.vhd \
      PB ieee/std_logic_1164 1381692176
AR work/LAM_HEP_XUNG/Behavioral 1574045191 \
      FL D:/TT_VHDL_ST2/BAITAP_LCD_LEDDON_LED7DOAN_1/LAM_HEP_XUNG.vhd \
      EN work/LAM_HEP_XUNG 1574045190
FL D:/TT_VHDL_ST2/BAITAP_LCD_LEDDON_LED7DOAN_1/LCD_20X4_GAN_DULIEU_1SO_TO.vhd 2019/11/18.09:12:17 P.20131013
EN work/LCD_20X4_GAN_DULIEU_1SO_TO 1574045206 \
      FL D:/TT_VHDL_ST2/BAITAP_LCD_LEDDON_LED7DOAN_1/LCD_20X4_GAN_DULIEU_1SO_TO.vhd \
      PB ieee/std_logic_1164 1381692176 PB ieee/std_logic_arith 1381692177
AR work/LCD_20X4_GAN_DULIEU_1SO_TO/Behavioral 1574045207 \
      FL D:/TT_VHDL_ST2/BAITAP_LCD_LEDDON_LED7DOAN_1/LCD_20X4_GAN_DULIEU_1SO_TO.vhd \
      EN work/LCD_20X4_GAN_DULIEU_1SO_TO 1574045206
FL D:/TT_VHDL_ST2/BAITAP_LCD_LEDDON_LED7DOAN_1/LCD_20X4_KHOITAO_HIENTHI_SO_TO.vhd 2019/11/11.11:03:49 P.20131013
EN work/LCD_20X4_KHOITAO_HIENTHI_SO_TO 1574045208 \
      FL D:/TT_VHDL_ST2/BAITAP_LCD_LEDDON_LED7DOAN_1/LCD_20X4_KHOITAO_HIENTHI_SO_TO.vhd \
      PB ieee/std_logic_1164 1381692176
AR work/LCD_20X4_KHOITAO_HIENTHI_SO_TO/Behavioral 1574045209 \
      FL D:/TT_VHDL_ST2/BAITAP_LCD_LEDDON_LED7DOAN_1/LCD_20X4_KHOITAO_HIENTHI_SO_TO.vhd \
      EN work/LCD_20X4_KHOITAO_HIENTHI_SO_TO 1574045208
FL D:/TT_VHDL_ST2/BAITAP_LCD_LEDDON_LED7DOAN_1/LCD_GIAI_MA_SO_TO.vhd 2019/11/11.10:35:36 P.20131013
EN work/LCD_GIAI_MA_SO_TO 1574045204 \
      FL D:/TT_VHDL_ST2/BAITAP_LCD_LEDDON_LED7DOAN_1/LCD_GIAI_MA_SO_TO.vhd \
      PB ieee/std_logic_1164 1381692176 PB ieee/STD_LOGIC_UNSIGNED 1381692179 \
      PB ieee/std_logic_arith 1381692177
AR work/LCD_GIAI_MA_SO_TO/Behavioral 1574045205 \
      FL D:/TT_VHDL_ST2/BAITAP_LCD_LEDDON_LED7DOAN_1/LCD_GIAI_MA_SO_TO.vhd \
      EN work/LCD_GIAI_MA_SO_TO 1574045204
