V3 7
FL C:/Users/Admin/Documents/TT-HDL-N7-S2/BAI_403_CHIA_10XUNG_CK1HZ_CK1MHZ/CHIA_10CK.vhd 2020/05/20.22:21:31 P.20131013
EN work/CHIA_10CK 1589988132 \
      FL C:/Users/Admin/Documents/TT-HDL-N7-S2/BAI_403_CHIA_10XUNG_CK1HZ_CK1MHZ/CHIA_10CK.vhd \
      PB ieee/std_logic_1164 1381692176 PB ieee/std_logic_arith 1381692177
AR work/CHIA_10CK/Behavioral 1589988133 \
      FL C:/Users/Admin/Documents/TT-HDL-N7-S2/BAI_403_CHIA_10XUNG_CK1HZ_CK1MHZ/CHIA_10CK.vhd \
      EN work/CHIA_10CK 1589988132
FL C:/Users/Admin/Documents/TT-HDL-N7-S2/BAI_403_CHIA_10XUNG_CK1HZ_CK1MHZ/CHIA_10XUNG_CK1HZ_CK1MHZ.vhd 2020/05/20.22:22:08 P.20131013
EN work/CHIA_10XUNG_CK1HZ_CK1MHZ 1589988134 \
      FL C:/Users/Admin/Documents/TT-HDL-N7-S2/BAI_403_CHIA_10XUNG_CK1HZ_CK1MHZ/CHIA_10XUNG_CK1HZ_CK1MHZ.vhd \
      PB ieee/std_logic_1164 1381692176
AR work/CHIA_10XUNG_CK1HZ_CK1MHZ/Behavioral 1589988135 \
      FL C:/Users/Admin/Documents/TT-HDL-N7-S2/BAI_403_CHIA_10XUNG_CK1HZ_CK1MHZ/CHIA_10XUNG_CK1HZ_CK1MHZ.vhd \
      EN work/CHIA_10XUNG_CK1HZ_CK1MHZ 1589988134 CP work/CHIA_10CK
