V3 23
FL C:/Users/Admin/Documents/TT-HDL-N7-S2/BAI_440_DEM_3BIT_UP_DW_2BTN_3LED/CD_LAM_HEP_BTN.vhd 2020/06/06.09:49:10 P.20131013
EN work/CD_LAM_HEP_BTN 1591576467 \
      FL C:/Users/Admin/Documents/TT-HDL-N7-S2/BAI_440_DEM_3BIT_UP_DW_2BTN_3LED/CD_LAM_HEP_BTN.vhd \
      PB ieee/std_logic_1164 1381692176
AR work/CD_LAM_HEP_BTN/Behavioral 1591576468 \
      FL C:/Users/Admin/Documents/TT-HDL-N7-S2/BAI_440_DEM_3BIT_UP_DW_2BTN_3LED/CD_LAM_HEP_BTN.vhd \
      EN work/CD_LAM_HEP_BTN 1591576467 CP work/DEBOUNCE_BTN CP work/LAM_HEP_XUNG
FL C:/Users/Admin/Documents/TT-HDL-N7-S2/BAI_440_DEM_3BIT_UP_DW_2BTN_3LED/DEBOUNCE_BTN.vhd 2020/06/01.09:39:59 P.20131013
EN work/DEBOUNCE_BTN 1591576463 \
      FL C:/Users/Admin/Documents/TT-HDL-N7-S2/BAI_440_DEM_3BIT_UP_DW_2BTN_3LED/DEBOUNCE_BTN.vhd \
      PB ieee/std_logic_1164 1381692176 PB ieee/std_logic_arith 1381692177 \
      PB ieee/STD_LOGIC_UNSIGNED 1381692179
AR work/DEBOUNCE_BTN/Behavioral 1591576464 \
      FL C:/Users/Admin/Documents/TT-HDL-N7-S2/BAI_440_DEM_3BIT_UP_DW_2BTN_3LED/DEBOUNCE_BTN.vhd \
      EN work/DEBOUNCE_BTN 1591576463
FL C:/Users/Admin/Documents/TT-HDL-N7-S2/BAI_440_DEM_3BIT_UP_DW_2BTN_3LED/DEM_3BIT_2BTN_UP_DW.vhd 2020/06/06.10:16:31 P.20131013
EN work/DEM_3BIT_2BTN_UP_DW 1591576471 \
      FL C:/Users/Admin/Documents/TT-HDL-N7-S2/BAI_440_DEM_3BIT_UP_DW_2BTN_3LED/DEM_3BIT_2BTN_UP_DW.vhd \
      PB ieee/std_logic_1164 1381692176
AR work/DEM_3BIT_2BTN_UP_DW/Behavioral 1591576472 \
      FL C:/Users/Admin/Documents/TT-HDL-N7-S2/BAI_440_DEM_3BIT_UP_DW_2BTN_3LED/DEM_3BIT_2BTN_UP_DW.vhd \
      EN work/DEM_3BIT_2BTN_UP_DW 1591576471 CP work/CD_LAM_HEP_BTN \
      CP work/DEM_3BIT_UP_DW
FL C:/Users/Admin/Documents/TT-HDL-N7-S2/BAI_440_DEM_3BIT_UP_DW_2BTN_3LED/DEM_3BIT_UP_DW.vhd 2020/06/06.10:16:17 P.20131013
EN work/DEM_3BIT_UP_DW 1591576469 \
      FL C:/Users/Admin/Documents/TT-HDL-N7-S2/BAI_440_DEM_3BIT_UP_DW_2BTN_3LED/DEM_3BIT_UP_DW.vhd \
      PB ieee/std_logic_1164 1381692176 PB ieee/std_logic_arith 1381692177 \
      PB ieee/STD_LOGIC_UNSIGNED 1381692179
AR work/DEM_3BIT_UP_DW/Behavioral 1591576470 \
      FL C:/Users/Admin/Documents/TT-HDL-N7-S2/BAI_440_DEM_3BIT_UP_DW_2BTN_3LED/DEM_3BIT_UP_DW.vhd \
      EN work/DEM_3BIT_UP_DW 1591576469
FL C:/Users/Admin/Documents/TT-HDL-N7-S2/BAI_440_DEM_3BIT_UP_DW_2BTN_3LED/DEM_3BIT_UP_DW_2BTN_3LED.vhd 2020/06/06.10:10:39 P.20131013
EN work/DEM_3BIT_UP_DW_2BTN_3LED 1591576473 \
      FL C:/Users/Admin/Documents/TT-HDL-N7-S2/BAI_440_DEM_3BIT_UP_DW_2BTN_3LED/DEM_3BIT_UP_DW_2BTN_3LED.vhd \
      PB ieee/std_logic_1164 1381692176
AR work/DEM_3BIT_UP_DW_2BTN_3LED/Behavioral 1591576474 \
      FL C:/Users/Admin/Documents/TT-HDL-N7-S2/BAI_440_DEM_3BIT_UP_DW_2BTN_3LED/DEM_3BIT_UP_DW_2BTN_3LED.vhd \
      EN work/DEM_3BIT_UP_DW_2BTN_3LED 1591576473 CP work/DEM_3BIT_2BTN_UP_DW
FL C:/Users/Admin/Documents/TT-HDL-N7-S2/BAI_440_DEM_3BIT_UP_DW_2BTN_3LED/LAM_HEP_XUNG.vhd 2020/06/01.09:39:59 P.20131013
EN work/LAM_HEP_XUNG 1591576465 \
      FL C:/Users/Admin/Documents/TT-HDL-N7-S2/BAI_440_DEM_3BIT_UP_DW_2BTN_3LED/LAM_HEP_XUNG.vhd \
      PB ieee/std_logic_1164 1381692176
AR work/LAM_HEP_XUNG/Behavioral 1591576466 \
      FL C:/Users/Admin/Documents/TT-HDL-N7-S2/BAI_440_DEM_3BIT_UP_DW_2BTN_3LED/LAM_HEP_XUNG.vhd \
      EN work/LAM_HEP_XUNG 1591576465
