V3 35
FL C:/Users/TOSHIBA/Documents/TT_Xilinx/TTTKVMS_CHIEU_T5_NHOM_2/BAI_541_GIO_PHUT_GIAY/CHIA_10ENA.vhd 2019/11/07.13:37:29 P.20131013
EN work/CHIA_10ENA 1573115145 \
      FL C:/Users/TOSHIBA/Documents/TT_Xilinx/TTTKVMS_CHIEU_T5_NHOM_2/BAI_541_GIO_PHUT_GIAY/CHIA_10ENA.vhd \
      PB ieee/std_logic_1164 1381692176
AR work/CHIA_10ENA/Behavioral 1573115146 \
      FL C:/Users/TOSHIBA/Documents/TT_Xilinx/TTTKVMS_CHIEU_T5_NHOM_2/BAI_541_GIO_PHUT_GIAY/CHIA_10ENA.vhd \
      EN work/CHIA_10ENA 1573115145
FL C:/Users/TOSHIBA/Documents/TT_Xilinx/TTTKVMS_CHIEU_T5_NHOM_2/BAI_541_GIO_PHUT_GIAY/DAHOP_8KENH.vhd 2019/10/23.20:35:19 P.20131013
EN work/DAHOP_8KENH 1573115141 \
      FL C:/Users/TOSHIBA/Documents/TT_Xilinx/TTTKVMS_CHIEU_T5_NHOM_2/BAI_541_GIO_PHUT_GIAY/DAHOP_8KENH.vhd \
      PB ieee/std_logic_1164 1381692176 PB ieee/std_logic_arith 1381692177 \
      PB ieee/STD_LOGIC_UNSIGNED 1381692179
AR work/DAHOP_8KENH/Behavioral 1573115142 \
      FL C:/Users/TOSHIBA/Documents/TT_Xilinx/TTTKVMS_CHIEU_T5_NHOM_2/BAI_541_GIO_PHUT_GIAY/DAHOP_8KENH.vhd \
      EN work/DAHOP_8KENH 1573115141
FL C:/Users/TOSHIBA/Documents/TT_Xilinx/TTTKVMS_CHIEU_T5_NHOM_2/BAI_541_GIO_PHUT_GIAY/DEM_3BIT_CHON_8KENH.vhd 2019/10/23.19:51:28 P.20131013
EN work/DEM_3BIT_CHON_8KENH 1573115137 \
      FL C:/Users/TOSHIBA/Documents/TT_Xilinx/TTTKVMS_CHIEU_T5_NHOM_2/BAI_541_GIO_PHUT_GIAY/DEM_3BIT_CHON_8KENH.vhd \
      PB ieee/std_logic_1164 1381692176 PB ieee/std_logic_arith 1381692177 \
      PB ieee/STD_LOGIC_UNSIGNED 1381692179
AR work/DEM_3BIT_CHON_8KENH/Behavioral 1573115138 \
      FL C:/Users/TOSHIBA/Documents/TT_Xilinx/TTTKVMS_CHIEU_T5_NHOM_2/BAI_541_GIO_PHUT_GIAY/DEM_3BIT_CHON_8KENH.vhd \
      EN work/DEM_3BIT_CHON_8KENH 1573115137
FL C:/Users/TOSHIBA/Documents/TT_Xilinx/TTTKVMS_CHIEU_T5_NHOM_2/BAI_541_GIO_PHUT_GIAY/DEM_GIOPHUTGIAY.vhd 2019/11/07.15:23:19 P.20131013
EN work/DEM_GIOPHUTGIAY 1573115147 \
      FL C:/Users/TOSHIBA/Documents/TT_Xilinx/TTTKVMS_CHIEU_T5_NHOM_2/BAI_541_GIO_PHUT_GIAY/DEM_GIOPHUTGIAY.vhd \
      PB ieee/std_logic_1164 1381692176 PB ieee/std_logic_arith 1381692177 \
      PB ieee/STD_LOGIC_UNSIGNED 1381692179
AR work/DEM_GIOPHUTGIAY/Behavioral 1573115148 \
      FL C:/Users/TOSHIBA/Documents/TT_Xilinx/TTTKVMS_CHIEU_T5_NHOM_2/BAI_541_GIO_PHUT_GIAY/DEM_GIOPHUTGIAY.vhd \
      EN work/DEM_GIOPHUTGIAY 1573115147
FL C:/Users/TOSHIBA/Documents/TT_Xilinx/TTTKVMS_CHIEU_T5_NHOM_2/BAI_541_GIO_PHUT_GIAY/GIAIMA_7DOAN_ENA.vhd 2019/10/23.19:26:51 P.20131013
EN work/GIAIMA_7DOAN_ENA 1573115143 \
      FL C:/Users/TOSHIBA/Documents/TT_Xilinx/TTTKVMS_CHIEU_T5_NHOM_2/BAI_541_GIO_PHUT_GIAY/GIAIMA_7DOAN_ENA.vhd \
      PB ieee/std_logic_1164 1381692176 PB ieee/std_logic_arith 1381692177 \
      PB ieee/STD_LOGIC_UNSIGNED 1381692179
AR work/GIAIMA_7DOAN_ENA/Behavioral 1573115144 \
      FL C:/Users/TOSHIBA/Documents/TT_Xilinx/TTTKVMS_CHIEU_T5_NHOM_2/BAI_541_GIO_PHUT_GIAY/GIAIMA_7DOAN_ENA.vhd \
      EN work/GIAIMA_7DOAN_ENA 1573115143
FL C:/Users/TOSHIBA/Documents/TT_Xilinx/TTTKVMS_CHIEU_T5_NHOM_2/BAI_541_GIO_PHUT_GIAY/GIAIMA_HIENTHI_8LED_7DOAN.vhd 2019/10/23.19:19:42 P.20131013
EN work/GIAIMA_HIENTHI_8LED_7DOAN 1573115151 \
      FL C:/Users/TOSHIBA/Documents/TT_Xilinx/TTTKVMS_CHIEU_T5_NHOM_2/BAI_541_GIO_PHUT_GIAY/GIAIMA_HIENTHI_8LED_7DOAN.vhd \
      PB ieee/std_logic_1164 1381692176 PB ieee/std_logic_arith 1381692177 \
      PB ieee/STD_LOGIC_UNSIGNED 1381692179
AR work/GIAIMA_HIENTHI_8LED_7DOAN/Behavioral 1573115152 \
      FL C:/Users/TOSHIBA/Documents/TT_Xilinx/TTTKVMS_CHIEU_T5_NHOM_2/BAI_541_GIO_PHUT_GIAY/GIAIMA_HIENTHI_8LED_7DOAN.vhd \
      EN work/GIAIMA_HIENTHI_8LED_7DOAN 1573115151 CP work/DEM_3BIT_CHON_8KENH \
      CP work/QUET_ANODE_8LED_7DOAN CP work/DAHOP_8KENH CP work/GIAIMA_7DOAN_ENA
FL C:/Users/TOSHIBA/Documents/TT_Xilinx/TTTKVMS_CHIEU_T5_NHOM_2/BAI_541_GIO_PHUT_GIAY/GIO_PHUT_GIAY.vhd 2019/11/07.15:25:32 P.20131013
EN work/GIO_PHUT_GIAY 1573115153 \
      FL C:/Users/TOSHIBA/Documents/TT_Xilinx/TTTKVMS_CHIEU_T5_NHOM_2/BAI_541_GIO_PHUT_GIAY/GIO_PHUT_GIAY.vhd \
      PB ieee/std_logic_1164 1381692176 PB ieee/std_logic_arith 1381692177 \
      PB ieee/STD_LOGIC_UNSIGNED 1381692179
AR work/GIO_PHUT_GIAY/Behavioral 1573115154 \
      FL C:/Users/TOSHIBA/Documents/TT_Xilinx/TTTKVMS_CHIEU_T5_NHOM_2/BAI_541_GIO_PHUT_GIAY/GIO_PHUT_GIAY.vhd \
      EN work/GIO_PHUT_GIAY 1573115153 CP work/CHIA_10ENA CP work/DEM_GIOPHUTGIAY \
      CP work/HEXTOBCD_6BIT CP work/GIAIMA_HIENTHI_8LED_7DOAN
FL C:/Users/TOSHIBA/Documents/TT_Xilinx/TTTKVMS_CHIEU_T5_NHOM_2/BAI_541_GIO_PHUT_GIAY/HEXTOBCD_6BIT.vhd 2019/09/04.10:30:58 P.20131013
EN work/HEXTOBCD_6BIT 1573115149 \
      FL C:/Users/TOSHIBA/Documents/TT_Xilinx/TTTKVMS_CHIEU_T5_NHOM_2/BAI_541_GIO_PHUT_GIAY/HEXTOBCD_6BIT.vhd \
      PB ieee/std_logic_1164 1381692176 PB ieee/std_logic_arith 1381692177 \
      PB ieee/STD_LOGIC_UNSIGNED 1381692179
AR work/HEXTOBCD_6BIT/Behavioral 1573115150 \
      FL C:/Users/TOSHIBA/Documents/TT_Xilinx/TTTKVMS_CHIEU_T5_NHOM_2/BAI_541_GIO_PHUT_GIAY/HEXTOBCD_6BIT.vhd \
      EN work/HEXTOBCD_6BIT 1573115149
FL C:/Users/TOSHIBA/Documents/TT_Xilinx/TTTKVMS_CHIEU_T5_NHOM_2/BAI_541_GIO_PHUT_GIAY/QUET_ANODE_8LED_7DOAN.vhd 2019/10/24.16:03:04 P.20131013
EN work/QUET_ANODE_8LED_7DOAN 1573115139 \
      FL C:/Users/TOSHIBA/Documents/TT_Xilinx/TTTKVMS_CHIEU_T5_NHOM_2/BAI_541_GIO_PHUT_GIAY/QUET_ANODE_8LED_7DOAN.vhd \
      PB ieee/std_logic_1164 1381692176 PB ieee/std_logic_arith 1381692177 \
      PB ieee/STD_LOGIC_UNSIGNED 1381692179
AR work/QUET_ANODE_8LED_7DOAN/Behavioral 1573115140 \
      FL C:/Users/TOSHIBA/Documents/TT_Xilinx/TTTKVMS_CHIEU_T5_NHOM_2/BAI_541_GIO_PHUT_GIAY/QUET_ANODE_8LED_7DOAN.vhd \
      EN work/QUET_ANODE_8LED_7DOAN 1573115139
