AR lcd_20x4_gan_dulieu behavioral C:/Users/TOSHIBA/Documents/TT_Xilinx/TTTKVMS_CHIEU_T5_NHOM_2/BAI_621_LCD_20X4_4BIT_HIENTHI_80KITU/LCD_20X4_GAN_DULIEU.vhd sub00/vhpl01 1574927555
AR lcd_20x4_4bit_khoitao_hienthi behavioral C:/Users/TOSHIBA/Documents/TT_Xilinx/TTTKVMS_CHIEU_T5_NHOM_2/BAI_621_LCD_20X4_4BIT_HIENTHI_80KITU/LCD_20X4_4BIT_KHOITAO_HIENTHI.vhd sub00/vhpl03 1574927557
EN lcd_20x4_gan_dulieu NULL C:/Users/TOSHIBA/Documents/TT_Xilinx/TTTKVMS_CHIEU_T5_NHOM_2/BAI_621_LCD_20X4_4BIT_HIENTHI_80KITU/LCD_20X4_GAN_DULIEU.vhd sub00/vhpl00 1574927554
EN lcd_20x4_4bit_khoitao_hienthi NULL C:/Users/TOSHIBA/Documents/TT_Xilinx/TTTKVMS_CHIEU_T5_NHOM_2/BAI_621_LCD_20X4_4BIT_HIENTHI_80KITU/LCD_20X4_4BIT_KHOITAO_HIENTHI.vhd sub00/vhpl02 1574927556
EN lcd_20x4_4bit_hienthi_80kitu NULL C:/Users/TOSHIBA/Documents/TT_Xilinx/TTTKVMS_CHIEU_T5_NHOM_2/BAI_621_LCD_20X4_4BIT_HIENTHI_80KITU/LCD_20X4_4BIT_HIENTHI_80KITU.vhd sub00/vhpl04 1574927558
AR lcd_20x4_4bit_hienthi_80kitu behavioral C:/Users/TOSHIBA/Documents/TT_Xilinx/TTTKVMS_CHIEU_T5_NHOM_2/BAI_621_LCD_20X4_4BIT_HIENTHI_80KITU/LCD_20X4_4BIT_HIENTHI_80KITU.vhd sub00/vhpl05 1574927559
