V3 11
FL C:/Users/TOSHIBA/Documents/TT_Xilinx/TTTKVMS_CHIEU_T5_NHOM_2/BAI_621_LCD_20X4_4BIT_HIENTHI_80KITU/LCD_20X4_4BIT_HIENTHI_80KITU.vhd 2019/11/28.14:52:30 P.20131013
EN work/LCD_20X4_4BIT_HIENTHI_80KITU 1574927558 \
      FL C:/Users/TOSHIBA/Documents/TT_Xilinx/TTTKVMS_CHIEU_T5_NHOM_2/BAI_621_LCD_20X4_4BIT_HIENTHI_80KITU/LCD_20X4_4BIT_HIENTHI_80KITU.vhd \
      PB ieee/std_logic_1164 1381692176 PB ieee/std_logic_arith 1381692177 \
      PB ieee/STD_LOGIC_UNSIGNED 1381692179
AR work/LCD_20X4_4BIT_HIENTHI_80KITU/Behavioral 1574927559 \
      FL C:/Users/TOSHIBA/Documents/TT_Xilinx/TTTKVMS_CHIEU_T5_NHOM_2/BAI_621_LCD_20X4_4BIT_HIENTHI_80KITU/LCD_20X4_4BIT_HIENTHI_80KITU.vhd \
      EN work/LCD_20X4_4BIT_HIENTHI_80KITU 1574927558 CP work/LCD_20X4_GAN_DULIEU \
      CP work/LCD_20X4_4BIT_KHOITAO_HIENTHI
FL C:/Users/TOSHIBA/Documents/TT_Xilinx/TTTKVMS_CHIEU_T5_NHOM_2/BAI_621_LCD_20X4_4BIT_HIENTHI_80KITU/LCD_20X4_4BIT_KHOITAO_HIENTHI.vhd 2019/11/28.14:49:27 P.20131013
EN work/LCD_20X4_4BIT_KHOITAO_HIENTHI 1574927556 \
      FL C:/Users/TOSHIBA/Documents/TT_Xilinx/TTTKVMS_CHIEU_T5_NHOM_2/BAI_621_LCD_20X4_4BIT_HIENTHI_80KITU/LCD_20X4_4BIT_KHOITAO_HIENTHI.vhd \
      PB ieee/std_logic_1164 1381692176 PB ieee/std_logic_arith 1381692177 \
      PB ieee/STD_LOGIC_UNSIGNED 1381692179
AR work/LCD_20X4_4BIT_KHOITAO_HIENTHI/Behavioral 1574927557 \
      FL C:/Users/TOSHIBA/Documents/TT_Xilinx/TTTKVMS_CHIEU_T5_NHOM_2/BAI_621_LCD_20X4_4BIT_HIENTHI_80KITU/LCD_20X4_4BIT_KHOITAO_HIENTHI.vhd \
      EN work/LCD_20X4_4BIT_KHOITAO_HIENTHI 1574927556
FL C:/Users/TOSHIBA/Documents/TT_Xilinx/TTTKVMS_CHIEU_T5_NHOM_2/BAI_621_LCD_20X4_4BIT_HIENTHI_80KITU/LCD_20X4_GAN_DULIEU.vhd 2019/11/21.13:31:32 P.20131013
EN work/LCD_20X4_GAN_DULIEU 1574927554 \
      FL C:/Users/TOSHIBA/Documents/TT_Xilinx/TTTKVMS_CHIEU_T5_NHOM_2/BAI_621_LCD_20X4_4BIT_HIENTHI_80KITU/LCD_20X4_GAN_DULIEU.vhd \
      PB ieee/std_logic_1164 1381692176 PB ieee/std_logic_arith 1381692177 \
      PB ieee/STD_LOGIC_UNSIGNED 1381692179
AR work/LCD_20X4_GAN_DULIEU/Behavioral 1574927555 \
      FL C:/Users/TOSHIBA/Documents/TT_Xilinx/TTTKVMS_CHIEU_T5_NHOM_2/BAI_621_LCD_20X4_4BIT_HIENTHI_80KITU/LCD_20X4_GAN_DULIEU.vhd \
      EN work/LCD_20X4_GAN_DULIEU 1574927554
