--------------------------------------------------------------------------------
Release 14.7 Trace  (nt64)
Copyright (c) 1995-2013 Xilinx, Inc.  All rights reserved.

C:\Xilinx\14.7\ISE_DS\ISE\bin\nt64\unwrapped\trce.exe -intstyle ise -v 3 -s 5
-n 3 -fastpaths -xml DK_16LED_8CT.twx DK_16LED_8CT.ncd -o DK_16LED_8CT.twr
DK_16LED_8CT.pcf -ucf KIT_XC3S500E_PQ208.ucf

Design file:              DK_16LED_8CT.ncd
Physical constraint file: DK_16LED_8CT.pcf
Device,package,speed:     xc3s500e,pq208,-5 (PRODUCTION 1.27 2013-10-13)
Report level:             verbose report

Environment Variable      Effect 
--------------------      ------ 
NONE                      No environment variables were set
--------------------------------------------------------------------------------

INFO:Timing:2698 - No timing constraints found, doing default enumeration.
INFO:Timing:3412 - To improve timing, see the Timing Closure User Guide (UG612).
INFO:Timing:2752 - To get complete path coverage, use the unconstrained paths 
   option. All paths that are not constrained will be reported in the 
   unconstrained paths section(s) of the report.
INFO:Timing:3339 - The clock-to-out numbers in this timing report are based on 
   a 50 Ohm transmission line loading model.  For the details of this model, 
   and for more information on accounting for different loading conditions, 
   please see the device datasheet.
INFO:Timing:3390 - This architecture does not support a default System Jitter 
   value, please add SYSTEM_JITTER constraint to the UCF to modify the Clock 
   Uncertainty calculation.
INFO:Timing:3389 - This architecture does not support 'Discrete Jitter' and 
   'Phase Error' calculations, these terms will be zero in the Clock 
   Uncertainty calculation.  Please make appropriate modification to 
   SYSTEM_JITTER to account for the unsupported Discrete Jitter and Phase 
   Error.



Data Sheet report:
-----------------
All values displayed in nanoseconds (ns)

Setup/Hold to clock CKHT
------------+------------+------------+------------------+--------+
            |Max Setup to|Max Hold to |                  | Clock  |
Source      | clk (edge) | clk (edge) |Internal Clock(s) | Phase  |
------------+------------+------------+------------------+--------+
BTN<1>      |    4.564(F)|   -0.099(F)|CKHT_BUFGP        |   0.000|
BTN<2>      |    3.524(F)|   -0.145(F)|CKHT_BUFGP        |   0.000|
BTN<3>      |    3.683(F)|    0.108(F)|CKHT_BUFGP        |   0.000|
SW<0>       |    4.592(F)|    0.057(F)|CKHT_BUFGP        |   0.000|
SW<1>       |    5.335(F)|   -0.184(F)|CKHT_BUFGP        |   0.000|
------------+------------+------------+------------------+--------+

Clock CKHT to Pad
------------+------------+------------------+--------+
            | clk (edge) |                  | Clock  |
Destination |   to PAD   |Internal Clock(s) | Phase  |
------------+------------+------------------+--------+
ANODE<0>    |    9.509(F)|CKHT_BUFGP        |   0.000|
ANODE<1>    |    9.568(F)|CKHT_BUFGP        |   0.000|
ANODE<2>    |    9.298(F)|CKHT_BUFGP        |   0.000|
ANODE<3>    |    9.105(F)|CKHT_BUFGP        |   0.000|
ANODE<4>    |    8.646(F)|CKHT_BUFGP        |   0.000|
ANODE<5>    |    9.162(F)|CKHT_BUFGP        |   0.000|
ANODE<6>    |    8.770(F)|CKHT_BUFGP        |   0.000|
ANODE<7>    |    8.592(F)|CKHT_BUFGP        |   0.000|
LED<0>      |   11.043(F)|CKHT_BUFGP        |   0.000|
LED<1>      |    9.528(F)|CKHT_BUFGP        |   0.000|
LED<2>      |    9.891(F)|CKHT_BUFGP        |   0.000|
LED<3>      |    9.708(F)|CKHT_BUFGP        |   0.000|
LED<4>      |    9.723(F)|CKHT_BUFGP        |   0.000|
LED<5>      |    9.663(F)|CKHT_BUFGP        |   0.000|
LED<6>      |    9.405(F)|CKHT_BUFGP        |   0.000|
LED<7>      |   10.162(F)|CKHT_BUFGP        |   0.000|
LED<8>      |   10.954(F)|CKHT_BUFGP        |   0.000|
LED<9>      |   10.272(F)|CKHT_BUFGP        |   0.000|
LED<10>     |    9.941(F)|CKHT_BUFGP        |   0.000|
LED<11>     |   10.611(F)|CKHT_BUFGP        |   0.000|
LED<12>     |   10.739(F)|CKHT_BUFGP        |   0.000|
SSEG<0>     |   12.649(F)|CKHT_BUFGP        |   0.000|
SSEG<1>     |   13.135(F)|CKHT_BUFGP        |   0.000|
SSEG<2>     |   12.655(F)|CKHT_BUFGP        |   0.000|
SSEG<3>     |   12.689(F)|CKHT_BUFGP        |   0.000|
SSEG<4>     |   12.469(F)|CKHT_BUFGP        |   0.000|
SSEG<5>     |   12.648(F)|CKHT_BUFGP        |   0.000|
SSEG<6>     |   12.243(F)|CKHT_BUFGP        |   0.000|
------------+------------+------------------+--------+

Clock to Setup on destination clock CKHT
---------------+---------+---------+---------+---------+
               | Src:Rise| Src:Fall| Src:Rise| Src:Fall|
Source Clock   |Dest:Rise|Dest:Rise|Dest:Fall|Dest:Fall|
---------------+---------+---------+---------+---------+
CKHT           |         |         |         |    7.640|
---------------+---------+---------+---------+---------+

Pad to Pad
---------------+---------------+---------+
Source Pad     |Destination Pad|  Delay  |
---------------+---------------+---------+
SW<0>          |LED<0>         |   11.305|
SW<0>          |LED<1>         |    8.608|
SW<0>          |LED<2>         |    8.481|
SW<0>          |LED<3>         |    8.822|
SW<0>          |LED<4>         |    8.077|
SW<0>          |LED<5>         |    8.237|
SW<0>          |LED<6>         |    8.331|
SW<0>          |LED<7>         |    9.427|
SW<0>          |LED<8>         |    9.264|
SW<0>          |LED<9>         |    9.218|
SW<0>          |LED<10>        |    7.908|
SW<0>          |LED<11>        |    8.869|
SW<0>          |LED<12>        |    8.630|
SW<1>          |LED<0>         |   11.083|
SW<1>          |LED<1>         |    9.847|
SW<1>          |LED<2>         |    9.127|
SW<1>          |LED<3>         |    8.886|
SW<1>          |LED<4>         |    9.413|
SW<1>          |LED<5>         |    8.923|
SW<1>          |LED<6>         |    8.729|
SW<1>          |LED<7>         |    9.621|
SW<1>          |LED<8>         |   10.095|
SW<1>          |LED<9>         |    9.849|
SW<1>          |LED<10>        |    9.093|
SW<1>          |LED<11>        |    9.299|
SW<1>          |LED<12>        |    9.872|
---------------+---------------+---------+


Analysis completed Thu Oct 31 14:25:27 2019 
--------------------------------------------------------------------------------

Trace Settings:
-------------------------
Trace Settings 

Peak Memory Usage: 4526 MB



