V3 47
FL C:/Users/Admin/Documents/TT-HDL-N7-S2/VHDL/BAI_TAP_LAM_THEM_VHDL/BTVN_SO53/BTVN_SO53.vhd 2020/07/06.09:23:15 P.20131013
EN work/BTVN_SO53 1594006495 \
      FL C:/Users/Admin/Documents/TT-HDL-N7-S2/VHDL/BAI_TAP_LAM_THEM_VHDL/BTVN_SO53/BTVN_SO53.vhd \
      PB ieee/std_logic_1164 1381692176
AR work/BTVN_SO53/THAN 1594006496 \
      FL C:/Users/Admin/Documents/TT-HDL-N7-S2/VHDL/BAI_TAP_LAM_THEM_VHDL/BTVN_SO53/BTVN_SO53.vhd \
      EN work/BTVN_SO53 1594006495 CP work/CD_LAM_HEP_BTN CP work/DEM_1BIT \
      CP work/CHIA_10ENA CP work/DEM_2SO CP work/GIAIMA_HIENTHI_8LED_7DOAN
FL C:/Users/Admin/Documents/TT-HDL-N7-S2/VHDL/BAI_TAP_LAM_THEM_VHDL/BTVN_SO53/CD_LAM_HEP_BTN.vhd 2020/06/01.10:22:25 P.20131013
EN work/CD_LAM_HEP_BTN 1594006485 \
      FL C:/Users/Admin/Documents/TT-HDL-N7-S2/VHDL/BAI_TAP_LAM_THEM_VHDL/BTVN_SO53/CD_LAM_HEP_BTN.vhd \
      PB ieee/std_logic_1164 1381692176
AR work/CD_LAM_HEP_BTN/Behavioral 1594006486 \
      FL C:/Users/Admin/Documents/TT-HDL-N7-S2/VHDL/BAI_TAP_LAM_THEM_VHDL/BTVN_SO53/CD_LAM_HEP_BTN.vhd \
      EN work/CD_LAM_HEP_BTN 1594006485 CP work/DEBOUNCE_BTN CP work/LAM_HEP_XUNG
FL C:/Users/Admin/Documents/TT-HDL-N7-S2/VHDL/BAI_TAP_LAM_THEM_VHDL/BTVN_SO53/CHIA_10ENA.vhd 2020/07/02.21:50:19 P.20131013
EN work/CHIA_10ENA 1594006489 \
      FL C:/Users/Admin/Documents/TT-HDL-N7-S2/VHDL/BAI_TAP_LAM_THEM_VHDL/BTVN_SO53/CHIA_10ENA.vhd \
      PB ieee/std_logic_1164 1381692176 PB ieee/std_logic_arith 1381692177
AR work/CHIA_10ENA/Behavioral 1594006490 \
      FL C:/Users/Admin/Documents/TT-HDL-N7-S2/VHDL/BAI_TAP_LAM_THEM_VHDL/BTVN_SO53/CHIA_10ENA.vhd \
      EN work/CHIA_10ENA 1594006489
FL C:/Users/Admin/Documents/TT-HDL-N7-S2/VHDL/BAI_TAP_LAM_THEM_VHDL/BTVN_SO53/DAHOP_8KENH.vhd 2020/07/01.11:15:53 P.20131013
EN work/DAHOP_8KENH 1594006477 \
      FL C:/Users/Admin/Documents/TT-HDL-N7-S2/VHDL/BAI_TAP_LAM_THEM_VHDL/BTVN_SO53/DAHOP_8KENH.vhd \
      PB ieee/std_logic_1164 1381692176 PB ieee/std_logic_arith 1381692177 \
      PB ieee/STD_LOGIC_UNSIGNED 1381692179
AR work/DAHOP_8KENH/Behavioral 1594006478 \
      FL C:/Users/Admin/Documents/TT-HDL-N7-S2/VHDL/BAI_TAP_LAM_THEM_VHDL/BTVN_SO53/DAHOP_8KENH.vhd \
      EN work/DAHOP_8KENH 1594006477
FL C:/Users/Admin/Documents/TT-HDL-N7-S2/VHDL/BAI_TAP_LAM_THEM_VHDL/BTVN_SO53/DEBOUNCE_BTN.vhd 2020/06/01.09:39:59 P.20131013
EN work/DEBOUNCE_BTN 1594006481 \
      FL C:/Users/Admin/Documents/TT-HDL-N7-S2/VHDL/BAI_TAP_LAM_THEM_VHDL/BTVN_SO53/DEBOUNCE_BTN.vhd \
      PB ieee/std_logic_1164 1381692176 PB ieee/std_logic_arith 1381692177 \
      PB ieee/STD_LOGIC_UNSIGNED 1381692179
AR work/DEBOUNCE_BTN/Behavioral 1594006482 \
      FL C:/Users/Admin/Documents/TT-HDL-N7-S2/VHDL/BAI_TAP_LAM_THEM_VHDL/BTVN_SO53/DEBOUNCE_BTN.vhd \
      EN work/DEBOUNCE_BTN 1594006481
FL C:/Users/Admin/Documents/TT-HDL-N7-S2/VHDL/BAI_TAP_LAM_THEM_VHDL/BTVN_SO53/DEM_1BIT.vhd 2020/07/06.09:32:25 P.20131013
EN work/DEM_1BIT 1594006487 \
      FL C:/Users/Admin/Documents/TT-HDL-N7-S2/VHDL/BAI_TAP_LAM_THEM_VHDL/BTVN_SO53/DEM_1BIT.vhd \
      PB ieee/std_logic_1164 1381692176 PB ieee/std_logic_arith 1381692177 \
      PB ieee/STD_LOGIC_UNSIGNED 1381692179
AR work/DEM_1BIT/Behavioral 1594006488 \
      FL C:/Users/Admin/Documents/TT-HDL-N7-S2/VHDL/BAI_TAP_LAM_THEM_VHDL/BTVN_SO53/DEM_1BIT.vhd \
      EN work/DEM_1BIT 1594006487
FL C:/Users/Admin/Documents/TT-HDL-N7-S2/VHDL/BAI_TAP_LAM_THEM_VHDL/BTVN_SO53/DEM_2SO.vhd 2020/07/06.10:34:30 P.20131013
EN work/DEM_2SO 1594006491 \
      FL C:/Users/Admin/Documents/TT-HDL-N7-S2/VHDL/BAI_TAP_LAM_THEM_VHDL/BTVN_SO53/DEM_2SO.vhd \
      PB ieee/std_logic_1164 1381692176 PB ieee/std_logic_arith 1381692177 \
      PB ieee/STD_LOGIC_UNSIGNED 1381692179
AR work/DEM_2SO/THAN 1594006492 \
      FL C:/Users/Admin/Documents/TT-HDL-N7-S2/VHDL/BAI_TAP_LAM_THEM_VHDL/BTVN_SO53/DEM_2SO.vhd \
      EN work/DEM_2SO 1594006491
FL C:/Users/Admin/Documents/TT-HDL-N7-S2/VHDL/BAI_TAP_LAM_THEM_VHDL/BTVN_SO53/DEM_3BIT_CHON_8KENH.vhd 2019/10/23.19:51:28 P.20131013
EN work/DEM_3BIT_CHON_8KENH 1594006473 \
      FL C:/Users/Admin/Documents/TT-HDL-N7-S2/VHDL/BAI_TAP_LAM_THEM_VHDL/BTVN_SO53/DEM_3BIT_CHON_8KENH.vhd \
      PB ieee/std_logic_1164 1381692176 PB ieee/std_logic_arith 1381692177 \
      PB ieee/STD_LOGIC_UNSIGNED 1381692179
AR work/DEM_3BIT_CHON_8KENH/Behavioral 1594006474 \
      FL C:/Users/Admin/Documents/TT-HDL-N7-S2/VHDL/BAI_TAP_LAM_THEM_VHDL/BTVN_SO53/DEM_3BIT_CHON_8KENH.vhd \
      EN work/DEM_3BIT_CHON_8KENH 1594006473
FL C:/Users/Admin/Documents/TT-HDL-N7-S2/VHDL/BAI_TAP_LAM_THEM_VHDL/BTVN_SO53/GIAIMA_7DOAN_ENA.vhd 2019/10/23.19:26:51 P.20131013
EN work/GIAIMA_7DOAN_ENA 1594006479 \
      FL C:/Users/Admin/Documents/TT-HDL-N7-S2/VHDL/BAI_TAP_LAM_THEM_VHDL/BTVN_SO53/GIAIMA_7DOAN_ENA.vhd \
      PB ieee/std_logic_1164 1381692176 PB ieee/std_logic_arith 1381692177 \
      PB ieee/STD_LOGIC_UNSIGNED 1381692179
AR work/GIAIMA_7DOAN_ENA/Behavioral 1594006480 \
      FL C:/Users/Admin/Documents/TT-HDL-N7-S2/VHDL/BAI_TAP_LAM_THEM_VHDL/BTVN_SO53/GIAIMA_7DOAN_ENA.vhd \
      EN work/GIAIMA_7DOAN_ENA 1594006479
FL C:/Users/Admin/Documents/TT-HDL-N7-S2/VHDL/BAI_TAP_LAM_THEM_VHDL/BTVN_SO53/GIAIMA_HIENTHI_8LED_7DOAN.vhd 2019/10/23.19:19:42 P.20131013
EN work/GIAIMA_HIENTHI_8LED_7DOAN 1594006493 \
      FL C:/Users/Admin/Documents/TT-HDL-N7-S2/VHDL/BAI_TAP_LAM_THEM_VHDL/BTVN_SO53/GIAIMA_HIENTHI_8LED_7DOAN.vhd \
      PB ieee/std_logic_1164 1381692176 PB ieee/std_logic_arith 1381692177 \
      PB ieee/STD_LOGIC_UNSIGNED 1381692179
AR work/GIAIMA_HIENTHI_8LED_7DOAN/Behavioral 1594006494 \
      FL C:/Users/Admin/Documents/TT-HDL-N7-S2/VHDL/BAI_TAP_LAM_THEM_VHDL/BTVN_SO53/GIAIMA_HIENTHI_8LED_7DOAN.vhd \
      EN work/GIAIMA_HIENTHI_8LED_7DOAN 1594006493 CP work/DEM_3BIT_CHON_8KENH \
      CP work/QUET_ANODE_8LED_7DOAN CP work/DAHOP_8KENH CP work/GIAIMA_7DOAN_ENA
FL C:/Users/Admin/Documents/TT-HDL-N7-S2/VHDL/BAI_TAP_LAM_THEM_VHDL/BTVN_SO53/LAM_HEP_XUNG.vhd 2020/06/01.09:39:59 P.20131013
EN work/LAM_HEP_XUNG 1594006483 \
      FL C:/Users/Admin/Documents/TT-HDL-N7-S2/VHDL/BAI_TAP_LAM_THEM_VHDL/BTVN_SO53/LAM_HEP_XUNG.vhd \
      PB ieee/std_logic_1164 1381692176
AR work/LAM_HEP_XUNG/Behavioral 1594006484 \
      FL C:/Users/Admin/Documents/TT-HDL-N7-S2/VHDL/BAI_TAP_LAM_THEM_VHDL/BTVN_SO53/LAM_HEP_XUNG.vhd \
      EN work/LAM_HEP_XUNG 1594006483
FL C:/Users/Admin/Documents/TT-HDL-N7-S2/VHDL/BAI_TAP_LAM_THEM_VHDL/BTVN_SO53/QUET_ANODE_8LED_7DOAN.vhd 2019/10/24.15:59:01 P.20131013
EN work/QUET_ANODE_8LED_7DOAN 1594006475 \
      FL C:/Users/Admin/Documents/TT-HDL-N7-S2/VHDL/BAI_TAP_LAM_THEM_VHDL/BTVN_SO53/QUET_ANODE_8LED_7DOAN.vhd \
      PB ieee/std_logic_1164 1381692176 PB ieee/std_logic_arith 1381692177 \
      PB ieee/STD_LOGIC_UNSIGNED 1381692179
AR work/QUET_ANODE_8LED_7DOAN/Behavioral 1594006476 \
      FL C:/Users/Admin/Documents/TT-HDL-N7-S2/VHDL/BAI_TAP_LAM_THEM_VHDL/BTVN_SO53/QUET_ANODE_8LED_7DOAN.vhd \
      EN work/QUET_ANODE_8LED_7DOAN 1594006475
