--------------------------------------------------------------------------------
Release 14.7 Trace  (nt64)
Copyright (c) 1995-2013 Xilinx, Inc.  All rights reserved.

C:\Xilinx\14.7\ISE_DS\ISE\bin\nt64\unwrapped\trce.exe -intstyle ise -v 3 -s 3
-n 3 -fastpaths -xml DICH_MSSV.twx DICH_MSSV.ncd -o DICH_MSSV.twr DICH_MSSV.pcf

Design file:              DICH_MSSV.ncd
Physical constraint file: DICH_MSSV.pcf
Device,package,speed:     xc6slx9,tqg144,C,-3 (PRODUCTION 1.23 2013-10-13)
Report level:             verbose report

Environment Variable      Effect 
--------------------      ------ 
NONE                      No environment variables were set
--------------------------------------------------------------------------------

INFO:Timing:2698 - No timing constraints found, doing default enumeration.
INFO:Timing:3412 - To improve timing, see the Timing Closure User Guide (UG612).
INFO:Timing:2752 - To get complete path coverage, use the unconstrained paths 
   option. All paths that are not constrained will be reported in the 
   unconstrained paths section(s) of the report.
INFO:Timing:3339 - The clock-to-out numbers in this timing report are based on 
   a 50 Ohm transmission line loading model.  For the details of this model, 
   and for more information on accounting for different loading conditions, 
   please see the device datasheet.



Data Sheet report:
-----------------
All values displayed in nanoseconds (ns)

Setup/Hold to clock CKHT
------------+------------+------------+------------+------------+------------------+--------+
            |Max Setup to|  Process   |Max Hold to |  Process   |                  | Clock  |
Source      | clk (edge) |   Corner   | clk (edge) |   Corner   |Internal Clock(s) | Phase  |
------------+------------+------------+------------+------------+------------------+--------+
BTN0        |    4.500(F)|      SLOW  |   -1.203(F)|      FAST  |CKHT_BUFGP        |   0.000|
------------+------------+------------+------------+------------+------------------+--------+

Clock CKHT to Pad
------------+-----------------+------------+-----------------+------------+------------------+--------+
            |Max (slowest) clk|  Process   |Min (fastest) clk|  Process   |                  | Clock  |
Destination |  (edge) to PAD  |   Corner   |  (edge) to PAD  |   Corner   |Internal Clock(s) | Phase  |
------------+-----------------+------------+-----------------+------------+------------------+--------+
ANODE<0>    |         8.362(F)|      SLOW  |         4.336(F)|      FAST  |CKHT_BUFGP        |   0.000|
ANODE<1>    |         8.411(F)|      SLOW  |         4.359(F)|      FAST  |CKHT_BUFGP        |   0.000|
ANODE<2>    |         8.750(F)|      SLOW  |         4.379(F)|      FAST  |CKHT_BUFGP        |   0.000|
ANODE<3>    |         8.930(F)|      SLOW  |         4.504(F)|      FAST  |CKHT_BUFGP        |   0.000|
ANODE<4>    |         9.069(F)|      SLOW  |         4.630(F)|      FAST  |CKHT_BUFGP        |   0.000|
ANODE<5>    |         9.290(F)|      SLOW  |         4.808(F)|      FAST  |CKHT_BUFGP        |   0.000|
ANODE<6>    |         9.091(F)|      SLOW  |         4.788(F)|      FAST  |CKHT_BUFGP        |   0.000|
ANODE<7>    |         8.825(F)|      SLOW  |         4.645(F)|      FAST  |CKHT_BUFGP        |   0.000|
SSEG<0>     |        11.260(F)|      SLOW  |         5.095(F)|      FAST  |CKHT_BUFGP        |   0.000|
SSEG<1>     |        10.777(F)|      SLOW  |         4.950(F)|      FAST  |CKHT_BUFGP        |   0.000|
SSEG<2>     |        10.798(F)|      SLOW  |         4.961(F)|      FAST  |CKHT_BUFGP        |   0.000|
SSEG<3>     |        10.825(F)|      SLOW  |         4.809(F)|      FAST  |CKHT_BUFGP        |   0.000|
SSEG<4>     |        10.470(F)|      SLOW  |         4.866(F)|      FAST  |CKHT_BUFGP        |   0.000|
SSEG<5>     |        10.588(F)|      SLOW  |         5.171(F)|      FAST  |CKHT_BUFGP        |   0.000|
SSEG<6>     |        10.793(F)|      SLOW  |         5.079(F)|      FAST  |CKHT_BUFGP        |   0.000|
------------+-----------------+------------+-----------------+------------+------------------+--------+

Clock to Setup on destination clock CKHT
---------------+---------+---------+---------+---------+
               | Src:Rise| Src:Fall| Src:Rise| Src:Fall|
Source Clock   |Dest:Rise|Dest:Rise|Dest:Fall|Dest:Fall|
---------------+---------+---------+---------+---------+
CKHT           |         |         |         |    3.853|
---------------+---------+---------+---------+---------+


Analysis completed Fri Aug 14 16:07:32 2020 
--------------------------------------------------------------------------------

Trace Settings:
-------------------------
Trace Settings 

Peak Memory Usage: 4571 MB



