EN giaidahop_4kenh_1bit NULL C:/Users/TOSHIBA/Documents/TT_Xilinx/TTTKVMS_CHIEU_T5_NHOM_2/BAI_331_GIAIDAHOP_4KENH_1BIT/GIAIDAHOP_4KENH_1BIT.vhd sub00/vhpl00 1567674741
EN giaidahop_4kenh1b NULL C:/Users/TOSHIBA/Documents/TT_Xilinx/TTTKVMS_CHIEU_T5_NHOM_2/BAI_331_GIAIDAHOP_4KENH_1BIT/GIAIDAHOP_4KENH1B.vhd sub00/vhpl02 1567674743
AR giaidahop_4kenh_1bit behavioral C:/Users/TOSHIBA/Documents/TT_Xilinx/TTTKVMS_CHIEU_T5_NHOM_2/BAI_331_GIAIDAHOP_4KENH_1BIT/GIAIDAHOP_4KENH_1BIT.vhd sub00/vhpl01 1567674742
AR giaidahop_4kenh1b behavioral C:/Users/TOSHIBA/Documents/TT_Xilinx/TTTKVMS_CHIEU_T5_NHOM_2/BAI_331_GIAIDAHOP_4KENH_1BIT/GIAIDAHOP_4KENH1B.vhd sub00/vhpl03 1567674744
