EN giaima_oe NULL C:/Users/Admin/Documents/TT-HDL-N7-S2/VHDL/BAI_TAP_LAM_THEM_VHDL/BTVN_SO57/GIAIMA_OE.vhd sub00/vhpl18 1594051565
AR debounce_btn behavioral C:/Users/Admin/Documents/TT-HDL-N7-S2/VHDL/BAI_TAP_LAM_THEM_VHDL/BTVN_SO57/DEBOUNCE_BTN.vhd sub00/vhpl01 1594051548
AR chia_10ena behavioral C:/Users/Admin/Documents/TT-HDL-N7-S2/VHDL/BAI_TAP_LAM_THEM_VHDL/BTVN_SO57/CHIA_10ENA.vhd sub00/vhpl21 1594051568
AR lam_hep_xung behavioral C:/Users/Admin/Documents/TT-HDL-N7-S2/VHDL/BAI_TAP_LAM_THEM_VHDL/BTVN_SO57/LAM_HEP_XUNG.vhd sub00/vhpl03 1594051550
AR dem_3bit behavioral C:/Users/Admin/Documents/TT-HDL-N7-S2/VHDL/BAI_TAP_LAM_THEM_VHDL/BTVN_SO57/DEM_3BIT.vhd sub00/vhpl15 1594051562
EN debounce_btn NULL C:/Users/Admin/Documents/TT-HDL-N7-S2/VHDL/BAI_TAP_LAM_THEM_VHDL/BTVN_SO57/DEBOUNCE_BTN.vhd sub00/vhpl00 1594051547
AR giaima_oe behavioral C:/Users/Admin/Documents/TT-HDL-N7-S2/VHDL/BAI_TAP_LAM_THEM_VHDL/BTVN_SO57/GIAIMA_OE.vhd sub00/vhpl19 1594051566
EN quet_anode_8led_7doan NULL C:/Users/Admin/Documents/TT-HDL-N7-S2/VHDL/BAI_TAP_LAM_THEM_VHDL/BTVN_SO57/QUET_ANODE_8LED_7DOAN.vhd sub00/vhpl06 1594051553
EN giaima_hienthi_8led_7doan NULL C:/Users/Admin/Documents/TT-HDL-N7-S2/VHDL/BAI_TAP_LAM_THEM_VHDL/BTVN_SO57/GIAIMA_HIENTHI_8LED_7DOAN.vhd sub00/vhpl28 1594051575
AR giaima_7doan_ena behavioral C:/Users/Admin/Documents/TT-HDL-N7-S2/VHDL/BAI_TAP_LAM_THEM_VHDL/BTVN_SO57/GIAIMA_7DOAN_ENA.vhd sub00/vhpl11 1594051558
EN dem_3bit_chon_8kenh NULL C:/Users/Admin/Documents/TT-HDL-N7-S2/VHDL/BAI_TAP_LAM_THEM_VHDL/BTVN_SO57/DEM_3BIT_CHON_8KENH.vhd sub00/vhpl04 1594051551
AR giaima_hienthi_8led_7doan behavioral C:/Users/Admin/Documents/TT-HDL-N7-S2/VHDL/BAI_TAP_LAM_THEM_VHDL/BTVN_SO57/GIAIMA_HIENTHI_8LED_7DOAN.vhd sub00/vhpl29 1594051576
AR cd_lam_hep_btn behavioral C:/Users/Admin/Documents/TT-HDL-N7-S2/VHDL/BAI_TAP_LAM_THEM_VHDL/BTVN_SO57/CD_LAM_HEP_BTN.vhd sub00/vhpl13 1594051560
EN dahop_8kenh NULL C:/Users/Admin/Documents/TT-HDL-N7-S2/VHDL/BAI_TAP_LAM_THEM_VHDL/BTVN_SO57/DAHOP_8KENH.vhd sub00/vhpl08 1594051555
AR dem_2so than C:/Users/Admin/Documents/TT-HDL-N7-S2/VHDL/BAI_TAP_LAM_THEM_VHDL/BTVN_SO57/DEM_2SO.vhd sub00/vhpl25 1594051572
EN giaima_7doan_ena NULL C:/Users/Admin/Documents/TT-HDL-N7-S2/VHDL/BAI_TAP_LAM_THEM_VHDL/BTVN_SO57/GIAIMA_7DOAN_ENA.vhd sub00/vhpl10 1594051557
AR dem_3bit_chon_8kenh behavioral C:/Users/Admin/Documents/TT-HDL-N7-S2/VHDL/BAI_TAP_LAM_THEM_VHDL/BTVN_SO57/DEM_3BIT_CHON_8KENH.vhd sub00/vhpl05 1594051552
EN dem_3bit NULL C:/Users/Admin/Documents/TT-HDL-N7-S2/VHDL/BAI_TAP_LAM_THEM_VHDL/BTVN_SO57/DEM_3BIT.vhd sub00/vhpl14 1594051561
AR quet_anode_8led_7doan behavioral C:/Users/Admin/Documents/TT-HDL-N7-S2/VHDL/BAI_TAP_LAM_THEM_VHDL/BTVN_SO57/QUET_ANODE_8LED_7DOAN.vhd sub00/vhpl07 1594051554
EN dem_2so NULL C:/Users/Admin/Documents/TT-HDL-N7-S2/VHDL/BAI_TAP_LAM_THEM_VHDL/BTVN_SO57/DEM_2SO.vhd sub00/vhpl24 1594051571
AR led_std_pst_7 than C:/Users/Admin/Documents/TT-HDL-N7-S2/VHDL/BAI_TAP_LAM_THEM_VHDL/BTVN_SO57/LED_STD_PST_7.vhd sub00/vhpl27 1594051574
EN btvn_so57 NULL C:/Users/Admin/Documents/TT-HDL-N7-S2/VHDL/BAI_TAP_LAM_THEM_VHDL/BTVN_SO57/BTVN_SO57.vhd sub00/vhpl30 1594051577
EN dem_3bit_btn NULL C:/Users/Admin/Documents/TT-HDL-N7-S2/VHDL/BAI_TAP_LAM_THEM_VHDL/BTVN_SO57/DEM_3BIT_BTN.vhd sub00/vhpl16 1594051563
EN led_std_pst_7 NULL C:/Users/Admin/Documents/TT-HDL-N7-S2/VHDL/BAI_TAP_LAM_THEM_VHDL/BTVN_SO57/LED_STD_PST_7.vhd sub00/vhpl26 1594051573
EN lam_hep_xung NULL C:/Users/Admin/Documents/TT-HDL-N7-S2/VHDL/BAI_TAP_LAM_THEM_VHDL/BTVN_SO57/LAM_HEP_XUNG.vhd sub00/vhpl02 1594051549
AR btvn_so57 than C:/Users/Admin/Documents/TT-HDL-N7-S2/VHDL/BAI_TAP_LAM_THEM_VHDL/BTVN_SO57/BTVN_SO57.vhd sub00/vhpl31 1594051578
AR select_tanso behavioral C:/Users/Admin/Documents/TT-HDL-N7-S2/VHDL/BAI_TAP_LAM_THEM_VHDL/BTVN_SO57/SELECT_TANSO.vhd sub00/vhpl23 1594051570
AR dahop_8kenh behavioral C:/Users/Admin/Documents/TT-HDL-N7-S2/VHDL/BAI_TAP_LAM_THEM_VHDL/BTVN_SO57/DAHOP_8KENH.vhd sub00/vhpl09 1594051556
EN chia_10ena NULL C:/Users/Admin/Documents/TT-HDL-N7-S2/VHDL/BAI_TAP_LAM_THEM_VHDL/BTVN_SO57/CHIA_10ENA.vhd sub00/vhpl20 1594051567
EN select_tanso NULL C:/Users/Admin/Documents/TT-HDL-N7-S2/VHDL/BAI_TAP_LAM_THEM_VHDL/BTVN_SO57/SELECT_TANSO.vhd sub00/vhpl22 1594051569
EN cd_lam_hep_btn NULL C:/Users/Admin/Documents/TT-HDL-N7-S2/VHDL/BAI_TAP_LAM_THEM_VHDL/BTVN_SO57/CD_LAM_HEP_BTN.vhd sub00/vhpl12 1594051559
AR dem_3bit_btn behavioral C:/Users/Admin/Documents/TT-HDL-N7-S2/VHDL/BAI_TAP_LAM_THEM_VHDL/BTVN_SO57/DEM_3BIT_BTN.vhd sub00/vhpl17 1594051564
