AR tru_2so_4bit behavioral C:/Users/TOSHIBA/Documents/TT_Xilinx/TTTKVMS_CHIEU_T5_NHOM_2/BAI_352_TRU_2SO_NHI_PHAN_4BIT/TRU_2SO_4BIT.vhd sub00/vhpl01 1568281879
AR tru_2so_nhi_phan_4bit behavioral C:/Users/TOSHIBA/Documents/TT_Xilinx/TTTKVMS_CHIEU_T5_NHOM_2/BAI_352_TRU_2SO_NHI_PHAN_4BIT/TRU_2SO_NHI_PHAN_4BIT.vhd sub00/vhpl03 1568281881
EN tru_2so_nhi_phan_4bit NULL C:/Users/TOSHIBA/Documents/TT_Xilinx/TTTKVMS_CHIEU_T5_NHOM_2/BAI_352_TRU_2SO_NHI_PHAN_4BIT/TRU_2SO_NHI_PHAN_4BIT.vhd sub00/vhpl02 1568281880
EN tru_2so_4bit NULL C:/Users/TOSHIBA/Documents/TT_Xilinx/TTTKVMS_CHIEU_T5_NHOM_2/BAI_352_TRU_2SO_NHI_PHAN_4BIT/TRU_2SO_4BIT.vhd sub00/vhpl00 1568281878
