EN hex_to_bcd_4bit NULL C:/Users/TOSHIBA/Documents/TT_Xilinx/TTTKVMS_CHIEU_T5_NHOM_2/BAI_361_HEX_TO_BCD_4BIT/HEX_TO_BCD_4BIT.vhd sub00/vhpl02 1568268882
AR hextobcd_4bit behavioral C:/Users/TOSHIBA/Documents/TT_Xilinx/TTTKVMS_CHIEU_T5_NHOM_2/BAI_361_HEX_TO_BCD_4BIT/HEXTOBCD_4BIT.vhd sub00/vhpl01 1568268881
AR hex_to_bcd_4bit behavioral C:/Users/TOSHIBA/Documents/TT_Xilinx/TTTKVMS_CHIEU_T5_NHOM_2/BAI_361_HEX_TO_BCD_4BIT/HEX_TO_BCD_4BIT.vhd sub00/vhpl03 1568268883
EN hextobcd_4bit NULL C:/Users/TOSHIBA/Documents/TT_Xilinx/TTTKVMS_CHIEU_T5_NHOM_2/BAI_361_HEX_TO_BCD_4BIT/HEXTOBCD_4BIT.vhd sub00/vhpl00 1568268880
