V3 35
FL C:/Users/Admin/Documents/TT-HDL-N7-S2/VHDL/BAI_TAP_LAM_THEM_VHDL/CAU7_HIEN_THI_TEN_MSSV_DO_ND/AFAFAFAF.vhd 2020/08/31.10:44:44 P.20131013
EN work/DEM_BTN 1598847197 \
      FL C:/Users/Admin/Documents/TT-HDL-N7-S2/VHDL/BAI_TAP_LAM_THEM_VHDL/CAU7_HIEN_THI_TEN_MSSV_DO_ND/AFAFAFAF.vhd \
      PB ieee/std_logic_1164 1381692176
AR work/DEM_BTN/PMH 1598847198 \
      FL C:/Users/Admin/Documents/TT-HDL-N7-S2/VHDL/BAI_TAP_LAM_THEM_VHDL/CAU7_HIEN_THI_TEN_MSSV_DO_ND/AFAFAFAF.vhd \
      EN work/DEM_BTN 1598847197 CP work/CHIA_10ENA CP work/CD_LAM_HEP_BTN \
      CP work/dem_1bit CP work/KHOI_DEM_BTN CP work/LCD_20X4_GAN_DULIEU_1SO_TO \
      CP work/LCD_KHOITAO_HIENTHI_SO_TO
FL C:/Users/Admin/Documents/TT-HDL-N7-S2/VHDL/BAI_TAP_LAM_THEM_VHDL/CAU7_HIEN_THI_TEN_MSSV_DO_ND/CD_LAM_HEP_BTN.vhd 2019/09/29.21:17:37 P.20131013
EN work/CD_LAM_HEP_BTN 1598847187 \
      FL C:/Users/Admin/Documents/TT-HDL-N7-S2/VHDL/BAI_TAP_LAM_THEM_VHDL/CAU7_HIEN_THI_TEN_MSSV_DO_ND/CD_LAM_HEP_BTN.vhd \
      PB ieee/std_logic_1164 1381692176 PB ieee/std_logic_arith 1381692177 \
      PB ieee/STD_LOGIC_UNSIGNED 1381692179
AR work/CD_LAM_HEP_BTN/Behavioral 1598847188 \
      FL C:/Users/Admin/Documents/TT-HDL-N7-S2/VHDL/BAI_TAP_LAM_THEM_VHDL/CAU7_HIEN_THI_TEN_MSSV_DO_ND/CD_LAM_HEP_BTN.vhd \
      EN work/CD_LAM_HEP_BTN 1598847187 CP work/DEBOUNCE_BTN CP work/LAM_HEP_XUNG
FL C:/Users/Admin/Documents/TT-HDL-N7-S2/VHDL/BAI_TAP_LAM_THEM_VHDL/CAU7_HIEN_THI_TEN_MSSV_DO_ND/CHIA_10ENA.vhd 2020/08/31.10:44:44 P.20131013
EN work/CHIA_10ENA 1598847185 \
      FL C:/Users/Admin/Documents/TT-HDL-N7-S2/VHDL/BAI_TAP_LAM_THEM_VHDL/CAU7_HIEN_THI_TEN_MSSV_DO_ND/CHIA_10ENA.vhd \
      PB ieee/std_logic_1164 1381692176 PB ieee/std_logic_arith 1381692177
AR work/CHIA_10ENA/BEHAVIORAL 1598847186 \
      FL C:/Users/Admin/Documents/TT-HDL-N7-S2/VHDL/BAI_TAP_LAM_THEM_VHDL/CAU7_HIEN_THI_TEN_MSSV_DO_ND/CHIA_10ENA.vhd \
      EN work/CHIA_10ENA 1598847185
FL C:/Users/Admin/Documents/TT-HDL-N7-S2/VHDL/BAI_TAP_LAM_THEM_VHDL/CAU7_HIEN_THI_TEN_MSSV_DO_ND/DEBOUNCE_BTN.vhd 2019/09/26.16:26:59 P.20131013
EN work/DEBOUNCE_BTN 1598847181 \
      FL C:/Users/Admin/Documents/TT-HDL-N7-S2/VHDL/BAI_TAP_LAM_THEM_VHDL/CAU7_HIEN_THI_TEN_MSSV_DO_ND/DEBOUNCE_BTN.vhd \
      PB ieee/std_logic_1164 1381692176 PB ieee/std_logic_arith 1381692177 \
      PB ieee/STD_LOGIC_UNSIGNED 1381692179
AR work/DEBOUNCE_BTN/Behavioral 1598847182 \
      FL C:/Users/Admin/Documents/TT-HDL-N7-S2/VHDL/BAI_TAP_LAM_THEM_VHDL/CAU7_HIEN_THI_TEN_MSSV_DO_ND/DEBOUNCE_BTN.vhd \
      EN work/DEBOUNCE_BTN 1598847181
FL C:/Users/Admin/Documents/TT-HDL-N7-S2/VHDL/BAI_TAP_LAM_THEM_VHDL/CAU7_HIEN_THI_TEN_MSSV_DO_ND/dem_1bit.vhd 2020/08/31.10:08:59 P.20131013
EN work/DEM_1BIT 1598847189 \
      FL C:/Users/Admin/Documents/TT-HDL-N7-S2/VHDL/BAI_TAP_LAM_THEM_VHDL/CAU7_HIEN_THI_TEN_MSSV_DO_ND/dem_1bit.vhd \
      PB ieee/std_logic_1164 1381692176 PB ieee/std_logic_arith 1381692177 \
      PB ieee/STD_LOGIC_UNSIGNED 1381692179
AR work/DEM_1BIT/Behavioral 1598847190 \
      FL C:/Users/Admin/Documents/TT-HDL-N7-S2/VHDL/BAI_TAP_LAM_THEM_VHDL/CAU7_HIEN_THI_TEN_MSSV_DO_ND/dem_1bit.vhd \
      EN work/DEM_1BIT 1598847189
FL C:/Users/Admin/Documents/TT-HDL-N7-S2/VHDL/BAI_TAP_LAM_THEM_VHDL/CAU7_HIEN_THI_TEN_MSSV_DO_ND/KHOI_DEM_BTN.vhd 2020/08/31.11:12:57 P.20131013
EN work/KHOI_DEM_BTN 1598847191 \
      FL C:/Users/Admin/Documents/TT-HDL-N7-S2/VHDL/BAI_TAP_LAM_THEM_VHDL/CAU7_HIEN_THI_TEN_MSSV_DO_ND/KHOI_DEM_BTN.vhd \
      PB ieee/std_logic_1164 1381692176 PB ieee/std_logic_arith 1381692177 \
      PB ieee/STD_LOGIC_UNSIGNED 1381692179
AR work/KHOI_DEM_BTN/A 1598847192 \
      FL C:/Users/Admin/Documents/TT-HDL-N7-S2/VHDL/BAI_TAP_LAM_THEM_VHDL/CAU7_HIEN_THI_TEN_MSSV_DO_ND/KHOI_DEM_BTN.vhd \
      EN work/KHOI_DEM_BTN 1598847191
FL C:/Users/Admin/Documents/TT-HDL-N7-S2/VHDL/BAI_TAP_LAM_THEM_VHDL/CAU7_HIEN_THI_TEN_MSSV_DO_ND/LAM_HEP_XUNG.vhd 2019/09/26.16:27:26 P.20131013
EN work/LAM_HEP_XUNG 1598847183 \
      FL C:/Users/Admin/Documents/TT-HDL-N7-S2/VHDL/BAI_TAP_LAM_THEM_VHDL/CAU7_HIEN_THI_TEN_MSSV_DO_ND/LAM_HEP_XUNG.vhd \
      PB ieee/std_logic_1164 1381692176 PB ieee/std_logic_arith 1381692177 \
      PB ieee/STD_LOGIC_UNSIGNED 1381692179
AR work/LAM_HEP_XUNG/Behavioral 1598847184 \
      FL C:/Users/Admin/Documents/TT-HDL-N7-S2/VHDL/BAI_TAP_LAM_THEM_VHDL/CAU7_HIEN_THI_TEN_MSSV_DO_ND/LAM_HEP_XUNG.vhd \
      EN work/LAM_HEP_XUNG 1598847183
FL C:/Users/Admin/Documents/TT-HDL-N7-S2/VHDL/BAI_TAP_LAM_THEM_VHDL/CAU7_HIEN_THI_TEN_MSSV_DO_ND/LCD_20X4_GAN_DULIEU_1SO_TO.vhd 2020/08/31.10:32:47 P.20131013
EN work/LCD_20X4_GAN_DULIEU_1SO_TO 1598847193 \
      FL C:/Users/Admin/Documents/TT-HDL-N7-S2/VHDL/BAI_TAP_LAM_THEM_VHDL/CAU7_HIEN_THI_TEN_MSSV_DO_ND/LCD_20X4_GAN_DULIEU_1SO_TO.vhd \
      PB ieee/std_logic_1164 1381692176 PB ieee/std_logic_arith 1381692177 \
      PB ieee/STD_LOGIC_UNSIGNED 1381692179
AR work/LCD_20X4_GAN_DULIEU_1SO_TO/Behavioral 1598847194 \
      FL C:/Users/Admin/Documents/TT-HDL-N7-S2/VHDL/BAI_TAP_LAM_THEM_VHDL/CAU7_HIEN_THI_TEN_MSSV_DO_ND/LCD_20X4_GAN_DULIEU_1SO_TO.vhd \
      EN work/LCD_20X4_GAN_DULIEU_1SO_TO 1598847193
FL C:/Users/Admin/Documents/TT-HDL-N7-S2/VHDL/BAI_TAP_LAM_THEM_VHDL/CAU7_HIEN_THI_TEN_MSSV_DO_ND/LCD_KHOITAO_HIENTHI_SO_TO.vhd 2020/08/22.22:52:52 P.20131013
EN work/LCD_KHOITAO_HIENTHI_SO_TO 1598847195 \
      FL C:/Users/Admin/Documents/TT-HDL-N7-S2/VHDL/BAI_TAP_LAM_THEM_VHDL/CAU7_HIEN_THI_TEN_MSSV_DO_ND/LCD_KHOITAO_HIENTHI_SO_TO.vhd \
      PB ieee/std_logic_1164 1381692176 PB ieee/std_logic_arith 1381692177 \
      PB ieee/STD_LOGIC_UNSIGNED 1381692179
AR work/LCD_KHOITAO_HIENTHI_SO_TO/Behavioral 1598847196 \
      FL C:/Users/Admin/Documents/TT-HDL-N7-S2/VHDL/BAI_TAP_LAM_THEM_VHDL/CAU7_HIEN_THI_TEN_MSSV_DO_ND/LCD_KHOITAO_HIENTHI_SO_TO.vhd \
      EN work/LCD_KHOITAO_HIENTHI_SO_TO 1598847195
