V3 11
FL C:/Users/TOSHIBA/Documents/TT_Xilinx/TTTKVMS_CHIEU_T5_NHOM_2/BAI_321_DAHOP2_4KENH_1BIT_2O/DAHOP2_4KENH_1BIT_2O.vhd 2019/09/02.14:50:37 P.20131013
EN work/DAHOP2_4KENH_1BIT_2O 1567673376 \
      FL C:/Users/TOSHIBA/Documents/TT_Xilinx/TTTKVMS_CHIEU_T5_NHOM_2/BAI_321_DAHOP2_4KENH_1BIT_2O/DAHOP2_4KENH_1BIT_2O.vhd \
      PB ieee/std_logic_1164 1381692176 PB ieee/std_logic_arith 1381692177 \
      PB ieee/STD_LOGIC_UNSIGNED 1381692179
AR work/DAHOP2_4KENH_1BIT_2O/Behavioral 1567673377 \
      FL C:/Users/TOSHIBA/Documents/TT_Xilinx/TTTKVMS_CHIEU_T5_NHOM_2/BAI_321_DAHOP2_4KENH_1BIT_2O/DAHOP2_4KENH_1BIT_2O.vhd \
      EN work/DAHOP2_4KENH_1BIT_2O 1567673376 \
      CP work/DAHOP_4KENH_1BIT_CONDITIONAL CP work/DAHOP_4KENH_1BIT_SELECT
FL C:/Users/TOSHIBA/Documents/TT_Xilinx/TTTKVMS_CHIEU_T5_NHOM_2/BAI_321_DAHOP2_4KENH_1BIT_2O/DAHOP_4KENH_1BIT_CONDITIONAL.vhd 2019/09/02.14:58:19 P.20131013
EN work/DAHOP_4KENH_1BIT_CONDITIONAL 1567673372 \
      FL C:/Users/TOSHIBA/Documents/TT_Xilinx/TTTKVMS_CHIEU_T5_NHOM_2/BAI_321_DAHOP2_4KENH_1BIT_2O/DAHOP_4KENH_1BIT_CONDITIONAL.vhd \
      PB ieee/std_logic_1164 1381692176
AR work/DAHOP_4KENH_1BIT_CONDITIONAL/Behavioral 1567673373 \
      FL C:/Users/TOSHIBA/Documents/TT_Xilinx/TTTKVMS_CHIEU_T5_NHOM_2/BAI_321_DAHOP2_4KENH_1BIT_2O/DAHOP_4KENH_1BIT_CONDITIONAL.vhd \
      EN work/DAHOP_4KENH_1BIT_CONDITIONAL 1567673372
FL C:/Users/TOSHIBA/Documents/TT_Xilinx/TTTKVMS_CHIEU_T5_NHOM_2/BAI_321_DAHOP2_4KENH_1BIT_2O/DAHOP_4KENH_1BIT_SELECT.vhd 2019/09/02.14:57:50 P.20131013
EN work/DAHOP_4KENH_1BIT_SELECT 1567673374 \
      FL C:/Users/TOSHIBA/Documents/TT_Xilinx/TTTKVMS_CHIEU_T5_NHOM_2/BAI_321_DAHOP2_4KENH_1BIT_2O/DAHOP_4KENH_1BIT_SELECT.vhd \
      PB ieee/std_logic_1164 1381692176
AR work/DAHOP_4KENH_1BIT_SELECT/Behavioral 1567673375 \
      FL C:/Users/TOSHIBA/Documents/TT_Xilinx/TTTKVMS_CHIEU_T5_NHOM_2/BAI_321_DAHOP2_4KENH_1BIT_2O/DAHOP_4KENH_1BIT_SELECT.vhd \
      EN work/DAHOP_4KENH_1BIT_SELECT 1567673374
