EN dem_4so NULL C:/Users/TOSHIBA/Documents/TT_Xilinx/TTTKVMS_CHIEU_T5_NHOM_2/BAI_504_DEM_0_9999_HT_7DOAN/DEM_4SO.vhd sub00/vhpl00 1571824139
AR dahop_4kenh behavioral C:/Users/TOSHIBA/Documents/TT_Xilinx/TTTKVMS_CHIEU_T5_NHOM_2/BAI_504_DEM_0_9999_HT_7DOAN/DAHOP_4KENH.vhd sub00/vhpl07 1571824144
EN dem_0_9999_ht_7doan NULL C:/Users/TOSHIBA/Documents/TT_Xilinx/TTTKVMS_CHIEU_T5_NHOM_2/BAI_504_DEM_0_9999_HT_7DOAN/DEM_0_9999_HT_7DOAN.vhd sub00/vhpl10 1571824147
AR chia_10ena behavioral C:/Users/TOSHIBA/Documents/TT_Xilinx/TTTKVMS_CHIEU_T5_NHOM_2/BAI_504_DEM_0_9999_HT_7DOAN/CHIA_10ENA.vhd sub00/vhpl03 1571824138
AR giaima_7doan behavioral C:/Users/TOSHIBA/Documents/TT_Xilinx/TTTKVMS_CHIEU_T5_NHOM_2/BAI_504_DEM_0_9999_HT_7DOAN/GIAIMA_7DOAN.vhd sub00/vhpl09 1571824146
EN dem_2bit_select NULL C:/Users/TOSHIBA/Documents/TT_Xilinx/TTTKVMS_CHIEU_T5_NHOM_2/BAI_504_DEM_0_9999_HT_7DOAN/DEM_2BIT_SELECT.vhd sub00/vhpl04 1571824141
EN giaima_7doan NULL C:/Users/TOSHIBA/Documents/TT_Xilinx/TTTKVMS_CHIEU_T5_NHOM_2/BAI_504_DEM_0_9999_HT_7DOAN/GIAIMA_7DOAN.vhd sub00/vhpl08 1571824145
AR dem_2bit_select behavioral C:/Users/TOSHIBA/Documents/TT_Xilinx/TTTKVMS_CHIEU_T5_NHOM_2/BAI_504_DEM_0_9999_HT_7DOAN/DEM_2BIT_SELECT.vhd sub00/vhpl05 1571824142
AR dem_0_9999_ht_7doan behavioral C:/Users/TOSHIBA/Documents/TT_Xilinx/TTTKVMS_CHIEU_T5_NHOM_2/BAI_504_DEM_0_9999_HT_7DOAN/DEM_0_9999_HT_7DOAN.vhd sub00/vhpl11 1571824148
EN dahop_4kenh NULL C:/Users/TOSHIBA/Documents/TT_Xilinx/TTTKVMS_CHIEU_T5_NHOM_2/BAI_504_DEM_0_9999_HT_7DOAN/DAHOP_4KENH.vhd sub00/vhpl06 1571824143
EN chia_10ena NULL C:/Users/TOSHIBA/Documents/TT_Xilinx/TTTKVMS_CHIEU_T5_NHOM_2/BAI_504_DEM_0_9999_HT_7DOAN/CHIA_10ENA.vhd sub00/vhpl02 1571824137
AR dem_4so behavioral C:/Users/TOSHIBA/Documents/TT_Xilinx/TTTKVMS_CHIEU_T5_NHOM_2/BAI_504_DEM_0_9999_HT_7DOAN/DEM_4SO.vhd sub00/vhpl01 1571824140
