Release 14.7 - xst P.20131013 (nt64)
Copyright (c) 1995-2013 Xilinx, Inc.  All rights reserved.
--> Parameter TMPDIR set to xst/projnav.tmp


Total REAL time to Xst completion: 0.00 secs
Total CPU time to Xst completion: 0.15 secs
 
--> Parameter xsthdpdir set to xst


Total REAL time to Xst completion: 0.00 secs
Total CPU time to Xst completion: 0.15 secs
 
--> Reading design: DK_6LED_8CT_ENA_SS.prj

TABLE OF CONTENTS
  1) Synthesis Options Summary
  2) HDL Compilation
  3) Design Hierarchy Analysis
  4) HDL Analysis
  5) HDL Synthesis
     5.1) HDL Synthesis Report
  6) Advanced HDL Synthesis
     6.1) Advanced HDL Synthesis Report
  7) Low Level Synthesis
  8) Partition Report
  9) Final Report
	9.1) Device utilization summary
	9.2) Partition Resource Summary
	9.3) TIMING REPORT


=========================================================================
*                      Synthesis Options Summary                        *
=========================================================================
---- Source Parameters
Input File Name                    : "DK_6LED_8CT_ENA_SS.prj"
Input Format                       : mixed
Ignore Synthesis Constraint File   : NO

---- Target Parameters
Output File Name                   : "DK_6LED_8CT_ENA_SS"
Output Format                      : NGC
Target Device                      : xc3s500e-5-pq208

---- Source Options
Top Module Name                    : DK_6LED_8CT_ENA_SS
Automatic FSM Extraction           : YES
FSM Encoding Algorithm             : Auto
Safe Implementation                : No
FSM Style                          : LUT
RAM Extraction                     : Yes
RAM Style                          : Auto
ROM Extraction                     : Yes
Mux Style                          : Auto
Decoder Extraction                 : YES
Priority Encoder Extraction        : Yes
Shift Register Extraction          : YES
Logical Shifter Extraction         : YES
XOR Collapsing                     : YES
ROM Style                          : Auto
Mux Extraction                     : Yes
Resource Sharing                   : YES
Asynchronous To Synchronous        : NO
Multiplier Style                   : Auto
Automatic Register Balancing       : No

---- Target Options
Add IO Buffers                     : YES
Global Maximum Fanout              : 100000
Add Generic Clock Buffer(BUFG)     : 24
Register Duplication               : YES
Slice Packing                      : YES
Optimize Instantiated Primitives   : NO
Use Clock Enable                   : Yes
Use Synchronous Set                : Yes
Use Synchronous Reset              : Yes
Pack IO Registers into IOBs        : Auto
Equivalent register Removal        : YES

---- General Options
Optimization Goal                  : Speed
Optimization Effort                : 1
Keep Hierarchy                     : No
Netlist Hierarchy                  : As_Optimized
RTL Output                         : Yes
Global Optimization                : AllClockNets
Read Cores                         : YES
Write Timing Constraints           : NO
Cross Clock Analysis               : NO
Hierarchy Separator                : /
Bus Delimiter                      : <>
Case Specifier                     : Maintain
Slice Utilization Ratio            : 100
BRAM Utilization Ratio             : 100
Verilog 2001                       : YES
Auto BRAM Packing                  : NO
Slice Utilization Ratio Delta      : 5

=========================================================================


=========================================================================
*                          HDL Compilation                              *
=========================================================================
Compiling vhdl file "C:/Users/TOSHIBA/Documents/TT_Xilinx/TTTKVMS_CHIEU_T5_NHOM_2/BAI_452_3_DK_6LED_8CT_ENA_SS/CHIA_10ENA.vhd" in Library work.
Architecture behavioral of Entity chia_10ena is up to date.
Compiling vhdl file "C:/Users/TOSHIBA/Documents/TT_Xilinx/TTTKVMS_CHIEU_T5_NHOM_2/BAI_452_3_DK_6LED_8CT_ENA_SS/LED_STD_PST.vhd" in Library work.
Architecture behavioral of Entity led_std_pst is up to date.
Compiling vhdl file "C:/Users/TOSHIBA/Documents/TT_Xilinx/TTTKVMS_CHIEU_T5_NHOM_2/BAI_452_3_DK_6LED_8CT_ENA_SS/LED_STD_TSP.vhd" in Library work.
Architecture behavioral of Entity led_std_tsp is up to date.
Compiling vhdl file "C:/Users/TOSHIBA/Documents/TT_Xilinx/TTTKVMS_CHIEU_T5_NHOM_2/BAI_452_3_DK_6LED_8CT_ENA_SS/LED_STD_TNV.vhd" in Library work.
Architecture behavioral of Entity led_std_tnv is up to date.
Compiling vhdl file "C:/Users/TOSHIBA/Documents/TT_Xilinx/TTTKVMS_CHIEU_T5_NHOM_2/BAI_452_3_DK_6LED_8CT_ENA_SS/LED_STD_TTR.vhd" in Library work.
Architecture behavioral of Entity led_std_ttr is up to date.
Compiling vhdl file "C:/Users/TOSHIBA/Documents/TT_Xilinx/TTTKVMS_CHIEU_T5_NHOM_2/BAI_452_3_DK_6LED_8CT_ENA_SS/LED_DSDC_PST.vhd" in Library work.
Architecture behavioral of Entity led_dsdc_pst is up to date.
Compiling vhdl file "C:/Users/TOSHIBA/Documents/TT_Xilinx/TTTKVMS_CHIEU_T5_NHOM_2/BAI_452_3_DK_6LED_8CT_ENA_SS/LED_DSDC_TSP.vhd" in Library work.
Architecture behavioral of Entity led_dsdc_tsp is up to date.
Compiling vhdl file "C:/Users/TOSHIBA/Documents/TT_Xilinx/TTTKVMS_CHIEU_T5_NHOM_2/BAI_452_3_DK_6LED_8CT_ENA_SS/LED_SANGDON_PST.vhd" in Library work.
Architecture behavioral of Entity led_sangdon_pst is up to date.
Compiling vhdl file "C:/Users/TOSHIBA/Documents/TT_Xilinx/TTTKVMS_CHIEU_T5_NHOM_2/BAI_452_3_DK_6LED_8CT_ENA_SS/LED_SANGDON_TSP.vhd" in Library work.
Architecture behavioral of Entity led_sangdon_tsp is up to date.
Compiling vhdl file "C:/Users/TOSHIBA/Documents/TT_Xilinx/TTTKVMS_CHIEU_T5_NHOM_2/BAI_452_3_DK_6LED_8CT_ENA_SS/DIEUKHIEN_CHOPHEP.vhd" in Library work.
Architecture behavioral of Entity dieukhien_chophep is up to date.
Compiling vhdl file "C:/Users/TOSHIBA/Documents/TT_Xilinx/TTTKVMS_CHIEU_T5_NHOM_2/BAI_452_3_DK_6LED_8CT_ENA_SS/DK_6LED_8CT_ENA_SS.vhd" in Library work.
Entity <dk_6led_8ct_ena_ss> compiled.
Entity <dk_6led_8ct_ena_ss> (Architecture <behavioral>) compiled.

=========================================================================
*                     Design Hierarchy Analysis                         *
=========================================================================
Analyzing hierarchy for entity <DK_6LED_8CT_ENA_SS> in library <work> (architecture <behavioral>).

Analyzing hierarchy for entity <CHIA_10ENA> in library <work> (architecture <Behavioral>).

Analyzing hierarchy for entity <LED_STD_PST> in library <work> (architecture <Behavioral>).

Analyzing hierarchy for entity <LED_STD_TSP> in library <work> (architecture <Behavioral>).

Analyzing hierarchy for entity <LED_STD_TNV> in library <work> (architecture <Behavioral>).

Analyzing hierarchy for entity <LED_STD_TTR> in library <work> (architecture <Behavioral>).

Analyzing hierarchy for entity <LED_DSDC_PST> in library <work> (architecture <Behavioral>).

Analyzing hierarchy for entity <LED_DSDC_TSP> in library <work> (architecture <Behavioral>).

Analyzing hierarchy for entity <LED_SANGDON_PST> in library <work> (architecture <Behavioral>).

Analyzing hierarchy for entity <LED_SANGDON_TSP> in library <work> (architecture <Behavioral>).

Analyzing hierarchy for entity <DIEUKHIEN_CHOPHEP> in library <work> (architecture <Behavioral>).


=========================================================================
*                            HDL Analysis                               *
=========================================================================
Analyzing Entity <DK_6LED_8CT_ENA_SS> in library <work> (Architecture <behavioral>).
Entity <DK_6LED_8CT_ENA_SS> analyzed. Unit <DK_6LED_8CT_ENA_SS> generated.

Analyzing Entity <CHIA_10ENA> in library <work> (Architecture <Behavioral>).
Entity <CHIA_10ENA> analyzed. Unit <CHIA_10ENA> generated.

Analyzing Entity <LED_STD_PST> in library <work> (Architecture <Behavioral>).
Entity <LED_STD_PST> analyzed. Unit <LED_STD_PST> generated.

Analyzing Entity <LED_STD_TSP> in library <work> (Architecture <Behavioral>).
Entity <LED_STD_TSP> analyzed. Unit <LED_STD_TSP> generated.

Analyzing Entity <LED_STD_TNV> in library <work> (Architecture <Behavioral>).
Entity <LED_STD_TNV> analyzed. Unit <LED_STD_TNV> generated.

Analyzing Entity <LED_STD_TTR> in library <work> (Architecture <Behavioral>).
Entity <LED_STD_TTR> analyzed. Unit <LED_STD_TTR> generated.

Analyzing Entity <LED_DSDC_PST> in library <work> (Architecture <Behavioral>).
Entity <LED_DSDC_PST> analyzed. Unit <LED_DSDC_PST> generated.

Analyzing Entity <LED_DSDC_TSP> in library <work> (Architecture <Behavioral>).
Entity <LED_DSDC_TSP> analyzed. Unit <LED_DSDC_TSP> generated.

Analyzing Entity <LED_SANGDON_PST> in library <work> (Architecture <Behavioral>).
Entity <LED_SANGDON_PST> analyzed. Unit <LED_SANGDON_PST> generated.

Analyzing Entity <LED_SANGDON_TSP> in library <work> (Architecture <Behavioral>).
Entity <LED_SANGDON_TSP> analyzed. Unit <LED_SANGDON_TSP> generated.

Analyzing Entity <DIEUKHIEN_CHOPHEP> in library <work> (Architecture <Behavioral>).
Entity <DIEUKHIEN_CHOPHEP> analyzed. Unit <DIEUKHIEN_CHOPHEP> generated.


=========================================================================
*                           HDL Synthesis                               *
=========================================================================

Performing bidirectional port resolution...

Synthesizing Unit <CHIA_10ENA>.
    Related source file is "C:/Users/TOSHIBA/Documents/TT_Xilinx/TTTKVMS_CHIEU_T5_NHOM_2/BAI_452_3_DK_6LED_8CT_ENA_SS/CHIA_10ENA.vhd".
    Found 22-bit adder for signal <D20HZ_N$addsub0000> created at line 97.
    Found 22-bit register for signal <D20HZ_R>.
    Found 24-bit adder for signal <D5HZ_N$addsub0000> created at line 99.
    Found 24-bit register for signal <D5HZ_R>.
    Summary:
	inferred  46 D-type flip-flop(s).
	inferred   2 Adder/Subtractor(s).
Unit <CHIA_10ENA> synthesized.


Synthesizing Unit <LED_STD_PST>.
    Related source file is "C:/Users/TOSHIBA/Documents/TT_Xilinx/TTTKVMS_CHIEU_T5_NHOM_2/BAI_452_3_DK_6LED_8CT_ENA_SS/LED_STD_PST.vhd".
    Found 6-bit register for signal <Q_R>.
    Summary:
	inferred   6 D-type flip-flop(s).
Unit <LED_STD_PST> synthesized.


Synthesizing Unit <LED_STD_TSP>.
    Related source file is "C:/Users/TOSHIBA/Documents/TT_Xilinx/TTTKVMS_CHIEU_T5_NHOM_2/BAI_452_3_DK_6LED_8CT_ENA_SS/LED_STD_TSP.vhd".
    Found 6-bit register for signal <Q_R>.
    Summary:
	inferred   6 D-type flip-flop(s).
Unit <LED_STD_TSP> synthesized.


Synthesizing Unit <LED_STD_TNV>.
    Related source file is "C:/Users/TOSHIBA/Documents/TT_Xilinx/TTTKVMS_CHIEU_T5_NHOM_2/BAI_452_3_DK_6LED_8CT_ENA_SS/LED_STD_TNV.vhd".
    Found 6-bit register for signal <Q_R>.
    Summary:
	inferred   6 D-type flip-flop(s).
Unit <LED_STD_TNV> synthesized.


Synthesizing Unit <LED_STD_TTR>.
    Related source file is "C:/Users/TOSHIBA/Documents/TT_Xilinx/TTTKVMS_CHIEU_T5_NHOM_2/BAI_452_3_DK_6LED_8CT_ENA_SS/LED_STD_TTR.vhd".
    Found 6-bit register for signal <Q_R>.
    Summary:
	inferred   6 D-type flip-flop(s).
Unit <LED_STD_TTR> synthesized.


Synthesizing Unit <LED_DSDC_PST>.
    Related source file is "C:/Users/TOSHIBA/Documents/TT_Xilinx/TTTKVMS_CHIEU_T5_NHOM_2/BAI_452_3_DK_6LED_8CT_ENA_SS/LED_DSDC_PST.vhd".
    Found 6-bit register for signal <Q_R>.
Unit <LED_DSDC_PST> synthesized.


Synthesizing Unit <LED_DSDC_TSP>.
    Related source file is "C:/Users/TOSHIBA/Documents/TT_Xilinx/TTTKVMS_CHIEU_T5_NHOM_2/BAI_452_3_DK_6LED_8CT_ENA_SS/LED_DSDC_TSP.vhd".
    Found 6-bit register for signal <Q_R>.
Unit <LED_DSDC_TSP> synthesized.


Synthesizing Unit <LED_SANGDON_PST>.
    Related source file is "C:/Users/TOSHIBA/Documents/TT_Xilinx/TTTKVMS_CHIEU_T5_NHOM_2/BAI_452_3_DK_6LED_8CT_ENA_SS/LED_SANGDON_PST.vhd".
    Found 3-bit register for signal <DC_R>.
    Found 3-bit subtractor for signal <DC_R$addsub0000> created at line 88.
    Found 3-bit subtractor for signal <DC_R$sub0000> created at line 85.
    Found 3-bit register for signal <DL_R>.
    Found 6-bit register for signal <X_R>.
    Found 6-bit register for signal <Y_R>.
    Summary:
	inferred  12 D-type flip-flop(s).
	inferred   2 Adder/Subtractor(s).
Unit <LED_SANGDON_PST> synthesized.


Synthesizing Unit <LED_SANGDON_TSP>.
    Related source file is "C:/Users/TOSHIBA/Documents/TT_Xilinx/TTTKVMS_CHIEU_T5_NHOM_2/BAI_452_3_DK_6LED_8CT_ENA_SS/LED_SANGDON_TSP.vhd".
    Found 3-bit register for signal <DC_R>.
    Found 3-bit subtractor for signal <DC_R$addsub0000> created at line 88.
    Found 3-bit subtractor for signal <DC_R$sub0000> created at line 85.
    Found 3-bit register for signal <DL_R>.
    Found 6-bit register for signal <X_R>.
    Found 6-bit register for signal <Y_R>.
    Summary:
	inferred  12 D-type flip-flop(s).
	inferred   2 Adder/Subtractor(s).
Unit <LED_SANGDON_TSP> synthesized.


Synthesizing Unit <DIEUKHIEN_CHOPHEP>.
    Related source file is "C:/Users/TOSHIBA/Documents/TT_Xilinx/TTTKVMS_CHIEU_T5_NHOM_2/BAI_452_3_DK_6LED_8CT_ENA_SS/DIEUKHIEN_CHOPHEP.vhd".
    Found 7-bit up counter for signal <DEM_R>.
    Found 7-bit comparator less for signal <OE$cmp_lt0000> created at line 58.
    Found 7-bit comparator less for signal <OE$cmp_lt0001> created at line 59.
    Found 7-bit comparator less for signal <OE$cmp_lt0002> created at line 60.
    Found 7-bit comparator less for signal <OE$cmp_lt0003> created at line 61.
    Found 7-bit comparator less for signal <OE$cmp_lt0004> created at line 62.
    Found 7-bit comparator less for signal <OE$cmp_lt0005> created at line 63.
    Found 7-bit comparator less for signal <OE$cmp_lt0006> created at line 64.
    Summary:
	inferred   1 Counter(s).
	inferred   7 Comparator(s).
Unit <DIEUKHIEN_CHOPHEP> synthesized.


Synthesizing Unit <DK_6LED_8CT_ENA_SS>.
    Related source file is "C:/Users/TOSHIBA/Documents/TT_Xilinx/TTTKVMS_CHIEU_T5_NHOM_2/BAI_452_3_DK_6LED_8CT_ENA_SS/DK_6LED_8CT_ENA_SS.vhd".
Unit <DK_6LED_8CT_ENA_SS> synthesized.


=========================================================================
HDL Synthesis Report

Macro Statistics
# Adders/Subtractors                                   : 6
 22-bit adder                                          : 1
 24-bit adder                                          : 1
 3-bit subtractor                                      : 4
# Counters                                             : 1
 7-bit up counter                                      : 1
# Registers                                            : 16
 22-bit register                                       : 1
 24-bit register                                       : 1
 3-bit register                                        : 4
 6-bit register                                        : 10
# Comparators                                          : 7
 7-bit comparator less                                 : 7

=========================================================================

=========================================================================
*                       Advanced HDL Synthesis                          *
=========================================================================


=========================================================================
Advanced HDL Synthesis Report

Macro Statistics
# Adders/Subtractors                                   : 6
 22-bit adder                                          : 1
 24-bit adder                                          : 1
 3-bit subtractor                                      : 4
# Counters                                             : 1
 7-bit up counter                                      : 1
# Registers                                            : 118
 Flip-Flops                                            : 118
# Comparators                                          : 7
 7-bit comparator less                                 : 7

=========================================================================

=========================================================================
*                         Low Level Synthesis                           *
=========================================================================

Optimizing unit <DK_6LED_8CT_ENA_SS> ...

Optimizing unit <CHIA_10ENA> ...

Optimizing unit <LED_STD_PST> ...

Optimizing unit <LED_STD_TSP> ...

Optimizing unit <LED_STD_TNV> ...

Optimizing unit <LED_STD_TTR> ...

Optimizing unit <DIEUKHIEN_CHOPHEP> ...

Optimizing unit <LED_DSDC_PST> ...

Optimizing unit <LED_DSDC_TSP> ...

Optimizing unit <LED_SANGDON_PST> ...

Optimizing unit <LED_SANGDON_TSP> ...

Mapping all equations...
Building and optimizing final netlist ...
Found area constraint ratio of 100 (+ 5) on block DK_6LED_8CT_ENA_SS, actual ratio is 3.

Final Macro Processing ...

=========================================================================
Final Register Report

Macro Statistics
# Registers                                            : 125
 Flip-Flops                                            : 125

=========================================================================

=========================================================================
*                           Partition Report                            *
=========================================================================

Partition Implementation Status
-------------------------------

  No Partitions were found in this design.

-------------------------------

=========================================================================
*                            Final Report                               *
=========================================================================
Final Results
RTL Top Level Output File Name     : DK_6LED_8CT_ENA_SS.ngr
Top Level Output File Name         : DK_6LED_8CT_ENA_SS
Output Format                      : NGC
Optimization Goal                  : Speed
Keep Hierarchy                     : No

Design Statistics
# IOs                              : 10

Cell Usage :
# BELS                             : 353
#      GND                         : 1
#      INV                         : 4
#      LUT1                        : 44
#      LUT2                        : 41
#      LUT2_D                      : 2
#      LUT3                        : 39
#      LUT3_D                      : 3
#      LUT3_L                      : 6
#      LUT4                        : 99
#      LUT4_D                      : 11
#      LUT4_L                      : 10
#      MUXCY                       : 44
#      MUXF5                       : 2
#      VCC                         : 1
#      XORCY                       : 46
# FlipFlops/Latches                : 125
#      FDCE                        : 7
#      FDCE_1                      : 62
#      FDPE_1                      : 10
#      FDR_1                       : 44
#      FDS_1                       : 2
# Clock Buffers                    : 1
#      BUFGP                       : 1
# IO Buffers                       : 9
#      IBUF                        : 3
#      OBUF                        : 6
=========================================================================

Device utilization summary:
---------------------------

Selected Device : 3s500epq208-5 

 Number of Slices:                      138  out of   4656     2%  
 Number of Slice Flip Flops:            125  out of   9312     1%  
 Number of 4 input LUTs:                259  out of   9312     2%  
 Number of IOs:                          10
 Number of bonded IOBs:                  10  out of    158     6%  
 Number of GCLKs:                         1  out of     24     4%  

---------------------------
Partition Resource Summary:
---------------------------

  No Partitions were found in this design.

---------------------------


=========================================================================
TIMING REPORT

NOTE: THESE TIMING NUMBERS ARE ONLY A SYNTHESIS ESTIMATE.
      FOR ACCURATE TIMING INFORMATION PLEASE REFER TO THE TRACE REPORT
      GENERATED AFTER PLACE-and-ROUTE.

Clock Information:
------------------
-----------------------------------+------------------------+-------+
Clock Signal                       | Clock buffer(FF name)  | Load  |
-----------------------------------+------------------------+-------+
CKHT                               | BUFGP                  | 125   |
-----------------------------------+------------------------+-------+

Asynchronous Control Signals Information:
----------------------------------------
-----------------------------------+------------------------+-------+
Control Signal                     | Buffer(FF name)        | Load  |
-----------------------------------+------------------------+-------+
BTN                                | IBUF                   | 79    |
-----------------------------------+------------------------+-------+

Timing Summary:
---------------
Speed Grade: -5

   Minimum period: 6.494ns (Maximum Frequency: 153.995MHz)
   Minimum input arrival time before clock: 7.080ns
   Maximum output required time after clock: 11.121ns
   Maximum combinational path delay: 11.262ns

Timing Detail:
--------------
All values displayed in nanoseconds (ns)

=========================================================================
Timing constraint: Default period analysis for Clock 'CKHT'
  Clock period: 6.494ns (frequency: 153.995MHz)
  Total number of paths / destination ports: 6951 / 250
-------------------------------------------------------------------------
Delay:               6.494ns (Levels of Logic = 4)
  Source:            IC1/D20HZ_R_6 (FF)
  Destination:       IC8/DL_R_2 (FF)
  Source Clock:      CKHT falling
  Destination Clock: CKHT falling

  Data Path: IC1/D20HZ_R_6 to IC8/DL_R_2
                                Gate     Net
    Cell:in->out      fanout   Delay   Delay  Logical Name (Net Name)
    ----------------------------------------  ------------
     FDR_1:C->Q            3   0.514   0.603  IC1/D20HZ_R_6 (IC1/D20HZ_R_6)
     LUT4:I0->O            1   0.612   0.360  ENA_DB117 (ENA_DB117)
     LUT4:I3->O            1   0.612   0.426  ENA_DB131 (ENA_DB131)
     LUT4:I1->O           17   0.612   0.962  ENA_DB164 (ENA_DB)
     LUT4:I1->O            9   0.612   0.697  IC8/X_R_not0001 (IC8/X_R_not0001)
     FDCE_1:CE                 0.483          IC8/X_R_0
    ----------------------------------------
    Total                      6.494ns (3.445ns logic, 3.049ns route)
                                       (53.1% logic, 46.9% route)

=========================================================================
Timing constraint: Default OFFSET IN BEFORE for Clock 'CKHT'
  Total number of paths / destination ports: 443 / 155
-------------------------------------------------------------------------
Offset:              7.080ns (Levels of Logic = 5)
  Source:            SW<1> (PAD)
  Destination:       IC8/DL_R_2 (FF)
  Destination Clock: CKHT falling

  Data Path: SW<1> to IC8/DL_R_2
                                Gate     Net
    Cell:in->out      fanout   Delay   Delay  Logical Name (Net Name)
    ----------------------------------------  ------------
     IBUF:I->O             2   1.106   0.532  SW_1_IBUF (SW_1_IBUF)
     LUT4:I0->O            1   0.612   0.426  ENA_DB131_SW0 (N27)
     LUT4:I1->O            1   0.612   0.426  ENA_DB131 (ENA_DB131)
     LUT4:I1->O           17   0.612   0.962  ENA_DB164 (ENA_DB)
     LUT4:I1->O            9   0.612   0.697  IC8/X_R_not0001 (IC8/X_R_not0001)
     FDCE_1:CE                 0.483          IC8/X_R_0
    ----------------------------------------
    Total                      7.080ns (4.037ns logic, 3.043ns route)
                                       (57.0% logic, 43.0% route)

=========================================================================
Timing constraint: Default OFFSET OUT AFTER for Clock 'CKHT'
  Total number of paths / destination ports: 373 / 6
-------------------------------------------------------------------------
Offset:              11.121ns (Levels of Logic = 7)
  Source:            IC10/DEM_R_1 (FF)
  Destination:       LED<4> (PAD)
  Source Clock:      CKHT falling

  Data Path: IC10/DEM_R_1 to LED<4>
                                Gate     Net
    Cell:in->out      fanout   Delay   Delay  Logical Name (Net Name)
    ----------------------------------------  ------------
     FDCE:C->Q            14   0.514   1.002  IC10/DEM_R_1 (IC10/DEM_R_1)
     LUT2_D:I0->LO         1   0.612   0.103  IC10/OE<6>11 (N120)
     LUT4:I3->O            2   0.612   0.383  IC10/OE<6>_SW1 (N11)
     LUT4_D:I3->O         23   0.612   1.174  IC10/OE<6> (OE<6>)
     LUT3:I0->O            1   0.612   0.360  LED<4>15_SW0 (N109)
     LUT4:I3->O            1   0.612   0.387  LED<4>15 (LED<4>15)
     LUT4:I2->O            1   0.612   0.357  LED<4>29 (LED_4_OBUF)
     OBUF:I->O                 3.169          LED_4_OBUF (LED<4>)
    ----------------------------------------
    Total                     11.121ns (7.355ns logic, 3.766ns route)
                                       (66.1% logic, 33.9% route)

=========================================================================
Timing constraint: Default path analysis
  Total number of paths / destination ports: 62 / 6
-------------------------------------------------------------------------
Delay:               11.262ns (Levels of Logic = 7)
  Source:            BTN (PAD)
  Destination:       LED<4> (PAD)

  Data Path: BTN to LED<4>
                                Gate     Net
    Cell:in->out      fanout   Delay   Delay  Logical Name (Net Name)
    ----------------------------------------  ------------
     IBUF:I->O            86   1.106   1.239  BTN_IBUF (BTN_IBUF)
     LUT2:I0->O            2   0.612   0.410  IC10/OE<6>_SW0 (N10)
     LUT4_D:I2->O         23   0.612   1.174  IC10/OE<6> (OE<6>)
     LUT3:I0->O            1   0.612   0.360  LED<4>15_SW0 (N109)
     LUT4:I3->O            1   0.612   0.387  LED<4>15 (LED<4>15)
     LUT4:I2->O            1   0.612   0.357  LED<4>29 (LED_4_OBUF)
     OBUF:I->O                 3.169          LED_4_OBUF (LED<4>)
    ----------------------------------------
    Total                     11.262ns (7.335ns logic, 3.927ns route)
                                       (65.1% logic, 34.9% route)

=========================================================================


Total REAL time to Xst completion: 8.00 secs
Total CPU time to Xst completion: 7.93 secs
 
--> 

Total memory usage is 4536828 kilobytes

Number of errors   :    0 (   0 filtered)
Number of warnings :    0 (   0 filtered)
Number of infos    :    0 (   0 filtered)

