V3 71
FL C:/Users/Admin/Documents/TT-HDL-N7-S2/VHDL/BAI_TAP_LAM_THEM_VHDL/BTNVN_SO61/BTVN_SO61.vhd 2020/08/17.10:57:54 P.20131013
EN work/BTVN_SO61 1597636767 \
      FL C:/Users/Admin/Documents/TT-HDL-N7-S2/VHDL/BAI_TAP_LAM_THEM_VHDL/BTNVN_SO61/BTVN_SO61.vhd \
      PB ieee/std_logic_1164 1381692176
AR work/BTVN_SO61/PMH 1597636768 \
      FL C:/Users/Admin/Documents/TT-HDL-N7-S2/VHDL/BAI_TAP_LAM_THEM_VHDL/BTNVN_SO61/BTVN_SO61.vhd \
      EN work/BTVN_SO61 1597636767 CP work/CHIA_10ENA CP work/DEBOUNCE_BTN \
      CP work/CAI_GH_DEM CP work/DEM_2SO_LCD CP work/LCD_GIAI_MA_SO_TO \
      CP work/LCD_20X4_GAN_DULIEU_1SO_TO CP work/LCD_KHOITAO_HIENTHI_SO_TO \
      CP work/DEM_2SO_7DOAN CP work/GIAIMA_HIENTHI_8LED_7DOAN
FL C:/Users/Admin/Documents/TT-HDL-N7-S2/VHDL/BAI_TAP_LAM_THEM_VHDL/BTNVN_SO61/CAI_GH_DEM.vhd 2020/08/07.23:22:09 P.20131013
EN work/CAI_GH_DEM 1597636753 \
      FL C:/Users/Admin/Documents/TT-HDL-N7-S2/VHDL/BAI_TAP_LAM_THEM_VHDL/BTNVN_SO61/CAI_GH_DEM.vhd \
      PB ieee/std_logic_1164 1381692176 PB ieee/std_logic_arith 1381692177 \
      PB ieee/STD_LOGIC_UNSIGNED 1381692179
AR work/CAI_GH_DEM/Behavioral 1597636754 \
      FL C:/Users/Admin/Documents/TT-HDL-N7-S2/VHDL/BAI_TAP_LAM_THEM_VHDL/BTNVN_SO61/CAI_GH_DEM.vhd \
      EN work/CAI_GH_DEM 1597636753
FL C:/Users/Admin/Documents/TT-HDL-N7-S2/VHDL/BAI_TAP_LAM_THEM_VHDL/BTNVN_SO61/CHIA_10ENA.vhd 2020/08/07.22:50:40 P.20131013
EN work/CHIA_10ENA 1597636749 \
      FL C:/Users/Admin/Documents/TT-HDL-N7-S2/VHDL/BAI_TAP_LAM_THEM_VHDL/BTNVN_SO61/CHIA_10ENA.vhd \
      PB ieee/std_logic_1164 1381692176
AR work/CHIA_10ENA/Behavioral 1597636750 \
      FL C:/Users/Admin/Documents/TT-HDL-N7-S2/VHDL/BAI_TAP_LAM_THEM_VHDL/BTNVN_SO61/CHIA_10ENA.vhd \
      EN work/CHIA_10ENA 1597636749
FL C:/Users/Admin/Documents/TT-HDL-N7-S2/VHDL/BAI_TAP_LAM_THEM_VHDL/BTNVN_SO61/DAHOP_8KENH.vhd 2019/10/23.20:35:19 P.20131013
EN work/DAHOP_8KENH 1597636745 \
      FL C:/Users/Admin/Documents/TT-HDL-N7-S2/VHDL/BAI_TAP_LAM_THEM_VHDL/BTNVN_SO61/DAHOP_8KENH.vhd \
      PB ieee/std_logic_1164 1381692176 PB ieee/std_logic_arith 1381692177 \
      PB ieee/STD_LOGIC_UNSIGNED 1381692179
AR work/DAHOP_8KENH/Behavioral 1597636746 \
      FL C:/Users/Admin/Documents/TT-HDL-N7-S2/VHDL/BAI_TAP_LAM_THEM_VHDL/BTNVN_SO61/DAHOP_8KENH.vhd \
      EN work/DAHOP_8KENH 1597636745
FL C:/Users/Admin/Documents/TT-HDL-N7-S2/VHDL/BAI_TAP_LAM_THEM_VHDL/BTNVN_SO61/DEBOUNCE_BTN.vhd 2020/06/01.09:40:00 P.20131013
EN work/DEBOUNCE_BTN 1597636751 \
      FL C:/Users/Admin/Documents/TT-HDL-N7-S2/VHDL/BAI_TAP_LAM_THEM_VHDL/BTNVN_SO61/DEBOUNCE_BTN.vhd \
      PB ieee/std_logic_1164 1381692176 PB ieee/std_logic_arith 1381692177 \
      PB ieee/STD_LOGIC_UNSIGNED 1381692179
AR work/DEBOUNCE_BTN/Behavioral 1597636752 \
      FL C:/Users/Admin/Documents/TT-HDL-N7-S2/VHDL/BAI_TAP_LAM_THEM_VHDL/BTNVN_SO61/DEBOUNCE_BTN.vhd \
      EN work/DEBOUNCE_BTN 1597636751
FL C:/Users/Admin/Documents/TT-HDL-N7-S2/VHDL/BAI_TAP_LAM_THEM_VHDL/BTNVN_SO61/DEM_2SO_7DOAN.vhd 2020/08/17.10:23:59 P.20131013
EN work/DEM_2SO_7DOAN 1597636763 \
      FL C:/Users/Admin/Documents/TT-HDL-N7-S2/VHDL/BAI_TAP_LAM_THEM_VHDL/BTNVN_SO61/DEM_2SO_7DOAN.vhd \
      PB ieee/std_logic_1164 1381692176 PB ieee/std_logic_arith 1381692177 \
      PB ieee/STD_LOGIC_UNSIGNED 1381692179
AR work/DEM_2SO_7DOAN/Behavioral 1597636764 \
      FL C:/Users/Admin/Documents/TT-HDL-N7-S2/VHDL/BAI_TAP_LAM_THEM_VHDL/BTNVN_SO61/DEM_2SO_7DOAN.vhd \
      EN work/DEM_2SO_7DOAN 1597636763
FL C:/Users/Admin/Documents/TT-HDL-N7-S2/VHDL/BAI_TAP_LAM_THEM_VHDL/BTNVN_SO61/DEM_2SO_LCD.vhd 2020/08/07.23:22:09 P.20131013
EN work/DEM_2SO_LCD 1597636755 \
      FL C:/Users/Admin/Documents/TT-HDL-N7-S2/VHDL/BAI_TAP_LAM_THEM_VHDL/BTNVN_SO61/DEM_2SO_LCD.vhd \
      PB ieee/std_logic_1164 1381692176 PB ieee/std_logic_arith 1381692177 \
      PB ieee/STD_LOGIC_UNSIGNED 1381692179
AR work/DEM_2SO_LCD/Behavioral 1597636756 \
      FL C:/Users/Admin/Documents/TT-HDL-N7-S2/VHDL/BAI_TAP_LAM_THEM_VHDL/BTNVN_SO61/DEM_2SO_LCD.vhd \
      EN work/DEM_2SO_LCD 1597636755
FL C:/Users/Admin/Documents/TT-HDL-N7-S2/VHDL/BAI_TAP_LAM_THEM_VHDL/BTNVN_SO61/DEM_3BIT_CHON_8KENH.vhd 2019/10/23.19:51:28 P.20131013
EN work/DEM_3BIT_CHON_8KENH 1597636741 \
      FL C:/Users/Admin/Documents/TT-HDL-N7-S2/VHDL/BAI_TAP_LAM_THEM_VHDL/BTNVN_SO61/DEM_3BIT_CHON_8KENH.vhd \
      PB ieee/std_logic_1164 1381692176 PB ieee/std_logic_arith 1381692177 \
      PB ieee/STD_LOGIC_UNSIGNED 1381692179
AR work/DEM_3BIT_CHON_8KENH/Behavioral 1597636742 \
      FL C:/Users/Admin/Documents/TT-HDL-N7-S2/VHDL/BAI_TAP_LAM_THEM_VHDL/BTNVN_SO61/DEM_3BIT_CHON_8KENH.vhd \
      EN work/DEM_3BIT_CHON_8KENH 1597636741
FL C:/Users/Admin/Documents/TT-HDL-N7-S2/VHDL/BAI_TAP_LAM_THEM_VHDL/BTNVN_SO61/GIAIMA_7DOAN_ENA.vhd 2019/10/23.19:26:51 P.20131013
EN work/GIAIMA_7DOAN_ENA 1597636747 \
      FL C:/Users/Admin/Documents/TT-HDL-N7-S2/VHDL/BAI_TAP_LAM_THEM_VHDL/BTNVN_SO61/GIAIMA_7DOAN_ENA.vhd \
      PB ieee/std_logic_1164 1381692176 PB ieee/std_logic_arith 1381692177 \
      PB ieee/STD_LOGIC_UNSIGNED 1381692179
AR work/GIAIMA_7DOAN_ENA/Behavioral 1597636748 \
      FL C:/Users/Admin/Documents/TT-HDL-N7-S2/VHDL/BAI_TAP_LAM_THEM_VHDL/BTNVN_SO61/GIAIMA_7DOAN_ENA.vhd \
      EN work/GIAIMA_7DOAN_ENA 1597636747
FL C:/Users/Admin/Documents/TT-HDL-N7-S2/VHDL/BAI_TAP_LAM_THEM_VHDL/BTNVN_SO61/GIAIMA_HIENTHI_8LED_7DOAN.vhd 2019/10/23.19:19:42 P.20131013
EN work/GIAIMA_HIENTHI_8LED_7DOAN 1597636765 \
      FL C:/Users/Admin/Documents/TT-HDL-N7-S2/VHDL/BAI_TAP_LAM_THEM_VHDL/BTNVN_SO61/GIAIMA_HIENTHI_8LED_7DOAN.vhd \
      PB ieee/std_logic_1164 1381692176 PB ieee/std_logic_arith 1381692177 \
      PB ieee/STD_LOGIC_UNSIGNED 1381692179
AR work/GIAIMA_HIENTHI_8LED_7DOAN/Behavioral 1597636766 \
      FL C:/Users/Admin/Documents/TT-HDL-N7-S2/VHDL/BAI_TAP_LAM_THEM_VHDL/BTNVN_SO61/GIAIMA_HIENTHI_8LED_7DOAN.vhd \
      EN work/GIAIMA_HIENTHI_8LED_7DOAN 1597636765 CP work/DEM_3BIT_CHON_8KENH \
      CP work/QUET_ANODE_8LED_7DOAN CP work/DAHOP_8KENH CP work/GIAIMA_7DOAN_ENA
FL C:/Users/Admin/Documents/TT-HDL-N7-S2/VHDL/BAI_TAP_LAM_THEM_VHDL/BTNVN_SO61/LCD_20X4_GAN_DULIEU_1SO_TO.vhd 2020/08/07.22:50:40 P.20131013
EN work/LCD_20X4_GAN_DULIEU_1SO_TO 1597636759 \
      FL C:/Users/Admin/Documents/TT-HDL-N7-S2/VHDL/BAI_TAP_LAM_THEM_VHDL/BTNVN_SO61/LCD_20X4_GAN_DULIEU_1SO_TO.vhd \
      PB ieee/std_logic_1164 1381692176 PB ieee/std_logic_arith 1381692177 \
      PB ieee/STD_LOGIC_UNSIGNED 1381692179
AR work/LCD_20X4_GAN_DULIEU_1SO_TO/Behavioral 1597636760 \
      FL C:/Users/Admin/Documents/TT-HDL-N7-S2/VHDL/BAI_TAP_LAM_THEM_VHDL/BTNVN_SO61/LCD_20X4_GAN_DULIEU_1SO_TO.vhd \
      EN work/LCD_20X4_GAN_DULIEU_1SO_TO 1597636759
FL C:/Users/Admin/Documents/TT-HDL-N7-S2/VHDL/BAI_TAP_LAM_THEM_VHDL/BTNVN_SO61/LCD_GIAI_MA_SO_TO.vhd 2020/08/06.23:13:33 P.20131013
EN work/LCD_GIAI_MA_SO_TO 1597636757 \
      FL C:/Users/Admin/Documents/TT-HDL-N7-S2/VHDL/BAI_TAP_LAM_THEM_VHDL/BTNVN_SO61/LCD_GIAI_MA_SO_TO.vhd \
      PB ieee/std_logic_1164 1381692176 PB ieee/std_logic_arith 1381692177 \
      PB ieee/STD_LOGIC_UNSIGNED 1381692179
AR work/LCD_GIAI_MA_SO_TO/Behavioral 1597636758 \
      FL C:/Users/Admin/Documents/TT-HDL-N7-S2/VHDL/BAI_TAP_LAM_THEM_VHDL/BTNVN_SO61/LCD_GIAI_MA_SO_TO.vhd \
      EN work/LCD_GIAI_MA_SO_TO 1597636757
FL C:/Users/Admin/Documents/TT-HDL-N7-S2/VHDL/BAI_TAP_LAM_THEM_VHDL/BTNVN_SO61/LCD_KHOITAO_HIENTHI_SO_TO.vhd 2019/12/04.14:05:13 P.20131013
EN work/LCD_KHOITAO_HIENTHI_SO_TO 1597636761 \
      FL C:/Users/Admin/Documents/TT-HDL-N7-S2/VHDL/BAI_TAP_LAM_THEM_VHDL/BTNVN_SO61/LCD_KHOITAO_HIENTHI_SO_TO.vhd \
      PB ieee/std_logic_1164 1381692176 PB ieee/std_logic_arith 1381692177 \
      PB ieee/STD_LOGIC_UNSIGNED 1381692179
AR work/LCD_KHOITAO_HIENTHI_SO_TO/Behavioral 1597636762 \
      FL C:/Users/Admin/Documents/TT-HDL-N7-S2/VHDL/BAI_TAP_LAM_THEM_VHDL/BTNVN_SO61/LCD_KHOITAO_HIENTHI_SO_TO.vhd \
      EN work/LCD_KHOITAO_HIENTHI_SO_TO 1597636761
FL C:/Users/Admin/Documents/TT-HDL-N7-S2/VHDL/BAI_TAP_LAM_THEM_VHDL/BTNVN_SO61/QUET_ANODE_8LED_7DOAN.vhd 2019/10/24.16:02:31 P.20131013
EN work/QUET_ANODE_8LED_7DOAN 1597636743 \
      FL C:/Users/Admin/Documents/TT-HDL-N7-S2/VHDL/BAI_TAP_LAM_THEM_VHDL/BTNVN_SO61/QUET_ANODE_8LED_7DOAN.vhd \
      PB ieee/std_logic_1164 1381692176 PB ieee/std_logic_arith 1381692177 \
      PB ieee/STD_LOGIC_UNSIGNED 1381692179
AR work/QUET_ANODE_8LED_7DOAN/Behavioral 1597636744 \
      FL C:/Users/Admin/Documents/TT-HDL-N7-S2/VHDL/BAI_TAP_LAM_THEM_VHDL/BTNVN_SO61/QUET_ANODE_8LED_7DOAN.vhd \
      EN work/QUET_ANODE_8LED_7DOAN 1597636743
FL C:/Users/Admin/Documents/TT-HDL-N7-S2/VHDL/BTNVN_SO61/BTVN_SO61.vhd 2020/08/10.10:48:41 P.20131013
FL C:/Users/Admin/Documents/TT-HDL-N7-S2/VHDL/BTNVN_SO61/CAI_GH_DEM.vhd 2020/08/07.23:22:09 P.20131013
FL C:/Users/Admin/Documents/TT-HDL-N7-S2/VHDL/BTNVN_SO61/CHIA_10ENA.vhd 2020/08/07.22:50:40 P.20131013
FL C:/Users/Admin/Documents/TT-HDL-N7-S2/VHDL/BTNVN_SO61/DAHOP_8KENH.vhd 2019/10/23.20:35:19 P.20131013
FL C:/Users/Admin/Documents/TT-HDL-N7-S2/VHDL/BTNVN_SO61/DEBOUNCE_BTN.vhd 2020/06/01.09:40:00 P.20131013
FL C:/Users/Admin/Documents/TT-HDL-N7-S2/VHDL/BTNVN_SO61/DEM_2SO_7DOAN.vhd 2020/08/07.23:02:20 P.20131013
FL C:/Users/Admin/Documents/TT-HDL-N7-S2/VHDL/BTNVN_SO61/DEM_2SO_LCD.vhd 2020/08/07.23:22:09 P.20131013
FL C:/Users/Admin/Documents/TT-HDL-N7-S2/VHDL/BTNVN_SO61/DEM_3BIT_CHON_8KENH.vhd 2019/10/23.19:51:28 P.20131013
FL C:/Users/Admin/Documents/TT-HDL-N7-S2/VHDL/BTNVN_SO61/GIAIMA_7DOAN_ENA.vhd 2019/10/23.19:26:51 P.20131013
FL C:/Users/Admin/Documents/TT-HDL-N7-S2/VHDL/BTNVN_SO61/GIAIMA_HIENTHI_8LED_7DOAN.vhd 2019/10/23.19:19:42 P.20131013
FL C:/Users/Admin/Documents/TT-HDL-N7-S2/VHDL/BTNVN_SO61/LCD_20X4_GAN_DULIEU_1SO_TO.vhd 2020/08/07.22:50:40 P.20131013
FL C:/Users/Admin/Documents/TT-HDL-N7-S2/VHDL/BTNVN_SO61/LCD_GIAI_MA_SO_TO.vhd 2020/08/06.23:13:33 P.20131013
FL C:/Users/Admin/Documents/TT-HDL-N7-S2/VHDL/BTNVN_SO61/LCD_KHOITAO_HIENTHI_SO_TO.vhd 2019/12/04.14:05:13 P.20131013
FL C:/Users/Admin/Documents/TT-HDL-N7-S2/VHDL/BTNVN_SO61/QUET_ANODE_8LED_7DOAN.vhd 2019/10/24.16:02:31 P.20131013
