Release 14.7 - xst P.20131013 (nt64)
Copyright (c) 1995-2013 Xilinx, Inc.  All rights reserved.
--> Parameter TMPDIR set to xst/projnav.tmp


Total REAL time to Xst completion: 0.00 secs
Total CPU time to Xst completion: 0.18 secs
 
--> Parameter xsthdpdir set to xst


Total REAL time to Xst completion: 0.00 secs
Total CPU time to Xst completion: 0.18 secs
 
--> Reading design: DO_ND_DS18B20_HT_7DOAN_BUZZER_GIAY.prj

TABLE OF CONTENTS
  1) Synthesis Options Summary
  2) HDL Parsing
  3) HDL Elaboration
  4) HDL Synthesis
       4.1) HDL Synthesis Report
  5) Advanced HDL Synthesis
       5.1) Advanced HDL Synthesis Report
  6) Low Level Synthesis
  7) Partition Report
  8) Design Summary
       8.1) Primitive and Black Box Usage
       8.2) Device utilization summary
       8.3) Partition Resource Summary
       8.4) Timing Report
            8.4.1) Clock Information
            8.4.2) Asynchronous Control Signals Information
            8.4.3) Timing Summary
            8.4.4) Timing Details
            8.4.5) Cross Clock Domains Report


=========================================================================
*                      Synthesis Options Summary                        *
=========================================================================
---- Source Parameters
Input File Name                    : "DO_ND_DS18B20_HT_7DOAN_BUZZER_GIAY.prj"
Ignore Synthesis Constraint File   : NO

---- Target Parameters
Output File Name                   : "DO_ND_DS18B20_HT_7DOAN_BUZZER_GIAY"
Output Format                      : NGC
Target Device                      : xc6slx9-3-tqg144

---- Source Options
Top Module Name                    : DO_ND_DS18B20_HT_7DOAN_BUZZER_GIAY
Automatic FSM Extraction           : YES
FSM Encoding Algorithm             : Auto
Safe Implementation                : No
FSM Style                          : LUT
RAM Extraction                     : Yes
RAM Style                          : Auto
ROM Extraction                     : Yes
Shift Register Extraction          : YES
ROM Style                          : Auto
Resource Sharing                   : YES
Asynchronous To Synchronous        : NO
Shift Register Minimum Size        : 2
Use DSP Block                      : Auto
Automatic Register Balancing       : No

---- Target Options
LUT Combining                      : Auto
Reduce Control Sets                : Auto
Add IO Buffers                     : YES
Global Maximum Fanout              : 100000
Add Generic Clock Buffer(BUFG)     : 16
Register Duplication               : YES
Optimize Instantiated Primitives   : NO
Use Clock Enable                   : Auto
Use Synchronous Set                : Auto
Use Synchronous Reset              : Auto
Pack IO Registers into IOBs        : Auto
Equivalent register Removal        : YES

---- General Options
Optimization Goal                  : Speed
Optimization Effort                : 1
Power Reduction                    : NO
Keep Hierarchy                     : No
Netlist Hierarchy                  : As_Optimized
RTL Output                         : Yes
Global Optimization                : AllClockNets
Read Cores                         : YES
Write Timing Constraints           : NO
Cross Clock Analysis               : NO
Hierarchy Separator                : /
Bus Delimiter                      : <>
Case Specifier                     : Maintain
Slice Utilization Ratio            : 100
BRAM Utilization Ratio             : 100
DSP48 Utilization Ratio            : 100
Auto BRAM Packing                  : NO
Slice Utilization Ratio Delta      : 5

=========================================================================


=========================================================================
*                          HDL Parsing                                  *
=========================================================================
Parsing VHDL file "C:\Users\Admin\Documents\TT-HDL-N7-S2\VHDL\BAI_553_DO_ND_DS18B20_HT_7DOAN_BUZZER_GIAY\QUET_ANODE_8LED_7DOAN.vhd" into library work
Parsing entity <QUET_ANODE_8LED_7DOAN>.
Parsing architecture <Behavioral> of entity <quet_anode_8led_7doan>.
Parsing VHDL file "C:\Users\Admin\Documents\TT-HDL-N7-S2\VHDL\BAI_553_DO_ND_DS18B20_HT_7DOAN_BUZZER_GIAY\GIAIMA_7DOAN_ENA.vhd" into library work
Parsing entity <GIAIMA_7DOAN_ENA>.
Parsing architecture <Behavioral> of entity <giaima_7doan_ena>.
Parsing VHDL file "C:\Users\Admin\Documents\TT-HDL-N7-S2\VHDL\BAI_553_DO_ND_DS18B20_HT_7DOAN_BUZZER_GIAY\DEM_1BIT_SELECT.vhd" into library work
Parsing entity <DEM_3BIT_CHON_8KENH>.
Parsing architecture <Behavioral> of entity <dem_3bit_chon_8kenh>.
Parsing VHDL file "C:\Users\Admin\Documents\TT-HDL-N7-S2\VHDL\BAI_553_DO_ND_DS18B20_HT_7DOAN_BUZZER_GIAY\DAHOP_2KENH.vhd" into library work
Parsing entity <DAHOP_8KENH>.
Parsing architecture <Behavioral> of entity <dahop_8kenh>.
Parsing VHDL file "C:\Users\Admin\Documents\TT-HDL-N7-S2\VHDL\BAI_553_DO_ND_DS18B20_HT_7DOAN_BUZZER_GIAY\HEXTOBCD_8BIT.vhd" into library work
Parsing entity <HEXTOBCD_8BIT>.
Parsing architecture <Behavioral> of entity <hextobcd_8bit>.
Parsing VHDL file "C:\Users\Admin\Documents\TT-HDL-N7-S2\VHDL\BAI_553_DO_ND_DS18B20_HT_7DOAN_BUZZER_GIAY\HEXTOBCD_6BIT.vhd" into library work
Parsing entity <HEXTOBCD_6BIT>.
Parsing architecture <Behavioral> of entity <hextobcd_6bit>.
Parsing VHDL file "C:\Users\Admin\Documents\TT-HDL-N7-S2\VHDL\BAI_553_DO_ND_DS18B20_HT_7DOAN_BUZZER_GIAY\GIAIMA_HIENTHI_8LED_7DOAN.vhd" into library work
Parsing entity <GIAIMA_HIENTHI_8LED_7DOAN>.
Parsing architecture <Behavioral> of entity <giaima_hienthi_8led_7doan>.
Parsing VHDL file "C:\Users\Admin\Documents\TT-HDL-N7-S2\VHDL\BAI_553_DO_ND_DS18B20_HT_7DOAN_BUZZER_GIAY\DS18B20_TEMPERATURE.vhd" into library work
Parsing entity <DS18B20_TEMPERATURE>.
Parsing architecture <Behavioral> of entity <ds18b20_temperature>.
Parsing VHDL file "C:\Users\Admin\Documents\TT-HDL-N7-S2\VHDL\BAI_553_DO_ND_DS18B20_HT_7DOAN_BUZZER_GIAY\DEM_GIOPHUTGIAY.vhd" into library work
Parsing entity <DEM_GIOPHUTGIAY>.
Parsing architecture <Behavioral> of entity <dem_giophutgiay>.
Parsing VHDL file "C:\Users\Admin\Documents\TT-HDL-N7-S2\VHDL\BAI_553_DO_ND_DS18B20_HT_7DOAN_BUZZER_GIAY\CHIA_10ENA.vhd" into library work
Parsing entity <CHIA_10ENA>.
Parsing architecture <Behavioral> of entity <chia_10ena>.
Parsing VHDL file "C:\Users\Admin\Documents\TT-HDL-N7-S2\VHDL\BAI_553_DO_ND_DS18B20_HT_7DOAN_BUZZER_GIAY\DO_ND_DS18B20_HT_7DOAN.vhd" into library work
Parsing entity <DO_ND_DS18B20_HT_7DOAN_BUZZER_GIAY>.
Parsing architecture <Behavioral> of entity <do_nd_ds18b20_ht_7doan_buzzer_giay>.
ERROR:HDLCompiler:806 - "C:\Users\Admin\Documents\TT-HDL-N7-S2\VHDL\BAI_553_DO_ND_DS18B20_HT_7DOAN_BUZZER_GIAY\DO_ND_DS18B20_HT_7DOAN.vhd" Line 73: Syntax error near ":".
ERROR:HDLCompiler:806 - "C:\Users\Admin\Documents\TT-HDL-N7-S2\VHDL\BAI_553_DO_ND_DS18B20_HT_7DOAN_BUZZER_GIAY\DO_ND_DS18B20_HT_7DOAN.vhd" Line 74: Syntax error near "PORT".
ERROR:HDLCompiler:806 - "C:\Users\Admin\Documents\TT-HDL-N7-S2\VHDL\BAI_553_DO_ND_DS18B20_HT_7DOAN_BUZZER_GIAY\DO_ND_DS18B20_HT_7DOAN.vhd" Line 78: Syntax error near ";".
ERROR:HDLCompiler:1690 - "C:\Users\Admin\Documents\TT-HDL-N7-S2\VHDL\BAI_553_DO_ND_DS18B20_HT_7DOAN_BUZZER_GIAY\DO_ND_DS18B20_HT_7DOAN.vhd" Line 79: This construct is only supported in VHDL 1076-2008
ERROR:HDLCompiler:806 - "C:\Users\Admin\Documents\TT-HDL-N7-S2\VHDL\BAI_553_DO_ND_DS18B20_HT_7DOAN_BUZZER_GIAY\DO_ND_DS18B20_HT_7DOAN.vhd" Line 81: Syntax error near "PROCESS".
ERROR:HDLCompiler:806 - "C:\Users\Admin\Documents\TT-HDL-N7-S2\VHDL\BAI_553_DO_ND_DS18B20_HT_7DOAN_BUZZER_GIAY\DO_ND_DS18B20_HT_7DOAN.vhd" Line 82: Syntax error near "BEGIN".
ERROR:HDLCompiler:854 - "C:\Users\Admin\Documents\TT-HDL-N7-S2\VHDL\BAI_553_DO_ND_DS18B20_HT_7DOAN_BUZZER_GIAY\DO_ND_DS18B20_HT_7DOAN.vhd" Line 44: Unit <behavioral> ignored due to previous errors.
VHDL file C:\Users\Admin\Documents\TT-HDL-N7-S2\VHDL\BAI_553_DO_ND_DS18B20_HT_7DOAN_BUZZER_GIAY\DO_ND_DS18B20_HT_7DOAN.vhd ignored due to errors
--> 

Total memory usage is 4457528 kilobytes

Number of errors   :    7 (   0 filtered)
Number of warnings :    0 (   0 filtered)
Number of infos    :    0 (   0 filtered)

