--------------------------------------------------------------------------------
Release 14.7 Trace  (nt64)
Copyright (c) 1995-2013 Xilinx, Inc.  All rights reserved.

C:\Xilinx\14.7\ISE_DS\ISE\bin\nt64\unwrapped\trce.exe -intstyle ise -v 3 -s 3
-n 3 -fastpaths -xml DO_ND_DS_18B20_HT_7DOAN_BUZZER_GIAY.twx
DO_ND_DS_18B20_HT_7DOAN_BUZZER_GIAY.ncd -o
DO_ND_DS_18B20_HT_7DOAN_BUZZER_GIAY.twr DO_ND_DS_18B20_HT_7DOAN_BUZZER_GIAY.pcf

Design file:              DO_ND_DS_18B20_HT_7DOAN_BUZZER_GIAY.ncd
Physical constraint file: DO_ND_DS_18B20_HT_7DOAN_BUZZER_GIAY.pcf
Device,package,speed:     xc6slx9,tqg144,C,-3 (PRODUCTION 1.23 2013-10-13)
Report level:             verbose report

Environment Variable      Effect 
--------------------      ------ 
NONE                      No environment variables were set
--------------------------------------------------------------------------------

INFO:Timing:2698 - No timing constraints found, doing default enumeration.
INFO:Timing:3412 - To improve timing, see the Timing Closure User Guide (UG612).
INFO:Timing:2752 - To get complete path coverage, use the unconstrained paths 
   option. All paths that are not constrained will be reported in the 
   unconstrained paths section(s) of the report.
INFO:Timing:3339 - The clock-to-out numbers in this timing report are based on 
   a 50 Ohm transmission line loading model.  For the details of this model, 
   and for more information on accounting for different loading conditions, 
   please see the device datasheet.



Data Sheet report:
-----------------
All values displayed in nanoseconds (ns)

Setup/Hold to clock CKHT
------------+------------+------------+------------+------------+------------------+--------+
            |Max Setup to|  Process   |Max Hold to |  Process   |                  | Clock  |
Source      | clk (edge) |   Corner   | clk (edge) |   Corner   |Internal Clock(s) | Phase  |
------------+------------+------------+------------+------------+------------------+--------+
BTN0        |    5.049(R)|      SLOW  |   -1.030(R)|      FAST  |CKHT_BUFGP        |   0.000|
            |    4.440(F)|      SLOW  |   -2.299(F)|      FAST  |CKHT_BUFGP        |   0.000|
DS18B20     |    1.927(R)|      SLOW  |   -0.757(R)|      FAST  |CKHT_BUFGP        |   0.000|
------------+------------+------------+------------+------------+------------------+--------+

Clock CKHT to Pad
------------+-----------------+------------+-----------------+------------+------------------+--------+
            |Max (slowest) clk|  Process   |Min (fastest) clk|  Process   |                  | Clock  |
Destination |  (edge) to PAD  |   Corner   |  (edge) to PAD  |   Corner   |Internal Clock(s) | Phase  |
------------+-----------------+------------+-----------------+------------+------------------+--------+
ANODE<0>    |         8.763(F)|      SLOW  |         4.543(F)|      FAST  |CKHT_BUFGP        |   0.000|
ANODE<1>    |         8.963(F)|      SLOW  |         4.688(F)|      FAST  |CKHT_BUFGP        |   0.000|
ANODE<2>    |         8.812(F)|      SLOW  |         4.493(F)|      FAST  |CKHT_BUFGP        |   0.000|
ANODE<3>    |         8.900(F)|      SLOW  |         4.552(F)|      FAST  |CKHT_BUFGP        |   0.000|
ANODE<4>    |         9.108(F)|      SLOW  |         4.610(F)|      FAST  |CKHT_BUFGP        |   0.000|
ANODE<5>    |         9.155(F)|      SLOW  |         4.626(F)|      FAST  |CKHT_BUFGP        |   0.000|
ANODE<6>    |         9.107(F)|      SLOW  |         4.411(F)|      FAST  |CKHT_BUFGP        |   0.000|
ANODE<7>    |         9.328(F)|      SLOW  |         4.589(F)|      FAST  |CKHT_BUFGP        |   0.000|
BELL        |         9.153(R)|      SLOW  |         4.648(R)|      FAST  |CKHT_BUFGP        |   0.000|
            |         8.455(F)|      SLOW  |         4.119(F)|      FAST  |CKHT_BUFGP        |   0.000|
DS18B20     |         8.645(R)|      SLOW  |         4.461(R)|      FAST  |CKHT_BUFGP        |   0.000|
LED<0>      |         6.933(R)|      SLOW  |         3.504(R)|      FAST  |CKHT_BUFGP        |   0.000|
LED<1>      |         6.771(R)|      SLOW  |         3.403(R)|      FAST  |CKHT_BUFGP        |   0.000|
LED<2>      |         6.550(R)|      SLOW  |         3.246(R)|      FAST  |CKHT_BUFGP        |   0.000|
LED<3>      |         6.574(R)|      SLOW  |         3.273(R)|      FAST  |CKHT_BUFGP        |   0.000|
SSEG<0>     |        13.352(R)|      SLOW  |         5.525(R)|      FAST  |CKHT_BUFGP        |   0.000|
            |        12.463(F)|      SLOW  |         5.007(F)|      FAST  |CKHT_BUFGP        |   0.000|
SSEG<1>     |        12.725(R)|      SLOW  |         5.279(R)|      FAST  |CKHT_BUFGP        |   0.000|
            |        12.129(F)|      SLOW  |         4.646(F)|      FAST  |CKHT_BUFGP        |   0.000|
SSEG<2>     |        13.375(R)|      SLOW  |         5.548(R)|      FAST  |CKHT_BUFGP        |   0.000|
            |        12.375(F)|      SLOW  |         4.911(F)|      FAST  |CKHT_BUFGP        |   0.000|
SSEG<3>     |        13.021(R)|      SLOW  |         5.273(R)|      FAST  |CKHT_BUFGP        |   0.000|
            |        12.132(F)|      SLOW  |         4.755(F)|      FAST  |CKHT_BUFGP        |   0.000|
SSEG<4>     |        13.407(R)|      SLOW  |         5.375(R)|      FAST  |CKHT_BUFGP        |   0.000|
            |        12.267(F)|      SLOW  |         4.825(F)|      FAST  |CKHT_BUFGP        |   0.000|
SSEG<5>     |        13.201(R)|      SLOW  |         5.417(R)|      FAST  |CKHT_BUFGP        |   0.000|
            |        12.201(F)|      SLOW  |         4.780(F)|      FAST  |CKHT_BUFGP        |   0.000|
SSEG<6>     |        13.441(R)|      SLOW  |         5.383(R)|      FAST  |CKHT_BUFGP        |   0.000|
            |        12.301(F)|      SLOW  |         4.833(F)|      FAST  |CKHT_BUFGP        |   0.000|
------------+-----------------+------------+-----------------+------------+------------------+--------+

Clock to Setup on destination clock CKHT
---------------+---------+---------+---------+---------+
               | Src:Rise| Src:Fall| Src:Rise| Src:Fall|
Source Clock   |Dest:Rise|Dest:Rise|Dest:Fall|Dest:Fall|
---------------+---------+---------+---------+---------+
CKHT           |    5.613|         |         |    3.676|
---------------+---------+---------+---------+---------+


Analysis completed Sun Aug 02 20:09:48 2020 
--------------------------------------------------------------------------------

Trace Settings:
-------------------------
Trace Settings 

Peak Memory Usage: 4571 MB



