Release 14.7 - xst P.20131013 (nt64)
Copyright (c) 1995-2013 Xilinx, Inc.  All rights reserved.
--> Parameter TMPDIR set to xst/projnav.tmp


Total REAL time to Xst completion: 0.00 secs
Total CPU time to Xst completion: 0.15 secs
 
--> Parameter xsthdpdir set to xst


Total REAL time to Xst completion: 0.00 secs
Total CPU time to Xst completion: 0.15 secs
 
--> Reading design: DEM_UD_AU_SS_DEM_00_99_2TANSO_SW.prj

TABLE OF CONTENTS
  1) Synthesis Options Summary
  2) HDL Compilation
  3) Design Hierarchy Analysis
  4) HDL Analysis
  5) HDL Synthesis
     5.1) HDL Synthesis Report
  6) Advanced HDL Synthesis
     6.1) Advanced HDL Synthesis Report
  7) Low Level Synthesis
  8) Partition Report
  9) Final Report
	9.1) Device utilization summary
	9.2) Partition Resource Summary
	9.3) TIMING REPORT


=========================================================================
*                      Synthesis Options Summary                        *
=========================================================================
---- Source Parameters
Input File Name                    : "DEM_UD_AU_SS_DEM_00_99_2TANSO_SW.prj"
Input Format                       : mixed
Ignore Synthesis Constraint File   : NO

---- Target Parameters
Output File Name                   : "DEM_UD_AU_SS_DEM_00_99_2TANSO_SW"
Output Format                      : NGC
Target Device                      : xc3s500e-5-pq208

---- Source Options
Top Module Name                    : DEM_UD_AU_SS_DEM_00_99_2TANSO_SW
Automatic FSM Extraction           : YES
FSM Encoding Algorithm             : Auto
Safe Implementation                : No
FSM Style                          : LUT
RAM Extraction                     : Yes
RAM Style                          : Auto
ROM Extraction                     : Yes
Mux Style                          : Auto
Decoder Extraction                 : YES
Priority Encoder Extraction        : Yes
Shift Register Extraction          : YES
Logical Shifter Extraction         : YES
XOR Collapsing                     : YES
ROM Style                          : Auto
Mux Extraction                     : Yes
Resource Sharing                   : YES
Asynchronous To Synchronous        : NO
Multiplier Style                   : Auto
Automatic Register Balancing       : No

---- Target Options
Add IO Buffers                     : YES
Global Maximum Fanout              : 500
Add Generic Clock Buffer(BUFG)     : 24
Register Duplication               : YES
Slice Packing                      : YES
Optimize Instantiated Primitives   : NO
Use Clock Enable                   : Yes
Use Synchronous Set                : Yes
Use Synchronous Reset              : Yes
Pack IO Registers into IOBs        : Auto
Equivalent register Removal        : YES

---- General Options
Optimization Goal                  : Speed
Optimization Effort                : 1
Keep Hierarchy                     : No
Netlist Hierarchy                  : As_Optimized
RTL Output                         : Yes
Global Optimization                : AllClockNets
Read Cores                         : YES
Write Timing Constraints           : NO
Cross Clock Analysis               : NO
Hierarchy Separator                : /
Bus Delimiter                      : <>
Case Specifier                     : Maintain
Slice Utilization Ratio            : 100
BRAM Utilization Ratio             : 100
Verilog 2001                       : YES
Auto BRAM Packing                  : NO
Slice Utilization Ratio Delta      : 5

=========================================================================


=========================================================================
*                          HDL Compilation                              *
=========================================================================
Compiling vhdl file "C:/Users/TOSHIBA/Documents/TT_Xilinx/TTTKVMS_CHIEU_T5_NHOM_2/BAI_520_DEM_UD_AU_SS_DEM_00_99_2TANSO_SW/DEM_3BIT_CHON_8KENH.vhd" in Library work.
Entity <DEM_3BIT_CHON_8KENH> compiled.
Entity <DEM_3BIT_CHON_8KENH> (Architecture <Behavioral>) compiled.
Compiling vhdl file "C:/Users/TOSHIBA/Documents/TT_Xilinx/TTTKVMS_CHIEU_T5_NHOM_2/BAI_520_DEM_UD_AU_SS_DEM_00_99_2TANSO_SW/QUET_ANODE_8LED_7DOAN.vhd" in Library work.
Entity <QUET_ANODE_8LED_7DOAN> compiled.
Entity <QUET_ANODE_8LED_7DOAN> (Architecture <Behavioral>) compiled.
Compiling vhdl file "C:/Users/TOSHIBA/Documents/TT_Xilinx/TTTKVMS_CHIEU_T5_NHOM_2/BAI_520_DEM_UD_AU_SS_DEM_00_99_2TANSO_SW/DAHOP_8KENH.vhd" in Library work.
Entity <DAHOP_8KENH> compiled.
Entity <DAHOP_8KENH> (Architecture <Behavioral>) compiled.
Compiling vhdl file "C:/Users/TOSHIBA/Documents/TT_Xilinx/TTTKVMS_CHIEU_T5_NHOM_2/BAI_520_DEM_UD_AU_SS_DEM_00_99_2TANSO_SW/GIAIMA_7DOAN_ENA.vhd" in Library work.
Entity <GIAIMA_7DOAN_ENA> compiled.
Entity <GIAIMA_7DOAN_ENA> (Architecture <Behavioral>) compiled.
Compiling vhdl file "C:/Users/TOSHIBA/Documents/TT_Xilinx/TTTKVMS_CHIEU_T5_NHOM_2/BAI_520_DEM_UD_AU_SS_DEM_00_99_2TANSO_SW/DEBOUNCE_BTN.vhd" in Library work.
Entity <DEBOUNCE_BTN> compiled.
Entity <DEBOUNCE_BTN> (Architecture <Behavioral>) compiled.
Compiling vhdl file "C:/Users/TOSHIBA/Documents/TT_Xilinx/TTTKVMS_CHIEU_T5_NHOM_2/BAI_520_DEM_UD_AU_SS_DEM_00_99_2TANSO_SW/LAM_HEP_XUNG.vhd" in Library work.
Entity <LAM_HEP_XUNG> compiled.
Entity <LAM_HEP_XUNG> (Architecture <Behavioral>) compiled.
Compiling vhdl file "C:/Users/TOSHIBA/Documents/TT_Xilinx/TTTKVMS_CHIEU_T5_NHOM_2/BAI_520_DEM_UD_AU_SS_DEM_00_99_2TANSO_SW/CD_LAM_HEP_BTN.vhd" in Library work.
Entity <CD_LAM_HEP_BTN> compiled.
Entity <CD_LAM_HEP_BTN> (Architecture <Behavioral>) compiled.
Compiling vhdl file "C:/Users/TOSHIBA/Documents/TT_Xilinx/TTTKVMS_CHIEU_T5_NHOM_2/BAI_520_DEM_UD_AU_SS_DEM_00_99_2TANSO_SW/DEM_1BIT.vhd" in Library work.
Entity <DEM_1BIT> compiled.
Entity <DEM_1BIT> (Architecture <Behavioral>) compiled.
Compiling vhdl file "C:/Users/TOSHIBA/Documents/TT_Xilinx/TTTKVMS_CHIEU_T5_NHOM_2/BAI_520_DEM_UD_AU_SS_DEM_00_99_2TANSO_SW/CHIA_10ENA.vhd" in Library work.
Entity <CHIA_10ENA> compiled.
Entity <CHIA_10ENA> (Architecture <Behavioral>) compiled.
Compiling vhdl file "C:/Users/TOSHIBA/Documents/TT_Xilinx/TTTKVMS_CHIEU_T5_NHOM_2/BAI_520_DEM_UD_AU_SS_DEM_00_99_2TANSO_SW/DEM_2SO_UD_AU.vhd" in Library work.
Entity <DEM_2SO_UD_AU> compiled.
Entity <DEM_2SO_UD_AU> (Architecture <Behavioral>) compiled.
Compiling vhdl file "C:/Users/TOSHIBA/Documents/TT_Xilinx/TTTKVMS_CHIEU_T5_NHOM_2/BAI_520_DEM_UD_AU_SS_DEM_00_99_2TANSO_SW/GIAIMA_HIENTHI_8LED_7DOAN.vhd" in Library work.
Entity <GIAIMA_HIENTHI_8LED_7DOAN> compiled.
Entity <GIAIMA_HIENTHI_8LED_7DOAN> (Architecture <Behavioral>) compiled.
Compiling vhdl file "C:/Users/TOSHIBA/Documents/TT_Xilinx/TTTKVMS_CHIEU_T5_NHOM_2/BAI_520_DEM_UD_AU_SS_DEM_00_99_2TANSO_SW/DEM_UD_AU_SS_DEM_00_99_2TANSO_SW.vhd" in Library work.
Entity <DEM_UD_AU_SS_DEM_00_99_2TANSO_SW> compiled.
Entity <DEM_UD_AU_SS_DEM_00_99_2TANSO_SW> (Architecture <Behavioral>) compiled.

=========================================================================
*                     Design Hierarchy Analysis                         *
=========================================================================
Analyzing hierarchy for entity <DEM_UD_AU_SS_DEM_00_99_2TANSO_SW> in library <work> (architecture <Behavioral>).

Analyzing hierarchy for entity <CD_LAM_HEP_BTN> in library <work> (architecture <Behavioral>).

Analyzing hierarchy for entity <DEM_1BIT> in library <work> (architecture <Behavioral>).

Analyzing hierarchy for entity <CHIA_10ENA> in library <work> (architecture <Behavioral>).

Analyzing hierarchy for entity <DEM_2SO_UD_AU> in library <work> (architecture <Behavioral>).

Analyzing hierarchy for entity <GIAIMA_HIENTHI_8LED_7DOAN> in library <work> (architecture <Behavioral>).

Analyzing hierarchy for entity <DEBOUNCE_BTN> in library <work> (architecture <Behavioral>).

Analyzing hierarchy for entity <LAM_HEP_XUNG> in library <work> (architecture <Behavioral>).

Analyzing hierarchy for entity <DEM_3BIT_CHON_8KENH> in library <work> (architecture <Behavioral>).

Analyzing hierarchy for entity <QUET_ANODE_8LED_7DOAN> in library <work> (architecture <Behavioral>).

Analyzing hierarchy for entity <DAHOP_8KENH> in library <work> (architecture <Behavioral>).

Analyzing hierarchy for entity <GIAIMA_7DOAN_ENA> in library <work> (architecture <Behavioral>).


=========================================================================
*                            HDL Analysis                               *
=========================================================================
Analyzing Entity <DEM_UD_AU_SS_DEM_00_99_2TANSO_SW> in library <work> (Architecture <Behavioral>).
Entity <DEM_UD_AU_SS_DEM_00_99_2TANSO_SW> analyzed. Unit <DEM_UD_AU_SS_DEM_00_99_2TANSO_SW> generated.

Analyzing Entity <CD_LAM_HEP_BTN> in library <work> (Architecture <Behavioral>).
Entity <CD_LAM_HEP_BTN> analyzed. Unit <CD_LAM_HEP_BTN> generated.

Analyzing Entity <DEBOUNCE_BTN> in library <work> (Architecture <Behavioral>).
Entity <DEBOUNCE_BTN> analyzed. Unit <DEBOUNCE_BTN> generated.

Analyzing Entity <LAM_HEP_XUNG> in library <work> (Architecture <Behavioral>).
Entity <LAM_HEP_XUNG> analyzed. Unit <LAM_HEP_XUNG> generated.

Analyzing Entity <DEM_1BIT> in library <work> (Architecture <Behavioral>).
Entity <DEM_1BIT> analyzed. Unit <DEM_1BIT> generated.

Analyzing Entity <CHIA_10ENA> in library <work> (Architecture <Behavioral>).
Entity <CHIA_10ENA> analyzed. Unit <CHIA_10ENA> generated.

Analyzing Entity <DEM_2SO_UD_AU> in library <work> (Architecture <Behavioral>).
Entity <DEM_2SO_UD_AU> analyzed. Unit <DEM_2SO_UD_AU> generated.

Analyzing Entity <GIAIMA_HIENTHI_8LED_7DOAN> in library <work> (Architecture <Behavioral>).
Entity <GIAIMA_HIENTHI_8LED_7DOAN> analyzed. Unit <GIAIMA_HIENTHI_8LED_7DOAN> generated.

Analyzing Entity <DEM_3BIT_CHON_8KENH> in library <work> (Architecture <Behavioral>).
Entity <DEM_3BIT_CHON_8KENH> analyzed. Unit <DEM_3BIT_CHON_8KENH> generated.

Analyzing Entity <QUET_ANODE_8LED_7DOAN> in library <work> (Architecture <Behavioral>).
Entity <QUET_ANODE_8LED_7DOAN> analyzed. Unit <QUET_ANODE_8LED_7DOAN> generated.

Analyzing Entity <DAHOP_8KENH> in library <work> (Architecture <Behavioral>).
Entity <DAHOP_8KENH> analyzed. Unit <DAHOP_8KENH> generated.

Analyzing Entity <GIAIMA_7DOAN_ENA> in library <work> (Architecture <Behavioral>).
Entity <GIAIMA_7DOAN_ENA> analyzed. Unit <GIAIMA_7DOAN_ENA> generated.


=========================================================================
*                           HDL Synthesis                               *
=========================================================================

Performing bidirectional port resolution...

Synthesizing Unit <DEM_1BIT>.
    Related source file is "C:/Users/TOSHIBA/Documents/TT_Xilinx/TTTKVMS_CHIEU_T5_NHOM_2/BAI_520_DEM_UD_AU_SS_DEM_00_99_2TANSO_SW/DEM_1BIT.vhd".
    Found 1-bit register for signal <Q_R>.
    Summary:
	inferred   1 D-type flip-flop(s).
Unit <DEM_1BIT> synthesized.


Synthesizing Unit <CHIA_10ENA>.
    Related source file is "C:/Users/TOSHIBA/Documents/TT_Xilinx/TTTKVMS_CHIEU_T5_NHOM_2/BAI_520_DEM_UD_AU_SS_DEM_00_99_2TANSO_SW/CHIA_10ENA.vhd".
    Found 23-bit adder for signal <D10HZ_N$addsub0000> created at line 98.
    Found 23-bit register for signal <D10HZ_R>.
    Found 26-bit adder for signal <D1HZ_N$addsub0000> created at line 101.
    Found 26-bit register for signal <D1HZ_R>.
    Found 16-bit adder for signal <D1KHZ_N$addsub0000> created at line 93.
    Found 16-bit register for signal <D1KHZ_R>.
    Summary:
	inferred  65 D-type flip-flop(s).
	inferred   3 Adder/Subtractor(s).
Unit <CHIA_10ENA> synthesized.


Synthesizing Unit <DEM_2SO_UD_AU>.
    Related source file is "C:/Users/TOSHIBA/Documents/TT_Xilinx/TTTKVMS_CHIEU_T5_NHOM_2/BAI_520_DEM_UD_AU_SS_DEM_00_99_2TANSO_SW/DEM_2SO_UD_AU.vhd".
    Found 4-bit adder for signal <CHUC_N$addsub0000> created at line 79.
    Found 4-bit subtractor for signal <CHUC_N$addsub0001> created at line 92.
    Found 4-bit register for signal <CHUC_R>.
    Found 4-bit adder for signal <DONVI_N$addsub0000> created at line 76.
    Found 4-bit subtractor for signal <DONVI_N$addsub0001> created at line 89.
    Found 4-bit register for signal <DONVI_R>.
    Found 1-bit register for signal <ENA_UD_R>.
    Summary:
	inferred   9 D-type flip-flop(s).
	inferred   4 Adder/Subtractor(s).
Unit <DEM_2SO_UD_AU> synthesized.


Synthesizing Unit <DEBOUNCE_BTN>.
    Related source file is "C:/Users/TOSHIBA/Documents/TT_Xilinx/TTTKVMS_CHIEU_T5_NHOM_2/BAI_520_DEM_UD_AU_SS_DEM_00_99_2TANSO_SW/DEBOUNCE_BTN.vhd".
    Found finite state machine <FSM_0> for signal <DB_R>.
    -----------------------------------------------------------------------
    | States             | 4                                              |
    | Transitions        | 10                                             |
    | Inputs             | 2                                              |
    | Outputs            | 5                                              |
    | Clock              | CKHT                      (falling_edge)       |
    | Power Up State     | zero                                           |
    | Encoding           | automatic                                      |
    | Implementation     | LUT                                            |
    -----------------------------------------------------------------------
    Found 20-bit register for signal <DL_R>.
    Found 20-bit subtractor for signal <DL_R$addsub0000>.
    Summary:
	inferred   1 Finite State Machine(s).
	inferred  20 D-type flip-flop(s).
	inferred   1 Adder/Subtractor(s).
Unit <DEBOUNCE_BTN> synthesized.


Synthesizing Unit <LAM_HEP_XUNG>.
    Related source file is "C:/Users/TOSHIBA/Documents/TT_Xilinx/TTTKVMS_CHIEU_T5_NHOM_2/BAI_520_DEM_UD_AU_SS_DEM_00_99_2TANSO_SW/LAM_HEP_XUNG.vhd".
    Found 1-bit register for signal <QFF>.
    Summary:
	inferred   1 D-type flip-flop(s).
Unit <LAM_HEP_XUNG> synthesized.


Synthesizing Unit <DEM_3BIT_CHON_8KENH>.
    Related source file is "C:/Users/TOSHIBA/Documents/TT_Xilinx/TTTKVMS_CHIEU_T5_NHOM_2/BAI_520_DEM_UD_AU_SS_DEM_00_99_2TANSO_SW/DEM_3BIT_CHON_8KENH.vhd".
    Found 3-bit up counter for signal <Q_R>.
    Summary:
	inferred   1 Counter(s).
Unit <DEM_3BIT_CHON_8KENH> synthesized.


Synthesizing Unit <QUET_ANODE_8LED_7DOAN>.
    Related source file is "C:/Users/TOSHIBA/Documents/TT_Xilinx/TTTKVMS_CHIEU_T5_NHOM_2/BAI_520_DEM_UD_AU_SS_DEM_00_99_2TANSO_SW/QUET_ANODE_8LED_7DOAN.vhd".
    Found 8x8-bit ROM for signal <ANODE>.
    Summary:
	inferred   1 ROM(s).
Unit <QUET_ANODE_8LED_7DOAN> synthesized.


Synthesizing Unit <DAHOP_8KENH>.
    Related source file is "C:/Users/TOSHIBA/Documents/TT_Xilinx/TTTKVMS_CHIEU_T5_NHOM_2/BAI_520_DEM_UD_AU_SS_DEM_00_99_2TANSO_SW/DAHOP_8KENH.vhd".
    Found 8x1-bit ROM for signal <ENA_1LED>.
    Found 4-bit 8-to-1 multiplexer for signal <SO_GMA>.
    Summary:
	inferred   1 ROM(s).
	inferred   4 Multiplexer(s).
Unit <DAHOP_8KENH> synthesized.


Synthesizing Unit <GIAIMA_7DOAN_ENA>.
    Related source file is "C:/Users/TOSHIBA/Documents/TT_Xilinx/TTTKVMS_CHIEU_T5_NHOM_2/BAI_520_DEM_UD_AU_SS_DEM_00_99_2TANSO_SW/GIAIMA_7DOAN_ENA.vhd".
Unit <GIAIMA_7DOAN_ENA> synthesized.


Synthesizing Unit <CD_LAM_HEP_BTN>.
    Related source file is "C:/Users/TOSHIBA/Documents/TT_Xilinx/TTTKVMS_CHIEU_T5_NHOM_2/BAI_520_DEM_UD_AU_SS_DEM_00_99_2TANSO_SW/CD_LAM_HEP_BTN.vhd".
Unit <CD_LAM_HEP_BTN> synthesized.


Synthesizing Unit <GIAIMA_HIENTHI_8LED_7DOAN>.
    Related source file is "C:/Users/TOSHIBA/Documents/TT_Xilinx/TTTKVMS_CHIEU_T5_NHOM_2/BAI_520_DEM_UD_AU_SS_DEM_00_99_2TANSO_SW/GIAIMA_HIENTHI_8LED_7DOAN.vhd".
Unit <GIAIMA_HIENTHI_8LED_7DOAN> synthesized.


Synthesizing Unit <DEM_UD_AU_SS_DEM_00_99_2TANSO_SW>.
    Related source file is "C:/Users/TOSHIBA/Documents/TT_Xilinx/TTTKVMS_CHIEU_T5_NHOM_2/BAI_520_DEM_UD_AU_SS_DEM_00_99_2TANSO_SW/DEM_UD_AU_SS_DEM_00_99_2TANSO_SW.vhd".
Unit <DEM_UD_AU_SS_DEM_00_99_2TANSO_SW> synthesized.

INFO:Xst:1767 - HDL ADVISOR - Resource sharing has identified that some arithmetic operations in this design can share the same physical resources for reduced device utilization. For improved clock frequency you may try to disable resource sharing.

=========================================================================
HDL Synthesis Report

Macro Statistics
# ROMs                                                 : 2
 8x1-bit ROM                                           : 1
 8x8-bit ROM                                           : 1
# Adders/Subtractors                                   : 8
 16-bit adder                                          : 1
 20-bit subtractor                                     : 1
 23-bit adder                                          : 1
 26-bit adder                                          : 1
 4-bit adder                                           : 2
 4-bit subtractor                                      : 2
# Counters                                             : 1
 3-bit up counter                                      : 1
# Registers                                            : 9
 1-bit register                                        : 3
 16-bit register                                       : 1
 20-bit register                                       : 1
 23-bit register                                       : 1
 26-bit register                                       : 1
 4-bit register                                        : 2
# Multiplexers                                         : 1
 4-bit 8-to-1 multiplexer                              : 1

=========================================================================

=========================================================================
*                       Advanced HDL Synthesis                          *
=========================================================================

Analyzing FSM <FSM_0> for best encoding.
Optimizing FSM <ICK1/IC3/DB_R/FSM> on signal <DB_R[1:2]> with sequential encoding.
-------------------
 State | Encoding
-------------------
 zero  | 00
 wait0 | 11
 one   | 10
 wait1 | 01
-------------------

=========================================================================
Advanced HDL Synthesis Report

Macro Statistics
# FSMs                                                 : 1
# ROMs                                                 : 2
 8x1-bit ROM                                           : 1
 8x8-bit ROM                                           : 1
# Adders/Subtractors                                   : 8
 16-bit adder                                          : 1
 20-bit subtractor                                     : 1
 23-bit adder                                          : 1
 26-bit adder                                          : 1
 4-bit adder                                           : 2
 4-bit subtractor                                      : 2
# Counters                                             : 1
 3-bit up counter                                      : 1
# Registers                                            : 96
 Flip-Flops                                            : 96
# Multiplexers                                         : 1
 4-bit 8-to-1 multiplexer                              : 1

=========================================================================

=========================================================================
*                         Low Level Synthesis                           *
=========================================================================

Optimizing unit <DEM_UD_AU_SS_DEM_00_99_2TANSO_SW> ...

Optimizing unit <CHIA_10ENA> ...

Optimizing unit <DEM_2SO_UD_AU> ...

Optimizing unit <DEBOUNCE_BTN> ...

Mapping all equations...
Building and optimizing final netlist ...
Found area constraint ratio of 100 (+ 5) on block DEM_UD_AU_SS_DEM_00_99_2TANSO_SW, actual ratio is 2.

Final Macro Processing ...

=========================================================================
Final Register Report

Macro Statistics
# Registers                                            : 101
 Flip-Flops                                            : 101

=========================================================================

=========================================================================
*                           Partition Report                            *
=========================================================================

Partition Implementation Status
-------------------------------

  No Partitions were found in this design.

-------------------------------

=========================================================================
*                            Final Report                               *
=========================================================================
Final Results
RTL Top Level Output File Name     : DEM_UD_AU_SS_DEM_00_99_2TANSO_SW.ngr
Top Level Output File Name         : DEM_UD_AU_SS_DEM_00_99_2TANSO_SW
Output Format                      : NGC
Optimization Goal                  : Speed
Keep Hierarchy                     : No

Design Statistics
# IOs                              : 23

Cell Usage :
# BELS                             : 387
#      GND                         : 1
#      INV                         : 25
#      LUT1                        : 63
#      LUT2                        : 8
#      LUT2_D                      : 1
#      LUT2_L                      : 2
#      LUT3                        : 24
#      LUT3_L                      : 2
#      LUT4                        : 70
#      LUT4_D                      : 4
#      LUT4_L                      : 11
#      MUXCY                       : 86
#      MUXF5                       : 4
#      VCC                         : 1
#      XORCY                       : 85
# FlipFlops/Latches                : 101
#      FD_1                        : 2
#      FDC_1                       : 9
#      FDCE_1                      : 1
#      FDE                         : 3
#      FDR_1                       : 62
#      FDS_1                       : 3
#      FDSE_1                      : 21
# Clock Buffers                    : 1
#      BUFGP                       : 1
# IO Buffers                       : 22
#      IBUF                        : 3
#      OBUF                        : 19
=========================================================================

Device utilization summary:
---------------------------

Selected Device : 3s500epq208-5 

 Number of Slices:                      109  out of   4656     2%  
 Number of Slice Flip Flops:            101  out of   9312     1%  
 Number of 4 input LUTs:                210  out of   9312     2%  
 Number of IOs:                          23
 Number of bonded IOBs:                  23  out of    158    14%  
 Number of GCLKs:                         1  out of     24     4%  

---------------------------
Partition Resource Summary:
---------------------------

  No Partitions were found in this design.

---------------------------


=========================================================================
TIMING REPORT

NOTE: THESE TIMING NUMBERS ARE ONLY A SYNTHESIS ESTIMATE.
      FOR ACCURATE TIMING INFORMATION PLEASE REFER TO THE TRACE REPORT
      GENERATED AFTER PLACE-and-ROUTE.

Clock Information:
------------------
-----------------------------------+------------------------+-------+
Clock Signal                       | Clock buffer(FF name)  | Load  |
-----------------------------------+------------------------+-------+
CKHT                               | BUFGP                  | 101   |
-----------------------------------+------------------------+-------+

Asynchronous Control Signals Information:
----------------------------------------
-----------------------------------+------------------------+-------+
Control Signal                     | Buffer(FF name)        | Load  |
-----------------------------------+------------------------+-------+
BTN<0>                             | IBUF                   | 10    |
-----------------------------------+------------------------+-------+

Timing Summary:
---------------
Speed Grade: -5

   Minimum period: 6.734ns (Maximum Frequency: 148.506MHz)
   Minimum input arrival time before clock: 7.391ns
   Maximum output required time after clock: 9.124ns
   Maximum combinational path delay: 4.726ns

Timing Detail:
--------------
All values displayed in nanoseconds (ns)

=========================================================================
Timing constraint: Default period analysis for Clock 'CKHT'
  Clock period: 6.734ns (frequency: 148.506MHz)
  Total number of paths / destination ports: 3421 / 211
-------------------------------------------------------------------------
Delay:               6.734ns (Levels of Logic = 6)
  Source:            IC1/D10HZ_R_8 (FF)
  Destination:       IC2/DONVI_R_3 (FF)
  Source Clock:      CKHT falling
  Destination Clock: CKHT falling

  Data Path: IC1/D10HZ_R_8 to IC2/DONVI_R_3
                                Gate     Net
    Cell:in->out      fanout   Delay   Delay  Logical Name (Net Name)
    ----------------------------------------  ------------
     FDR_1:C->Q            2   0.514   0.532  IC1/D10HZ_R_8 (IC1/D10HZ_R_8)
     LUT3:I0->O            1   0.612   0.426  IC1/D10HZ_N_cmp_eq0000119 (IC1/D10HZ_N_cmp_eq0000119)
     LUT3:I1->O            2   0.612   0.449  IC1/D10HZ_N_cmp_eq0000144 (IC1/N11)
     LUT4:I1->O           12   0.612   0.820  ENA_DB144 (ENA_DB)
     LUT4:I3->O            1   0.612   0.387  IC2/DONVI_N<3>31 (IC2/N16)
     LUT4:I2->O            1   0.612   0.000  IC2/DONVI_N<3>85_F (N73)
     MUXF5:I0->O           1   0.278   0.000  IC2/DONVI_N<3>85 (IC2/DONVI_N<3>)
     FDC_1:D                   0.268          IC2/DONVI_R_3
    ----------------------------------------
    Total                      6.734ns (4.120ns logic, 2.614ns route)
                                       (61.2% logic, 38.8% route)

=========================================================================
Timing constraint: Default OFFSET IN BEFORE for Clock 'CKHT'
  Total number of paths / destination ports: 48 / 30
-------------------------------------------------------------------------
Offset:              7.391ns (Levels of Logic = 7)
  Source:            SW (PAD)
  Destination:       IC2/DONVI_R_3 (FF)
  Destination Clock: CKHT falling

  Data Path: SW to IC2/DONVI_R_3
                                Gate     Net
    Cell:in->out      fanout   Delay   Delay  Logical Name (Net Name)
    ----------------------------------------  ------------
     IBUF:I->O             3   1.106   0.603  SW_IBUF (LED_2_OBUF)
     LUT3:I0->O            1   0.612   0.509  ENA_DB12 (ENA_DB12)
     LUT3:I0->O            1   0.612   0.360  ENA_DB35 (ENA_DB35)
     LUT4:I3->O           12   0.612   0.820  ENA_DB144 (ENA_DB)
     LUT4:I3->O            1   0.612   0.387  IC2/DONVI_N<3>31 (IC2/N16)
     LUT4:I2->O            1   0.612   0.000  IC2/DONVI_N<3>85_F (N73)
     MUXF5:I0->O           1   0.278   0.000  IC2/DONVI_N<3>85 (IC2/DONVI_N<3>)
     FDC_1:D                   0.268          IC2/DONVI_R_3
    ----------------------------------------
    Total                      7.391ns (4.712ns logic, 2.679ns route)
                                       (63.8% logic, 36.2% route)

=========================================================================
Timing constraint: Default OFFSET OUT AFTER for Clock 'CKHT'
  Total number of paths / destination ports: 154 / 16
-------------------------------------------------------------------------
Offset:              9.124ns (Levels of Logic = 5)
  Source:            IC3/K1/Q_R_2 (FF)
  Destination:       SSEG<5> (PAD)
  Source Clock:      CKHT falling

  Data Path: IC3/K1/Q_R_2 to SSEG<5>
                                Gate     Net
    Cell:in->out      fanout   Delay   Delay  Logical Name (Net Name)
    ----------------------------------------  ------------
     FDE:C->Q             13   0.514   0.988  IC3/K1/Q_R_2 (IC3/K1/Q_R_2)
     LUT2:I0->O            6   0.612   0.572  IC3/K4/SSEG<4>0 (IC3/K4/SSEG<4>0)
     LUT4:I3->O            5   0.612   0.690  IC3/K3/Mmux_SO_GMA4 (IC3/SO_GMA<1>)
     LUT4:I0->O            1   0.612   0.387  IC3/K4/SSEG<5>_SW2 (N79)
     LUT3:I2->O            1   0.612   0.357  IC3/K4/SSEG<5> (SSEG_5_OBUF)
     OBUF:I->O                 3.169          SSEG_5_OBUF (SSEG<5>)
    ----------------------------------------
    Total                      9.124ns (6.131ns logic, 2.993ns route)
                                       (67.2% logic, 32.8% route)

=========================================================================
Timing constraint: Default path analysis
  Total number of paths / destination ports: 1 / 1
-------------------------------------------------------------------------
Delay:               4.726ns (Levels of Logic = 2)
  Source:            SW (PAD)
  Destination:       LED<2> (PAD)

  Data Path: SW to LED<2>
                                Gate     Net
    Cell:in->out      fanout   Delay   Delay  Logical Name (Net Name)
    ----------------------------------------  ------------
     IBUF:I->O             3   1.106   0.451  SW_IBUF (LED_2_OBUF)
     OBUF:I->O                 3.169          LED_2_OBUF (LED<2>)
    ----------------------------------------
    Total                      4.726ns (4.275ns logic, 0.451ns route)
                                       (90.5% logic, 9.5% route)

=========================================================================


Total REAL time to Xst completion: 7.00 secs
Total CPU time to Xst completion: 6.54 secs
 
--> 

Total memory usage is 4536812 kilobytes

Number of errors   :    0 (   0 filtered)
Number of warnings :    0 (   0 filtered)
Number of infos    :    1 (   0 filtered)

