V3 47
FL C:/Users/TOSHIBA/Documents/TT_Xilinx/TTTKVMS_CHIEU_T5_NHOM_2/BAI_519_DEM_UD_AU_SS_00_99_HT_7DOAN_BTN/CD_LAM_HEP_BTN.vhd 2019/09/27.19:26:53 P.20131013
EN work/CD_LAM_HEP_BTN 1571902949 \
      FL C:/Users/TOSHIBA/Documents/TT_Xilinx/TTTKVMS_CHIEU_T5_NHOM_2/BAI_519_DEM_UD_AU_SS_00_99_HT_7DOAN_BTN/CD_LAM_HEP_BTN.vhd \
      PB ieee/std_logic_1164 1381692176 PB ieee/std_logic_arith 1381692177 \
      PB ieee/STD_LOGIC_UNSIGNED 1381692179
AR work/CD_LAM_HEP_BTN/Behavioral 1571902950 \
      FL C:/Users/TOSHIBA/Documents/TT_Xilinx/TTTKVMS_CHIEU_T5_NHOM_2/BAI_519_DEM_UD_AU_SS_00_99_HT_7DOAN_BTN/CD_LAM_HEP_BTN.vhd \
      EN work/CD_LAM_HEP_BTN 1571902949 CP work/DEBOUNCE_BTN CP work/LAM_HEP_XUNG
FL C:/Users/TOSHIBA/Documents/TT_Xilinx/TTTKVMS_CHIEU_T5_NHOM_2/BAI_519_DEM_UD_AU_SS_00_99_HT_7DOAN_BTN/CHIA_10ENA.vhd 2019/10/23.18:54:52 P.20131013
EN work/CHIA_10ENA 1571902953 \
      FL C:/Users/TOSHIBA/Documents/TT_Xilinx/TTTKVMS_CHIEU_T5_NHOM_2/BAI_519_DEM_UD_AU_SS_00_99_HT_7DOAN_BTN/CHIA_10ENA.vhd \
      PB ieee/std_logic_1164 1381692176
AR work/CHIA_10ENA/Behavioral 1571902954 \
      FL C:/Users/TOSHIBA/Documents/TT_Xilinx/TTTKVMS_CHIEU_T5_NHOM_2/BAI_519_DEM_UD_AU_SS_00_99_HT_7DOAN_BTN/CHIA_10ENA.vhd \
      EN work/CHIA_10ENA 1571902953
FL C:/Users/TOSHIBA/Documents/TT_Xilinx/TTTKVMS_CHIEU_T5_NHOM_2/BAI_519_DEM_UD_AU_SS_00_99_HT_7DOAN_BTN/DAHOP_8KENH.vhd 2019/10/23.20:35:19 P.20131013
EN work/DAHOP_8KENH 1571902941 \
      FL C:/Users/TOSHIBA/Documents/TT_Xilinx/TTTKVMS_CHIEU_T5_NHOM_2/BAI_519_DEM_UD_AU_SS_00_99_HT_7DOAN_BTN/DAHOP_8KENH.vhd \
      PB ieee/std_logic_1164 1381692176 PB ieee/std_logic_arith 1381692177 \
      PB ieee/STD_LOGIC_UNSIGNED 1381692179
AR work/DAHOP_8KENH/Behavioral 1571902942 \
      FL C:/Users/TOSHIBA/Documents/TT_Xilinx/TTTKVMS_CHIEU_T5_NHOM_2/BAI_519_DEM_UD_AU_SS_00_99_HT_7DOAN_BTN/DAHOP_8KENH.vhd \
      EN work/DAHOP_8KENH 1571902941
FL C:/Users/TOSHIBA/Documents/TT_Xilinx/TTTKVMS_CHIEU_T5_NHOM_2/BAI_519_DEM_UD_AU_SS_00_99_HT_7DOAN_BTN/DEBOUNCE_BTN.vhd 2019/09/26.16:26:59 P.20131013
EN work/DEBOUNCE_BTN 1571902945 \
      FL C:/Users/TOSHIBA/Documents/TT_Xilinx/TTTKVMS_CHIEU_T5_NHOM_2/BAI_519_DEM_UD_AU_SS_00_99_HT_7DOAN_BTN/DEBOUNCE_BTN.vhd \
      PB ieee/std_logic_1164 1381692176 PB ieee/std_logic_arith 1381692177 \
      PB ieee/STD_LOGIC_UNSIGNED 1381692179
AR work/DEBOUNCE_BTN/Behavioral 1571902946 \
      FL C:/Users/TOSHIBA/Documents/TT_Xilinx/TTTKVMS_CHIEU_T5_NHOM_2/BAI_519_DEM_UD_AU_SS_00_99_HT_7DOAN_BTN/DEBOUNCE_BTN.vhd \
      EN work/DEBOUNCE_BTN 1571902945
FL C:/Users/TOSHIBA/Documents/TT_Xilinx/TTTKVMS_CHIEU_T5_NHOM_2/BAI_519_DEM_UD_AU_SS_00_99_HT_7DOAN_BTN/DEM_1BIT.vhd 2019/10/24.13:45:07 P.20131013
EN work/DEM_1BIT 1571902951 \
      FL C:/Users/TOSHIBA/Documents/TT_Xilinx/TTTKVMS_CHIEU_T5_NHOM_2/BAI_519_DEM_UD_AU_SS_00_99_HT_7DOAN_BTN/DEM_1BIT.vhd \
      PB ieee/std_logic_1164 1381692176 PB ieee/std_logic_arith 1381692177 \
      PB ieee/STD_LOGIC_UNSIGNED 1381692179
AR work/DEM_1BIT/Behavioral 1571902952 \
      FL C:/Users/TOSHIBA/Documents/TT_Xilinx/TTTKVMS_CHIEU_T5_NHOM_2/BAI_519_DEM_UD_AU_SS_00_99_HT_7DOAN_BTN/DEM_1BIT.vhd \
      EN work/DEM_1BIT 1571902951
FL C:/Users/TOSHIBA/Documents/TT_Xilinx/TTTKVMS_CHIEU_T5_NHOM_2/BAI_519_DEM_UD_AU_SS_00_99_HT_7DOAN_BTN/DEM_2SO_UD_AU.vhd 2019/10/24.14:15:43 P.20131013
EN work/DEM_2SO_UD_AU 1571902955 \
      FL C:/Users/TOSHIBA/Documents/TT_Xilinx/TTTKVMS_CHIEU_T5_NHOM_2/BAI_519_DEM_UD_AU_SS_00_99_HT_7DOAN_BTN/DEM_2SO_UD_AU.vhd \
      PB ieee/std_logic_1164 1381692176 PB ieee/std_logic_arith 1381692177 \
      PB ieee/STD_LOGIC_UNSIGNED 1381692179
AR work/DEM_2SO_UD_AU/Behavioral 1571902956 \
      FL C:/Users/TOSHIBA/Documents/TT_Xilinx/TTTKVMS_CHIEU_T5_NHOM_2/BAI_519_DEM_UD_AU_SS_00_99_HT_7DOAN_BTN/DEM_2SO_UD_AU.vhd \
      EN work/DEM_2SO_UD_AU 1571902955
FL C:/Users/TOSHIBA/Documents/TT_Xilinx/TTTKVMS_CHIEU_T5_NHOM_2/BAI_519_DEM_UD_AU_SS_00_99_HT_7DOAN_BTN/DEM_3BIT_CHON_8KENH.vhd 2019/10/23.19:51:28 P.20131013
EN work/DEM_3BIT_CHON_8KENH 1571902937 \
      FL C:/Users/TOSHIBA/Documents/TT_Xilinx/TTTKVMS_CHIEU_T5_NHOM_2/BAI_519_DEM_UD_AU_SS_00_99_HT_7DOAN_BTN/DEM_3BIT_CHON_8KENH.vhd \
      PB ieee/std_logic_1164 1381692176 PB ieee/std_logic_arith 1381692177 \
      PB ieee/STD_LOGIC_UNSIGNED 1381692179
AR work/DEM_3BIT_CHON_8KENH/Behavioral 1571902938 \
      FL C:/Users/TOSHIBA/Documents/TT_Xilinx/TTTKVMS_CHIEU_T5_NHOM_2/BAI_519_DEM_UD_AU_SS_00_99_HT_7DOAN_BTN/DEM_3BIT_CHON_8KENH.vhd \
      EN work/DEM_3BIT_CHON_8KENH 1571902937
FL C:/Users/TOSHIBA/Documents/TT_Xilinx/TTTKVMS_CHIEU_T5_NHOM_2/BAI_519_DEM_UD_AU_SS_00_99_HT_7DOAN_BTN/DEM_UD_AU_SS_00_99_HT_7DOAN_BTN.vhd 2019/10/24.14:42:06 P.20131013
EN work/DEM_UD_AU_SS_00_99_HT_7DOAN_BTN 1571902959 \
      FL C:/Users/TOSHIBA/Documents/TT_Xilinx/TTTKVMS_CHIEU_T5_NHOM_2/BAI_519_DEM_UD_AU_SS_00_99_HT_7DOAN_BTN/DEM_UD_AU_SS_00_99_HT_7DOAN_BTN.vhd \
      PB ieee/std_logic_1164 1381692176
AR work/DEM_UD_AU_SS_00_99_HT_7DOAN_BTN/Behavioral 1571902960 \
      FL C:/Users/TOSHIBA/Documents/TT_Xilinx/TTTKVMS_CHIEU_T5_NHOM_2/BAI_519_DEM_UD_AU_SS_00_99_HT_7DOAN_BTN/DEM_UD_AU_SS_00_99_HT_7DOAN_BTN.vhd \
      EN work/DEM_UD_AU_SS_00_99_HT_7DOAN_BTN 1571902959 CP work/CD_LAM_HEP_BTN \
      CP work/DEM_1BIT CP work/CHIA_10ENA CP work/DEM_2SO_UD_AU \
      CP work/GIAIMA_HIENTHI_8LED_7DOAN
FL C:/Users/TOSHIBA/Documents/TT_Xilinx/TTTKVMS_CHIEU_T5_NHOM_2/BAI_519_DEM_UD_AU_SS_00_99_HT_7DOAN_BTN/GIAIMA_7DOAN_ENA.vhd 2019/10/23.19:26:51 P.20131013
EN work/GIAIMA_7DOAN_ENA 1571902943 \
      FL C:/Users/TOSHIBA/Documents/TT_Xilinx/TTTKVMS_CHIEU_T5_NHOM_2/BAI_519_DEM_UD_AU_SS_00_99_HT_7DOAN_BTN/GIAIMA_7DOAN_ENA.vhd \
      PB ieee/std_logic_1164 1381692176 PB ieee/std_logic_arith 1381692177 \
      PB ieee/STD_LOGIC_UNSIGNED 1381692179
AR work/GIAIMA_7DOAN_ENA/Behavioral 1571902944 \
      FL C:/Users/TOSHIBA/Documents/TT_Xilinx/TTTKVMS_CHIEU_T5_NHOM_2/BAI_519_DEM_UD_AU_SS_00_99_HT_7DOAN_BTN/GIAIMA_7DOAN_ENA.vhd \
      EN work/GIAIMA_7DOAN_ENA 1571902943
FL C:/Users/TOSHIBA/Documents/TT_Xilinx/TTTKVMS_CHIEU_T5_NHOM_2/BAI_519_DEM_UD_AU_SS_00_99_HT_7DOAN_BTN/GIAIMA_HIENTHI_8LED_7DOAN.vhd 2019/10/23.19:19:42 P.20131013
EN work/GIAIMA_HIENTHI_8LED_7DOAN 1571902957 \
      FL C:/Users/TOSHIBA/Documents/TT_Xilinx/TTTKVMS_CHIEU_T5_NHOM_2/BAI_519_DEM_UD_AU_SS_00_99_HT_7DOAN_BTN/GIAIMA_HIENTHI_8LED_7DOAN.vhd \
      PB ieee/std_logic_1164 1381692176 PB ieee/std_logic_arith 1381692177 \
      PB ieee/STD_LOGIC_UNSIGNED 1381692179
AR work/GIAIMA_HIENTHI_8LED_7DOAN/Behavioral 1571902958 \
      FL C:/Users/TOSHIBA/Documents/TT_Xilinx/TTTKVMS_CHIEU_T5_NHOM_2/BAI_519_DEM_UD_AU_SS_00_99_HT_7DOAN_BTN/GIAIMA_HIENTHI_8LED_7DOAN.vhd \
      EN work/GIAIMA_HIENTHI_8LED_7DOAN 1571902957 CP work/DEM_3BIT_CHON_8KENH \
      CP work/QUET_ANODE_8LED_7DOAN CP work/DAHOP_8KENH CP work/GIAIMA_7DOAN_ENA
FL C:/Users/TOSHIBA/Documents/TT_Xilinx/TTTKVMS_CHIEU_T5_NHOM_2/BAI_519_DEM_UD_AU_SS_00_99_HT_7DOAN_BTN/LAM_HEP_XUNG.vhd 2019/09/26.16:27:26 P.20131013
EN work/LAM_HEP_XUNG 1571902947 \
      FL C:/Users/TOSHIBA/Documents/TT_Xilinx/TTTKVMS_CHIEU_T5_NHOM_2/BAI_519_DEM_UD_AU_SS_00_99_HT_7DOAN_BTN/LAM_HEP_XUNG.vhd \
      PB ieee/std_logic_1164 1381692176 PB ieee/std_logic_arith 1381692177 \
      PB ieee/STD_LOGIC_UNSIGNED 1381692179
AR work/LAM_HEP_XUNG/Behavioral 1571902948 \
      FL C:/Users/TOSHIBA/Documents/TT_Xilinx/TTTKVMS_CHIEU_T5_NHOM_2/BAI_519_DEM_UD_AU_SS_00_99_HT_7DOAN_BTN/LAM_HEP_XUNG.vhd \
      EN work/LAM_HEP_XUNG 1571902947
FL C:/Users/TOSHIBA/Documents/TT_Xilinx/TTTKVMS_CHIEU_T5_NHOM_2/BAI_519_DEM_UD_AU_SS_00_99_HT_7DOAN_BTN/QUET_ANODE_8LED_7DOAN.vhd 2019/10/23.19:50:02 P.20131013
EN work/QUET_ANODE_8LED_7DOAN 1571902939 \
      FL C:/Users/TOSHIBA/Documents/TT_Xilinx/TTTKVMS_CHIEU_T5_NHOM_2/BAI_519_DEM_UD_AU_SS_00_99_HT_7DOAN_BTN/QUET_ANODE_8LED_7DOAN.vhd \
      PB ieee/std_logic_1164 1381692176 PB ieee/std_logic_arith 1381692177 \
      PB ieee/STD_LOGIC_UNSIGNED 1381692179
AR work/QUET_ANODE_8LED_7DOAN/Behavioral 1571902940 \
      FL C:/Users/TOSHIBA/Documents/TT_Xilinx/TTTKVMS_CHIEU_T5_NHOM_2/BAI_519_DEM_UD_AU_SS_00_99_HT_7DOAN_BTN/QUET_ANODE_8LED_7DOAN.vhd \
      EN work/QUET_ANODE_8LED_7DOAN 1571902939
