V3 7
FL C:/Users/Admin/Documents/TT-HDL-N7-S2/BAI_412_CHIA_2XUNG_ENA1HZ_CK1HZ/CHIA_2XUNG_ENA1HZ_CK1HZ.vhd 2020/05/21.22:07:09 P.20131013
EN work/CHIA_2XUNG_ENA1HZ_CK1HZ 1590073636 \
      FL C:/Users/Admin/Documents/TT-HDL-N7-S2/BAI_412_CHIA_2XUNG_ENA1HZ_CK1HZ/CHIA_2XUNG_ENA1HZ_CK1HZ.vhd \
      PB ieee/std_logic_1164 1381692176
AR work/CHIA_2XUNG_ENA1HZ_CK1HZ/Behavioral 1590073637 \
      FL C:/Users/Admin/Documents/TT-HDL-N7-S2/BAI_412_CHIA_2XUNG_ENA1HZ_CK1HZ/CHIA_2XUNG_ENA1HZ_CK1HZ.vhd \
      EN work/CHIA_2XUNG_ENA1HZ_CK1HZ 1590073636 CP work/CHIA_ENA1HZ_CK1HZ
FL C:/Users/Admin/Documents/TT-HDL-N7-S2/BAI_412_CHIA_2XUNG_ENA1HZ_CK1HZ/CHIA_ENA1HZ_CK1HZ.vhd 2020/05/21.22:06:00 P.20131013
EN work/CHIA_ENA1HZ_CK1HZ 1590073634 \
      FL C:/Users/Admin/Documents/TT-HDL-N7-S2/BAI_412_CHIA_2XUNG_ENA1HZ_CK1HZ/CHIA_ENA1HZ_CK1HZ.vhd \
      PB ieee/std_logic_1164 1381692176
AR work/CHIA_ENA1HZ_CK1HZ/Behavioral 1590073635 \
      FL C:/Users/Admin/Documents/TT-HDL-N7-S2/BAI_412_CHIA_2XUNG_ENA1HZ_CK1HZ/CHIA_ENA1HZ_CK1HZ.vhd \
      EN work/CHIA_ENA1HZ_CK1HZ 1590073634
