V3 39
FL C:/Users/Admin/Documents/TT-HDL-N7-S2/VHDL/BAI_612_LCD_20X4_CLOCK_3KEY/CD_LAM_HEP_BTN.vhd 2019/09/29.21:17:37 P.20131013
EN work/CD_LAM_HEP_BTN 1597022036 \
      FL C:/Users/Admin/Documents/TT-HDL-N7-S2/VHDL/BAI_612_LCD_20X4_CLOCK_3KEY/CD_LAM_HEP_BTN.vhd \
      PB ieee/std_logic_1164 1381692176 PB ieee/std_logic_arith 1381692177 \
      PB ieee/STD_LOGIC_UNSIGNED 1381692179
AR work/CD_LAM_HEP_BTN/Behavioral 1597022037 \
      FL C:/Users/Admin/Documents/TT-HDL-N7-S2/VHDL/BAI_612_LCD_20X4_CLOCK_3KEY/CD_LAM_HEP_BTN.vhd \
      EN work/CD_LAM_HEP_BTN 1597022036 CP work/DEBOUNCE_BTN CP work/LAM_HEP_XUNG
FL C:/Users/Admin/Documents/TT-HDL-N7-S2/VHDL/BAI_612_LCD_20X4_CLOCK_3KEY/CHIA_10ENA.vhd 2020/08/04.22:16:09 P.20131013
EN work/CHIA_10ENA 1597022034 \
      FL C:/Users/Admin/Documents/TT-HDL-N7-S2/VHDL/BAI_612_LCD_20X4_CLOCK_3KEY/CHIA_10ENA.vhd \
      PB ieee/std_logic_1164 1381692176
AR work/CHIA_10ENA/Behavioral 1597022035 \
      FL C:/Users/Admin/Documents/TT-HDL-N7-S2/VHDL/BAI_612_LCD_20X4_CLOCK_3KEY/CHIA_10ENA.vhd \
      EN work/CHIA_10ENA 1597022034
FL C:/Users/Admin/Documents/TT-HDL-N7-S2/VHDL/BAI_612_LCD_20X4_CLOCK_3KEY/DEBOUCE_BTN.vhd 2017/10/29.10:09:20 P.20131013
EN work/DEBOUNCE_BTN 1597022030 \
      FL C:/Users/Admin/Documents/TT-HDL-N7-S2/VHDL/BAI_612_LCD_20X4_CLOCK_3KEY/DEBOUCE_BTN.vhd \
      PB ieee/std_logic_1164 1381692176 PB ieee/std_logic_arith 1381692177 \
      PB ieee/STD_LOGIC_UNSIGNED 1381692179
AR work/DEBOUNCE_BTN/Behavioral 1597022031 \
      FL C:/Users/Admin/Documents/TT-HDL-N7-S2/VHDL/BAI_612_LCD_20X4_CLOCK_3KEY/DEBOUCE_BTN.vhd \
      EN work/DEBOUNCE_BTN 1597022030
FL C:/Users/Admin/Documents/TT-HDL-N7-S2/VHDL/BAI_612_LCD_20X4_CLOCK_3KEY/DEM_GIOPHUTGIAY_3KEY.vhd 2020/08/05.17:27:04 P.20131013
EN work/DEM_GIOPHUTGIAY_3KEY 1597022040 \
      FL C:/Users/Admin/Documents/TT-HDL-N7-S2/VHDL/BAI_612_LCD_20X4_CLOCK_3KEY/DEM_GIOPHUTGIAY_3KEY.vhd \
      PB ieee/std_logic_1164 1381692176 PB ieee/std_logic_arith 1381692177 \
      PB ieee/STD_LOGIC_UNSIGNED 1381692179
AR work/DEM_GIOPHUTGIAY_3KEY/Behavioral 1597022041 \
      FL C:/Users/Admin/Documents/TT-HDL-N7-S2/VHDL/BAI_612_LCD_20X4_CLOCK_3KEY/DEM_GIOPHUTGIAY_3KEY.vhd \
      EN work/DEM_GIOPHUTGIAY_3KEY 1597022040
FL C:/Users/Admin/Documents/TT-HDL-N7-S2/VHDL/BAI_612_LCD_20X4_CLOCK_3KEY/HEXTOBCD_6BIT.vhd 2019/09/04.10:30:58 P.20131013
EN work/HEXTOBCD_6BIT 1597022042 \
      FL C:/Users/Admin/Documents/TT-HDL-N7-S2/VHDL/BAI_612_LCD_20X4_CLOCK_3KEY/HEXTOBCD_6BIT.vhd \
      PB ieee/std_logic_1164 1381692176 PB ieee/std_logic_arith 1381692177 \
      PB ieee/STD_LOGIC_UNSIGNED 1381692179
AR work/HEXTOBCD_6BIT/Behavioral 1597022043 \
      FL C:/Users/Admin/Documents/TT-HDL-N7-S2/VHDL/BAI_612_LCD_20X4_CLOCK_3KEY/HEXTOBCD_6BIT.vhd \
      EN work/HEXTOBCD_6BIT 1597022042
FL C:/Users/Admin/Documents/TT-HDL-N7-S2/VHDL/BAI_612_LCD_20X4_CLOCK_3KEY/LAM_HEP_XUNG.vhd 2019/09/26.16:27:26 P.20131013
EN work/LAM_HEP_XUNG 1597022032 \
      FL C:/Users/Admin/Documents/TT-HDL-N7-S2/VHDL/BAI_612_LCD_20X4_CLOCK_3KEY/LAM_HEP_XUNG.vhd \
      PB ieee/std_logic_1164 1381692176 PB ieee/std_logic_arith 1381692177 \
      PB ieee/STD_LOGIC_UNSIGNED 1381692179
AR work/LAM_HEP_XUNG/Behavioral 1597022033 \
      FL C:/Users/Admin/Documents/TT-HDL-N7-S2/VHDL/BAI_612_LCD_20X4_CLOCK_3KEY/LAM_HEP_XUNG.vhd \
      EN work/LAM_HEP_XUNG 1597022032
FL C:/Users/Admin/Documents/TT-HDL-N7-S2/VHDL/BAI_612_LCD_20X4_CLOCK_3KEY/LCD_20X4_CLOCK_3KEY.vhd 2020/08/10.08:12:31 P.20131013
EN work/LCD_20X4_CLOCK_3KEY 1597022048 \
      FL C:/Users/Admin/Documents/TT-HDL-N7-S2/VHDL/BAI_612_LCD_20X4_CLOCK_3KEY/LCD_20X4_CLOCK_3KEY.vhd \
      PB ieee/std_logic_1164 1381692176 PB ieee/std_logic_arith 1381692177 \
      PB ieee/STD_LOGIC_UNSIGNED 1381692179
AR work/LCD_20X4_CLOCK_3KEY/Behavioral 1597022049 \
      FL C:/Users/Admin/Documents/TT-HDL-N7-S2/VHDL/BAI_612_LCD_20X4_CLOCK_3KEY/LCD_20X4_CLOCK_3KEY.vhd \
      EN work/LCD_20X4_CLOCK_3KEY 1597022048 CP work/CHIA_10ENA \
      CP work/DEBOUNCE_BTN CP work/CD_LAM_HEP_BTN CP work/XULY_MOD_DAUCHAM \
      CP work/DEM_GIOPHUTGIAY_3KEY CP work/HEXTOBCD_6BIT \
      CP work/LCD_20X4_GAN_DULIEU_GPG CP work/LCD_20X4_KHOITAO_HIENTHI
FL C:/Users/Admin/Documents/TT-HDL-N7-S2/VHDL/BAI_612_LCD_20X4_CLOCK_3KEY/LCD_20X4_GAN_DULIEU_GPG.vhd 2020/08/04.22:35:28 P.20131013
EN work/LCD_20X4_GAN_DULIEU_GPG 1597022044 \
      FL C:/Users/Admin/Documents/TT-HDL-N7-S2/VHDL/BAI_612_LCD_20X4_CLOCK_3KEY/LCD_20X4_GAN_DULIEU_GPG.vhd \
      PB ieee/std_logic_1164 1381692176 PB ieee/std_logic_arith 1381692177 \
      PB ieee/STD_LOGIC_UNSIGNED 1381692179
AR work/LCD_20X4_GAN_DULIEU_GPG/Behavioral 1597022045 \
      FL C:/Users/Admin/Documents/TT-HDL-N7-S2/VHDL/BAI_612_LCD_20X4_CLOCK_3KEY/LCD_20X4_GAN_DULIEU_GPG.vhd \
      EN work/LCD_20X4_GAN_DULIEU_GPG 1597022044
FL C:/Users/Admin/Documents/TT-HDL-N7-S2/VHDL/BAI_612_LCD_20X4_CLOCK_3KEY/LCD_20X4_KHOITAO_HIENTHI.vhd 2020/08/10.08:13:46 P.20131013
EN work/LCD_20X4_KHOITAO_HIENTHI 1597022046 \
      FL C:/Users/Admin/Documents/TT-HDL-N7-S2/VHDL/BAI_612_LCD_20X4_CLOCK_3KEY/LCD_20X4_KHOITAO_HIENTHI.vhd \
      PB ieee/std_logic_1164 1381692176 PB ieee/std_logic_arith 1381692177 \
      PB ieee/STD_LOGIC_UNSIGNED 1381692179
AR work/LCD_20X4_KHOITAO_HIENTHI/Behavioral 1597022047 \
      FL C:/Users/Admin/Documents/TT-HDL-N7-S2/VHDL/BAI_612_LCD_20X4_CLOCK_3KEY/LCD_20X4_KHOITAO_HIENTHI.vhd \
      EN work/LCD_20X4_KHOITAO_HIENTHI 1597022046
FL C:/Users/Admin/Documents/TT-HDL-N7-S2/VHDL/BAI_612_LCD_20X4_CLOCK_3KEY/XULY_MOD_DAUCHAM.vhd 2020/08/04.22:37:53 P.20131013
EN work/XULY_MOD_DAUCHAM 1597022038 \
      FL C:/Users/Admin/Documents/TT-HDL-N7-S2/VHDL/BAI_612_LCD_20X4_CLOCK_3KEY/XULY_MOD_DAUCHAM.vhd \
      PB ieee/std_logic_1164 1381692176 PB ieee/std_logic_arith 1381692177 \
      PB ieee/STD_LOGIC_UNSIGNED 1381692179
AR work/XULY_MOD_DAUCHAM/Behavioral 1597022039 \
      FL C:/Users/Admin/Documents/TT-HDL-N7-S2/VHDL/BAI_612_LCD_20X4_CLOCK_3KEY/XULY_MOD_DAUCHAM.vhd \
      EN work/XULY_MOD_DAUCHAM 1597022038
