V3 59
FL C:/Users/Admin/Documents/TT-HDL-N7-S2/VHDL/BAI_TAP_LAM_THEM_VHDL/BTVN_SO56/BTVN_SO56.vhd 2020/07/05.17:18:02 P.20131013
EN work/BTVN_SO56 1593944313 \
      FL C:/Users/Admin/Documents/TT-HDL-N7-S2/VHDL/BAI_TAP_LAM_THEM_VHDL/BTVN_SO56/BTVN_SO56.vhd \
      PB ieee/std_logic_1164 1381692176
AR work/BTVN_SO56/THAN 1593944314 \
      FL C:/Users/Admin/Documents/TT-HDL-N7-S2/VHDL/BAI_TAP_LAM_THEM_VHDL/BTVN_SO56/BTVN_SO56.vhd \
      EN work/BTVN_SO56 1593944313 CP work/DEM_1BIT_BTN CP work/DIEUKHIEN_CHOPHEP \
      CP work/CHIA_10ENA CP work/DEM_2SO CP work/LED_STD_PST_A \
      CP work/GIAIMA_HIENTHI_8LED_7DOAN
FL C:/Users/Admin/Documents/TT-HDL-N7-S2/VHDL/BAI_TAP_LAM_THEM_VHDL/BTVN_SO56/CD_LAM_HEP_BTN.vhd 2020/06/01.11:01:58 P.20131013
EN work/CD_LAM_HEP_BTN 1593944297 \
      FL C:/Users/Admin/Documents/TT-HDL-N7-S2/VHDL/BAI_TAP_LAM_THEM_VHDL/BTVN_SO56/CD_LAM_HEP_BTN.vhd \
      PB ieee/std_logic_1164 1381692176
AR work/CD_LAM_HEP_BTN/Behavioral 1593944298 \
      FL C:/Users/Admin/Documents/TT-HDL-N7-S2/VHDL/BAI_TAP_LAM_THEM_VHDL/BTVN_SO56/CD_LAM_HEP_BTN.vhd \
      EN work/CD_LAM_HEP_BTN 1593944297 CP work/DEBOUNCE_BTN CP work/LAM_HEP_XUNG
FL C:/Users/Admin/Documents/TT-HDL-N7-S2/VHDL/BAI_TAP_LAM_THEM_VHDL/BTVN_SO56/CHIA_10ENA.vhd 2020/07/05.16:52:55 P.20131013
EN work/CHIA_10ENA 1593944305 \
      FL C:/Users/Admin/Documents/TT-HDL-N7-S2/VHDL/BAI_TAP_LAM_THEM_VHDL/BTVN_SO56/CHIA_10ENA.vhd \
      PB ieee/std_logic_1164 1381692176 PB ieee/std_logic_arith 1381692177
AR work/CHIA_10ENA/Behavioral 1593944306 \
      FL C:/Users/Admin/Documents/TT-HDL-N7-S2/VHDL/BAI_TAP_LAM_THEM_VHDL/BTVN_SO56/CHIA_10ENA.vhd \
      EN work/CHIA_10ENA 1593944305
FL C:/Users/Admin/Documents/TT-HDL-N7-S2/VHDL/BAI_TAP_LAM_THEM_VHDL/BTVN_SO56/DAHOP_8KENH.vhd 2019/10/24.15:57:15 P.20131013
EN work/DAHOP_8KENH 1593944293 \
      FL C:/Users/Admin/Documents/TT-HDL-N7-S2/VHDL/BAI_TAP_LAM_THEM_VHDL/BTVN_SO56/DAHOP_8KENH.vhd \
      PB ieee/std_logic_1164 1381692176 PB ieee/std_logic_arith 1381692177 \
      PB ieee/STD_LOGIC_UNSIGNED 1381692179
AR work/DAHOP_8KENH/Behavioral 1593944294 \
      FL C:/Users/Admin/Documents/TT-HDL-N7-S2/VHDL/BAI_TAP_LAM_THEM_VHDL/BTVN_SO56/DAHOP_8KENH.vhd \
      EN work/DAHOP_8KENH 1593944293
FL C:/Users/Admin/Documents/TT-HDL-N7-S2/VHDL/BAI_TAP_LAM_THEM_VHDL/BTVN_SO56/DEBOUNCE_BTN.vhd 2020/06/01.09:39:59 P.20131013
EN work/DEBOUNCE_BTN 1593944285 \
      FL C:/Users/Admin/Documents/TT-HDL-N7-S2/VHDL/BAI_TAP_LAM_THEM_VHDL/BTVN_SO56/DEBOUNCE_BTN.vhd \
      PB ieee/std_logic_1164 1381692176 PB ieee/std_logic_arith 1381692177 \
      PB ieee/STD_LOGIC_UNSIGNED 1381692179
AR work/DEBOUNCE_BTN/Behavioral 1593944286 \
      FL C:/Users/Admin/Documents/TT-HDL-N7-S2/VHDL/BAI_TAP_LAM_THEM_VHDL/BTVN_SO56/DEBOUNCE_BTN.vhd \
      EN work/DEBOUNCE_BTN 1593944285
FL C:/Users/Admin/Documents/TT-HDL-N7-S2/VHDL/BAI_TAP_LAM_THEM_VHDL/BTVN_SO56/DEM_1BIT.vhd 2020/07/05.16:53:19 P.20131013
EN work/DEM_1BIT 1593944299 \
      FL C:/Users/Admin/Documents/TT-HDL-N7-S2/VHDL/BAI_TAP_LAM_THEM_VHDL/BTVN_SO56/DEM_1BIT.vhd \
      PB ieee/std_logic_1164 1381692176 PB ieee/std_logic_arith 1381692177 \
      PB ieee/STD_LOGIC_UNSIGNED 1381692179
AR work/DEM_1BIT/Behavioral 1593944300 \
      FL C:/Users/Admin/Documents/TT-HDL-N7-S2/VHDL/BAI_TAP_LAM_THEM_VHDL/BTVN_SO56/DEM_1BIT.vhd \
      EN work/DEM_1BIT 1593944299
FL C:/Users/Admin/Documents/TT-HDL-N7-S2/VHDL/BAI_TAP_LAM_THEM_VHDL/BTVN_SO56/DEM_1BIT_BTN.vhd 2020/06/01.11:01:58 P.20131013
EN work/DEM_1BIT_BTN 1593944301 \
      FL C:/Users/Admin/Documents/TT-HDL-N7-S2/VHDL/BAI_TAP_LAM_THEM_VHDL/BTVN_SO56/DEM_1BIT_BTN.vhd \
      PB ieee/std_logic_1164 1381692176
AR work/DEM_1BIT_BTN/Behavioral 1593944302 \
      FL C:/Users/Admin/Documents/TT-HDL-N7-S2/VHDL/BAI_TAP_LAM_THEM_VHDL/BTVN_SO56/DEM_1BIT_BTN.vhd \
      EN work/DEM_1BIT_BTN 1593944301 CP work/CD_LAM_HEP_BTN CP work/DEM_1BIT
FL C:/Users/Admin/Documents/TT-HDL-N7-S2/VHDL/BAI_TAP_LAM_THEM_VHDL/BTVN_SO56/DEM_2SO.vhd 2020/07/05.17:18:02 P.20131013
EN work/DEM_2SO 1593944307 \
      FL C:/Users/Admin/Documents/TT-HDL-N7-S2/VHDL/BAI_TAP_LAM_THEM_VHDL/BTVN_SO56/DEM_2SO.vhd \
      PB ieee/std_logic_1164 1381692176 PB ieee/std_logic_arith 1381692177 \
      PB ieee/STD_LOGIC_UNSIGNED 1381692179
AR work/DEM_2SO/THAN 1593944308 \
      FL C:/Users/Admin/Documents/TT-HDL-N7-S2/VHDL/BAI_TAP_LAM_THEM_VHDL/BTVN_SO56/DEM_2SO.vhd \
      EN work/DEM_2SO 1593944307
FL C:/Users/Admin/Documents/TT-HDL-N7-S2/VHDL/BAI_TAP_LAM_THEM_VHDL/BTVN_SO56/DEM_3BIT_CHON_8KENH.vhd 2019/10/23.19:51:28 P.20131013
EN work/DEM_3BIT_CHON_8KENH 1593944289 \
      FL C:/Users/Admin/Documents/TT-HDL-N7-S2/VHDL/BAI_TAP_LAM_THEM_VHDL/BTVN_SO56/DEM_3BIT_CHON_8KENH.vhd \
      PB ieee/std_logic_1164 1381692176 PB ieee/std_logic_arith 1381692177 \
      PB ieee/STD_LOGIC_UNSIGNED 1381692179
AR work/DEM_3BIT_CHON_8KENH/Behavioral 1593944290 \
      FL C:/Users/Admin/Documents/TT-HDL-N7-S2/VHDL/BAI_TAP_LAM_THEM_VHDL/BTVN_SO56/DEM_3BIT_CHON_8KENH.vhd \
      EN work/DEM_3BIT_CHON_8KENH 1593944289
FL C:/Users/Admin/Documents/TT-HDL-N7-S2/VHDL/BAI_TAP_LAM_THEM_VHDL/BTVN_SO56/DIEUKHIEN_CHOPHEP.vhd 2020/07/05.16:52:55 P.20131013
EN work/DIEUKHIEN_CHOPHEP 1593944303 \
      FL C:/Users/Admin/Documents/TT-HDL-N7-S2/VHDL/BAI_TAP_LAM_THEM_VHDL/BTVN_SO56/DIEUKHIEN_CHOPHEP.vhd \
      PB ieee/std_logic_1164 1381692176
AR work/DIEUKHIEN_CHOPHEP/Behavioral 1593944304 \
      FL C:/Users/Admin/Documents/TT-HDL-N7-S2/VHDL/BAI_TAP_LAM_THEM_VHDL/BTVN_SO56/DIEUKHIEN_CHOPHEP.vhd \
      EN work/DIEUKHIEN_CHOPHEP 1593944303
FL C:/Users/Admin/Documents/TT-HDL-N7-S2/VHDL/BAI_TAP_LAM_THEM_VHDL/BTVN_SO56/GIAIMA_7DOAN_ENA.vhd 2019/10/23.19:26:51 P.20131013
EN work/GIAIMA_7DOAN_ENA 1593944295 \
      FL C:/Users/Admin/Documents/TT-HDL-N7-S2/VHDL/BAI_TAP_LAM_THEM_VHDL/BTVN_SO56/GIAIMA_7DOAN_ENA.vhd \
      PB ieee/std_logic_1164 1381692176 PB ieee/std_logic_arith 1381692177 \
      PB ieee/STD_LOGIC_UNSIGNED 1381692179
AR work/GIAIMA_7DOAN_ENA/Behavioral 1593944296 \
      FL C:/Users/Admin/Documents/TT-HDL-N7-S2/VHDL/BAI_TAP_LAM_THEM_VHDL/BTVN_SO56/GIAIMA_7DOAN_ENA.vhd \
      EN work/GIAIMA_7DOAN_ENA 1593944295
FL C:/Users/Admin/Documents/TT-HDL-N7-S2/VHDL/BAI_TAP_LAM_THEM_VHDL/BTVN_SO56/GIAIMA_HIENTHI_8LED_7DOAN.vhd 2019/10/23.19:19:42 P.20131013
EN work/GIAIMA_HIENTHI_8LED_7DOAN 1593944311 \
      FL C:/Users/Admin/Documents/TT-HDL-N7-S2/VHDL/BAI_TAP_LAM_THEM_VHDL/BTVN_SO56/GIAIMA_HIENTHI_8LED_7DOAN.vhd \
      PB ieee/std_logic_1164 1381692176 PB ieee/std_logic_arith 1381692177 \
      PB ieee/STD_LOGIC_UNSIGNED 1381692179
AR work/GIAIMA_HIENTHI_8LED_7DOAN/Behavioral 1593944312 \
      FL C:/Users/Admin/Documents/TT-HDL-N7-S2/VHDL/BAI_TAP_LAM_THEM_VHDL/BTVN_SO56/GIAIMA_HIENTHI_8LED_7DOAN.vhd \
      EN work/GIAIMA_HIENTHI_8LED_7DOAN 1593944311 CP work/DEM_3BIT_CHON_8KENH \
      CP work/QUET_ANODE_8LED_7DOAN CP work/DAHOP_8KENH CP work/GIAIMA_7DOAN_ENA
FL C:/Users/Admin/Documents/TT-HDL-N7-S2/VHDL/BAI_TAP_LAM_THEM_VHDL/BTVN_SO56/LAM_HEP_XUNG.vhd 2020/06/01.09:39:59 P.20131013
EN work/LAM_HEP_XUNG 1593944287 \
      FL C:/Users/Admin/Documents/TT-HDL-N7-S2/VHDL/BAI_TAP_LAM_THEM_VHDL/BTVN_SO56/LAM_HEP_XUNG.vhd \
      PB ieee/std_logic_1164 1381692176
AR work/LAM_HEP_XUNG/Behavioral 1593944288 \
      FL C:/Users/Admin/Documents/TT-HDL-N7-S2/VHDL/BAI_TAP_LAM_THEM_VHDL/BTVN_SO56/LAM_HEP_XUNG.vhd \
      EN work/LAM_HEP_XUNG 1593944287
FL C:/Users/Admin/Documents/TT-HDL-N7-S2/VHDL/BAI_TAP_LAM_THEM_VHDL/BTVN_SO56/LED_STD_PST_A.vhd 2020/07/05.16:52:55 P.20131013
EN work/LED_STD_PST_A 1593944309 \
      FL C:/Users/Admin/Documents/TT-HDL-N7-S2/VHDL/BAI_TAP_LAM_THEM_VHDL/BTVN_SO56/LED_STD_PST_A.vhd \
      PB ieee/std_logic_1164 1381692176 PB ieee/std_logic_arith 1381692177 \
      PB ieee/STD_LOGIC_UNSIGNED 1381692179
AR work/LED_STD_PST_A/THAN 1593944310 \
      FL C:/Users/Admin/Documents/TT-HDL-N7-S2/VHDL/BAI_TAP_LAM_THEM_VHDL/BTVN_SO56/LED_STD_PST_A.vhd \
      EN work/LED_STD_PST_A 1593944309
FL C:/Users/Admin/Documents/TT-HDL-N7-S2/VHDL/BAI_TAP_LAM_THEM_VHDL/BTVN_SO56/QUET_ANODE_8LED_7DOAN.vhd 2019/10/24.15:59:01 P.20131013
EN work/QUET_ANODE_8LED_7DOAN 1593944291 \
      FL C:/Users/Admin/Documents/TT-HDL-N7-S2/VHDL/BAI_TAP_LAM_THEM_VHDL/BTVN_SO56/QUET_ANODE_8LED_7DOAN.vhd \
      PB ieee/std_logic_1164 1381692176 PB ieee/std_logic_arith 1381692177 \
      PB ieee/STD_LOGIC_UNSIGNED 1381692179
AR work/QUET_ANODE_8LED_7DOAN/Behavioral 1593944292 \
      FL C:/Users/Admin/Documents/TT-HDL-N7-S2/VHDL/BAI_TAP_LAM_THEM_VHDL/BTVN_SO56/QUET_ANODE_8LED_7DOAN.vhd \
      EN work/QUET_ANODE_8LED_7DOAN 1593944291
