V3 11
FL C:/Users/Admin/Documents/TT-HDL-N7-S2/BAI_422_DEM_NHI_PHAN_8BIT/CHIA_10ENA.vhd 2020/05/22.17:03:27 P.20131013
EN work/CHIA_10ENA 1590141810 \
      FL C:/Users/Admin/Documents/TT-HDL-N7-S2/BAI_422_DEM_NHI_PHAN_8BIT/CHIA_10ENA.vhd \
      PB ieee/std_logic_1164 1381692176 PB ieee/std_logic_arith 1381692177
AR work/CHIA_10ENA/Behavioral 1590141811 \
      FL C:/Users/Admin/Documents/TT-HDL-N7-S2/BAI_422_DEM_NHI_PHAN_8BIT/CHIA_10ENA.vhd \
      EN work/CHIA_10ENA 1590141810
FL C:/Users/Admin/Documents/TT-HDL-N7-S2/BAI_422_DEM_NHI_PHAN_8BIT/DEM_8BIT.vhd 2020/05/22.17:02:51 P.20131013
EN work/DEM_8BIT 1590141812 \
      FL C:/Users/Admin/Documents/TT-HDL-N7-S2/BAI_422_DEM_NHI_PHAN_8BIT/DEM_8BIT.vhd \
      PB ieee/std_logic_1164 1381692176 PB ieee/std_logic_arith 1381692177 \
      PB ieee/STD_LOGIC_UNSIGNED 1381692179
AR work/DEM_8BIT/Behavioral 1590141813 \
      FL C:/Users/Admin/Documents/TT-HDL-N7-S2/BAI_422_DEM_NHI_PHAN_8BIT/DEM_8BIT.vhd \
      EN work/DEM_8BIT 1590141812
FL C:/Users/Admin/Documents/TT-HDL-N7-S2/BAI_422_DEM_NHI_PHAN_8BIT/DEM_NHI_PHAN_8BIT.vhd 2020/05/22.17:02:51 P.20131013
EN work/DEM_NHI_PHAN_8BIT 1590141814 \
      FL C:/Users/Admin/Documents/TT-HDL-N7-S2/BAI_422_DEM_NHI_PHAN_8BIT/DEM_NHI_PHAN_8BIT.vhd \
      PB ieee/std_logic_1164 1381692176
AR work/DEM_NHI_PHAN_8BIT/Behavioral 1590141815 \
      FL C:/Users/Admin/Documents/TT-HDL-N7-S2/BAI_422_DEM_NHI_PHAN_8BIT/DEM_NHI_PHAN_8BIT.vhd \
      EN work/DEM_NHI_PHAN_8BIT 1590141814 CP work/CHIA_10ENA CP work/DEM_8BIT
