EN xoa_so_0_vn NULL C:/Users/TOSHIBA/Documents/TT_Xilinx/TTTKVMS_CHIEU_T5_NHOM_2/BAI_532_DEM_NHI_PHAN_0_999_HT_7DOAN/XOA_SO_0_VN.vhd sub00/vhpl08 1575310451
AR dem_10bit behavioral C:/Users/TOSHIBA/Documents/TT_Xilinx/TTTKVMS_CHIEU_T5_NHOM_2/BAI_532_DEM_NHI_PHAN_0_999_HT_7DOAN/DEM_10BIT.vhd sub00/vhpl13 1575310456
AR chia_10ena behavioral C:/Users/TOSHIBA/Documents/TT_Xilinx/TTTKVMS_CHIEU_T5_NHOM_2/BAI_532_DEM_NHI_PHAN_0_999_HT_7DOAN/CHIA_10ENA.vhd sub00/vhpl11 1575310454
AR hextobcd_10bit behavioral C:/Users/TOSHIBA/Documents/TT_Xilinx/TTTKVMS_CHIEU_T5_NHOM_2/BAI_532_DEM_NHI_PHAN_0_999_HT_7DOAN/HEXTOBCD_10BIT.vhd sub00/vhpl15 1575310458
EN hextobcd_10bit NULL C:/Users/TOSHIBA/Documents/TT_Xilinx/TTTKVMS_CHIEU_T5_NHOM_2/BAI_532_DEM_NHI_PHAN_0_999_HT_7DOAN/HEXTOBCD_10BIT.vhd sub00/vhpl14 1575310457
AR xoa_so_0_vn behavioral C:/Users/TOSHIBA/Documents/TT_Xilinx/TTTKVMS_CHIEU_T5_NHOM_2/BAI_532_DEM_NHI_PHAN_0_999_HT_7DOAN/XOA_SO_0_VN.vhd sub00/vhpl09 1575310452
EN quet_anode_8led_7doan NULL C:/Users/TOSHIBA/Documents/TT_Xilinx/TTTKVMS_CHIEU_T5_NHOM_2/BAI_532_DEM_NHI_PHAN_0_999_HT_7DOAN/QUET_ANODE_8LED_7DOAN.vhd sub00/vhpl02 1575310445
EN dem_nhi_phan_0_999_ht_7doan NULL C:/Users/TOSHIBA/Documents/TT_Xilinx/TTTKVMS_CHIEU_T5_NHOM_2/BAI_532_DEM_NHI_PHAN_0_999_HT_7DOAN/DEM_NHI_PHAN_0_999_HT_7DOAN.vhd sub00/vhpl18 1575310461
EN giaima_hienthi_8led_7doan NULL C:/Users/TOSHIBA/Documents/TT_Xilinx/TTTKVMS_CHIEU_T5_NHOM_2/BAI_532_DEM_NHI_PHAN_0_999_HT_7DOAN/GIAIMA_HIENTHI_8LED_7DOAN.vhd sub00/vhpl16 1575310459
AR dem_nhi_phan_0_999_ht_7doan behavioral C:/Users/TOSHIBA/Documents/TT_Xilinx/TTTKVMS_CHIEU_T5_NHOM_2/BAI_532_DEM_NHI_PHAN_0_999_HT_7DOAN/DEM_NHI_PHAN_0_999_HT_7DOAN.vhd sub00/vhpl19 1575310462
AR giaima_7doan_ena behavioral C:/Users/TOSHIBA/Documents/TT_Xilinx/TTTKVMS_CHIEU_T5_NHOM_2/BAI_532_DEM_NHI_PHAN_0_999_HT_7DOAN/GIAIMA_7DOAN_ENA.vhd sub00/vhpl07 1575310450
EN dem_3bit_chon_8kenh NULL C:/Users/TOSHIBA/Documents/TT_Xilinx/TTTKVMS_CHIEU_T5_NHOM_2/BAI_532_DEM_NHI_PHAN_0_999_HT_7DOAN/DEM_3BIT_CHON_8KENH.vhd sub00/vhpl00 1575310443
AR giaima_hienthi_8led_7doan behavioral C:/Users/TOSHIBA/Documents/TT_Xilinx/TTTKVMS_CHIEU_T5_NHOM_2/BAI_532_DEM_NHI_PHAN_0_999_HT_7DOAN/GIAIMA_HIENTHI_8LED_7DOAN.vhd sub00/vhpl17 1575310460
EN dahop_8kenh NULL C:/Users/TOSHIBA/Documents/TT_Xilinx/TTTKVMS_CHIEU_T5_NHOM_2/BAI_532_DEM_NHI_PHAN_0_999_HT_7DOAN/DAHOP_8KENH.vhd sub00/vhpl04 1575310447
EN giaima_7doan_ena NULL C:/Users/TOSHIBA/Documents/TT_Xilinx/TTTKVMS_CHIEU_T5_NHOM_2/BAI_532_DEM_NHI_PHAN_0_999_HT_7DOAN/GIAIMA_7DOAN_ENA.vhd sub00/vhpl06 1575310449
AR dem_3bit_chon_8kenh behavioral C:/Users/TOSHIBA/Documents/TT_Xilinx/TTTKVMS_CHIEU_T5_NHOM_2/BAI_532_DEM_NHI_PHAN_0_999_HT_7DOAN/DEM_3BIT_CHON_8KENH.vhd sub00/vhpl01 1575310444
AR quet_anode_8led_7doan behavioral C:/Users/TOSHIBA/Documents/TT_Xilinx/TTTKVMS_CHIEU_T5_NHOM_2/BAI_532_DEM_NHI_PHAN_0_999_HT_7DOAN/QUET_ANODE_8LED_7DOAN.vhd sub00/vhpl03 1575310446
AR dahop_8kenh behavioral C:/Users/TOSHIBA/Documents/TT_Xilinx/TTTKVMS_CHIEU_T5_NHOM_2/BAI_532_DEM_NHI_PHAN_0_999_HT_7DOAN/DAHOP_8KENH.vhd sub00/vhpl05 1575310448
EN chia_10ena NULL C:/Users/TOSHIBA/Documents/TT_Xilinx/TTTKVMS_CHIEU_T5_NHOM_2/BAI_532_DEM_NHI_PHAN_0_999_HT_7DOAN/CHIA_10ENA.vhd sub00/vhpl10 1575310453
EN dem_10bit NULL C:/Users/TOSHIBA/Documents/TT_Xilinx/TTTKVMS_CHIEU_T5_NHOM_2/BAI_532_DEM_NHI_PHAN_0_999_HT_7DOAN/DEM_10BIT.vhd sub00/vhpl12 1575310455
