EN sangtangdan_btn NULL C:/Users/TOSHIBA/Documents/TT_Xilinx/TTTKVMS_CHIEU_T5_NHOM_2/BAI_453_SANGTANGDAN_BTN/SANGTANGDAN_BTN.vhd sub00/vhpl08 1571291924
AR debounce_btn behavioral C:/Users/TOSHIBA/Documents/TT_Xilinx/TTTKVMS_CHIEU_T5_NHOM_2/BAI_453_SANGTANGDAN_BTN/DEBOUNCE_BTN.vhd sub00/vhpl01 1571291917
AR lam_hep_xung behavioral C:/Users/TOSHIBA/Documents/TT_Xilinx/TTTKVMS_CHIEU_T5_NHOM_2/BAI_453_SANGTANGDAN_BTN/LAM_HEP_XUNG.vhd sub00/vhpl03 1571291919
AR led_std_pst behavioral C:/Users/TOSHIBA/Documents/TT_Xilinx/TTTKVMS_CHIEU_T5_NHOM_2/BAI_453_SANGTANGDAN_BTN/LED_STD_PST.vhd sub00/vhpl07 1571291923
EN debounce_btn NULL C:/Users/TOSHIBA/Documents/TT_Xilinx/TTTKVMS_CHIEU_T5_NHOM_2/BAI_453_SANGTANGDAN_BTN/DEBOUNCE_BTN.vhd sub00/vhpl00 1571291916
AR sangtangdan_btn behavioral C:/Users/TOSHIBA/Documents/TT_Xilinx/TTTKVMS_CHIEU_T5_NHOM_2/BAI_453_SANGTANGDAN_BTN/SANGTANGDAN_BTN.vhd sub00/vhpl09 1571291925
EN led_std_pst NULL C:/Users/TOSHIBA/Documents/TT_Xilinx/TTTKVMS_CHIEU_T5_NHOM_2/BAI_453_SANGTANGDAN_BTN/LED_STD_PST.vhd sub00/vhpl06 1571291922
AR cd_lam_hep_btn behavioral C:/Users/TOSHIBA/Documents/TT_Xilinx/TTTKVMS_CHIEU_T5_NHOM_2/BAI_453_SANGTANGDAN_BTN/CD_LAM_HEP_BTN.vhd sub00/vhpl05 1571291921
EN lam_hep_xung NULL C:/Users/TOSHIBA/Documents/TT_Xilinx/TTTKVMS_CHIEU_T5_NHOM_2/BAI_453_SANGTANGDAN_BTN/LAM_HEP_XUNG.vhd sub00/vhpl02 1571291918
EN cd_lam_hep_btn NULL C:/Users/TOSHIBA/Documents/TT_Xilinx/TTTKVMS_CHIEU_T5_NHOM_2/BAI_453_SANGTANGDAN_BTN/CD_LAM_HEP_BTN.vhd sub00/vhpl04 1571291920
