V3 19
FL C:/Users/TOSHIBA/Documents/TT_Xilinx/TTTKVMS_CHIEU_T5_NHOM_2/BAI_453_SANGTANGDAN_BTN/CD_LAM_HEP_BTN.vhd 2019/09/29.21:17:37 P.20131013
EN work/CD_LAM_HEP_BTN 1571291920 \
      FL C:/Users/TOSHIBA/Documents/TT_Xilinx/TTTKVMS_CHIEU_T5_NHOM_2/BAI_453_SANGTANGDAN_BTN/CD_LAM_HEP_BTN.vhd \
      PB ieee/std_logic_1164 1381692176 PB ieee/std_logic_arith 1381692177 \
      PB ieee/STD_LOGIC_UNSIGNED 1381692179
AR work/CD_LAM_HEP_BTN/Behavioral 1571291921 \
      FL C:/Users/TOSHIBA/Documents/TT_Xilinx/TTTKVMS_CHIEU_T5_NHOM_2/BAI_453_SANGTANGDAN_BTN/CD_LAM_HEP_BTN.vhd \
      EN work/CD_LAM_HEP_BTN 1571291920 CP work/DEBOUNCE_BTN CP work/LAM_HEP_XUNG
FL C:/Users/TOSHIBA/Documents/TT_Xilinx/TTTKVMS_CHIEU_T5_NHOM_2/BAI_453_SANGTANGDAN_BTN/DEBOUNCE_BTN.vhd 2019/09/26.16:26:59 P.20131013
EN work/DEBOUNCE_BTN 1571291916 \
      FL C:/Users/TOSHIBA/Documents/TT_Xilinx/TTTKVMS_CHIEU_T5_NHOM_2/BAI_453_SANGTANGDAN_BTN/DEBOUNCE_BTN.vhd \
      PB ieee/std_logic_1164 1381692176 PB ieee/std_logic_arith 1381692177 \
      PB ieee/STD_LOGIC_UNSIGNED 1381692179
AR work/DEBOUNCE_BTN/Behavioral 1571291917 \
      FL C:/Users/TOSHIBA/Documents/TT_Xilinx/TTTKVMS_CHIEU_T5_NHOM_2/BAI_453_SANGTANGDAN_BTN/DEBOUNCE_BTN.vhd \
      EN work/DEBOUNCE_BTN 1571291916
FL C:/Users/TOSHIBA/Documents/TT_Xilinx/TTTKVMS_CHIEU_T5_NHOM_2/BAI_453_SANGTANGDAN_BTN/LAM_HEP_XUNG.vhd 2019/09/26.16:27:26 P.20131013
EN work/LAM_HEP_XUNG 1571291918 \
      FL C:/Users/TOSHIBA/Documents/TT_Xilinx/TTTKVMS_CHIEU_T5_NHOM_2/BAI_453_SANGTANGDAN_BTN/LAM_HEP_XUNG.vhd \
      PB ieee/std_logic_1164 1381692176 PB ieee/std_logic_arith 1381692177 \
      PB ieee/STD_LOGIC_UNSIGNED 1381692179
AR work/LAM_HEP_XUNG/Behavioral 1571291919 \
      FL C:/Users/TOSHIBA/Documents/TT_Xilinx/TTTKVMS_CHIEU_T5_NHOM_2/BAI_453_SANGTANGDAN_BTN/LAM_HEP_XUNG.vhd \
      EN work/LAM_HEP_XUNG 1571291918
FL C:/Users/TOSHIBA/Documents/TT_Xilinx/TTTKVMS_CHIEU_T5_NHOM_2/BAI_453_SANGTANGDAN_BTN/LED_STD_PST.vhd 2019/10/02.00:18:16 P.20131013
EN work/LED_STD_PST 1571291922 \
      FL C:/Users/TOSHIBA/Documents/TT_Xilinx/TTTKVMS_CHIEU_T5_NHOM_2/BAI_453_SANGTANGDAN_BTN/LED_STD_PST.vhd \
      PB ieee/std_logic_1164 1381692176 PB ieee/std_logic_arith 1381692177 \
      PB ieee/STD_LOGIC_UNSIGNED 1381692179
AR work/LED_STD_PST/Behavioral 1571291923 \
      FL C:/Users/TOSHIBA/Documents/TT_Xilinx/TTTKVMS_CHIEU_T5_NHOM_2/BAI_453_SANGTANGDAN_BTN/LED_STD_PST.vhd \
      EN work/LED_STD_PST 1571291922
FL C:/Users/TOSHIBA/Documents/TT_Xilinx/TTTKVMS_CHIEU_T5_NHOM_2/BAI_453_SANGTANGDAN_BTN/SANGTANGDAN_BTN.vhd 2019/10/17.12:57:52 P.20131013
EN work/SANGTANGDAN_BTN 1571291924 \
      FL C:/Users/TOSHIBA/Documents/TT_Xilinx/TTTKVMS_CHIEU_T5_NHOM_2/BAI_453_SANGTANGDAN_BTN/SANGTANGDAN_BTN.vhd \
      PB ieee/std_logic_1164 1381692176 PB ieee/std_logic_arith 1381692177 \
      PB ieee/STD_LOGIC_UNSIGNED 1381692179
AR work/SANGTANGDAN_BTN/Behavioral 1571291925 \
      FL C:/Users/TOSHIBA/Documents/TT_Xilinx/TTTKVMS_CHIEU_T5_NHOM_2/BAI_453_SANGTANGDAN_BTN/SANGTANGDAN_BTN.vhd \
      EN work/SANGTANGDAN_BTN 1571291924 CP work/CD_LAM_HEP_BTN \
      CP work/LED_STD_PST
